Archive member included because of file (symbol)

c:/altera/13.1/nios2eds/bin/gnu/h-i686-mingw32/bin/../lib/gcc/nios2-elf/4.7.3\libgcc.a(lib2-divmod.o)
                              obj/default/Net_szyfr.o (__modsi3)
c:/altera/13.1/nios2eds/bin/gnu/h-i686-mingw32/bin/../lib/gcc/nios2-elf/4.7.3/../../../../../H-i686-mingw32/nios2-elf/lib\libc.a(lib_a-printf.o)
                              obj/default/Net_szyfr.o (printf)
c:/altera/13.1/nios2eds/bin/gnu/h-i686-mingw32/bin/../lib/gcc/nios2-elf/4.7.3/../../../../../H-i686-mingw32/nios2-elf/lib\libc.a(lib_a-putchar.o)
                              obj/default/Net_szyfr.o (putchar)
c:/altera/13.1/nios2eds/bin/gnu/h-i686-mingw32/bin/../lib/gcc/nios2-elf/4.7.3/../../../../../H-i686-mingw32/nios2-elf/lib\libc.a(lib_a-puts.o)
                              obj/default/Net_szyfr.o (puts)
c:/altera/13.1/nios2eds/bin/gnu/h-i686-mingw32/bin/../lib/gcc/nios2-elf/4.7.3/../../../../../H-i686-mingw32/nios2-elf/lib\libc.a(lib_a-scanf.o)
                              obj/default/Net_szyfr.o (scanf)
c:/altera/13.1/nios2eds/bin/gnu/h-i686-mingw32/bin/../lib/gcc/nios2-elf/4.7.3/../../../../../H-i686-mingw32/nios2-elf/lib\libc.a(lib_a-strlen.o)
                              c:/altera/13.1/nios2eds/bin/gnu/h-i686-mingw32/bin/../lib/gcc/nios2-elf/4.7.3/../../../../../H-i686-mingw32/nios2-elf/lib\libc.a(lib_a-puts.o) (strlen)
c:/altera/13.1/nios2eds/bin/gnu/h-i686-mingw32/bin/../lib/gcc/nios2-elf/4.7.3/../../../../../H-i686-mingw32/nios2-elf/lib\libc.a(lib_a-vfprintf.o)
                              c:/altera/13.1/nios2eds/bin/gnu/h-i686-mingw32/bin/../lib/gcc/nios2-elf/4.7.3/../../../../../H-i686-mingw32/nios2-elf/lib\libc.a(lib_a-printf.o) (___vfprintf_internal_r)
c:/altera/13.1/nios2eds/bin/gnu/h-i686-mingw32/bin/../lib/gcc/nios2-elf/4.7.3/../../../../../H-i686-mingw32/nios2-elf/lib\libc.a(lib_a-vfscanf.o)
                              c:/altera/13.1/nios2eds/bin/gnu/h-i686-mingw32/bin/../lib/gcc/nios2-elf/4.7.3/../../../../../H-i686-mingw32/nios2-elf/lib\libc.a(lib_a-scanf.o) (__svfscanf_r)
c:/altera/13.1/nios2eds/bin/gnu/h-i686-mingw32/bin/../lib/gcc/nios2-elf/4.7.3/../../../../../H-i686-mingw32/nios2-elf/lib\libc.a(lib_a-wsetup.o)
                              c:/altera/13.1/nios2eds/bin/gnu/h-i686-mingw32/bin/../lib/gcc/nios2-elf/4.7.3/../../../../../H-i686-mingw32/nios2-elf/lib\libc.a(lib_a-vfprintf.o) (__swsetup_r)
c:/altera/13.1/nios2eds/bin/gnu/h-i686-mingw32/bin/../lib/gcc/nios2-elf/4.7.3/../../../../../H-i686-mingw32/nios2-elf/lib\libc.a(lib_a-ctype_.o)
                              c:/altera/13.1/nios2eds/bin/gnu/h-i686-mingw32/bin/../lib/gcc/nios2-elf/4.7.3/../../../../../H-i686-mingw32/nios2-elf/lib\libc.a(lib_a-vfscanf.o) (__ctype_ptr)
c:/altera/13.1/nios2eds/bin/gnu/h-i686-mingw32/bin/../lib/gcc/nios2-elf/4.7.3/../../../../../H-i686-mingw32/nios2-elf/lib\libc.a(lib_a-dtoa.o)
                              c:/altera/13.1/nios2eds/bin/gnu/h-i686-mingw32/bin/../lib/gcc/nios2-elf/4.7.3/../../../../../H-i686-mingw32/nios2-elf/lib\libc.a(lib_a-vfprintf.o) (_dtoa_r)
c:/altera/13.1/nios2eds/bin/gnu/h-i686-mingw32/bin/../lib/gcc/nios2-elf/4.7.3/../../../../../H-i686-mingw32/nios2-elf/lib\libc.a(lib_a-fflush.o)
                              c:/altera/13.1/nios2eds/bin/gnu/h-i686-mingw32/bin/../lib/gcc/nios2-elf/4.7.3/../../../../../H-i686-mingw32/nios2-elf/lib\libc.a(lib_a-vfprintf.o) (_fflush_r)
c:/altera/13.1/nios2eds/bin/gnu/h-i686-mingw32/bin/../lib/gcc/nios2-elf/4.7.3/../../../../../H-i686-mingw32/nios2-elf/lib\libc.a(lib_a-findfp.o)
                              c:/altera/13.1/nios2eds/bin/gnu/h-i686-mingw32/bin/../lib/gcc/nios2-elf/4.7.3/../../../../../H-i686-mingw32/nios2-elf/lib\libc.a(lib_a-vfprintf.o) (__sinit)
c:/altera/13.1/nios2eds/bin/gnu/h-i686-mingw32/bin/../lib/gcc/nios2-elf/4.7.3/../../../../../H-i686-mingw32/nios2-elf/lib\libc.a(lib_a-fread.o)
                              c:/altera/13.1/nios2eds/bin/gnu/h-i686-mingw32/bin/../lib/gcc/nios2-elf/4.7.3/../../../../../H-i686-mingw32/nios2-elf/lib\libc.a(lib_a-vfscanf.o) (fread)
c:/altera/13.1/nios2eds/bin/gnu/h-i686-mingw32/bin/../lib/gcc/nios2-elf/4.7.3/../../../../../H-i686-mingw32/nios2-elf/lib\libc.a(lib_a-freer.o)
                              c:/altera/13.1/nios2eds/bin/gnu/h-i686-mingw32/bin/../lib/gcc/nios2-elf/4.7.3/../../../../../H-i686-mingw32/nios2-elf/lib\libc.a(lib_a-wsetup.o) (_free_r)
c:/altera/13.1/nios2eds/bin/gnu/h-i686-mingw32/bin/../lib/gcc/nios2-elf/4.7.3/../../../../../H-i686-mingw32/nios2-elf/lib\libc.a(lib_a-fvwrite.o)
                              c:/altera/13.1/nios2eds/bin/gnu/h-i686-mingw32/bin/../lib/gcc/nios2-elf/4.7.3/../../../../../H-i686-mingw32/nios2-elf/lib\libc.a(lib_a-puts.o) (__sfvwrite_r)
c:/altera/13.1/nios2eds/bin/gnu/h-i686-mingw32/bin/../lib/gcc/nios2-elf/4.7.3/../../../../../H-i686-mingw32/nios2-elf/lib\libc.a(lib_a-fwalk.o)
[...]
Memory Configuration

Name             Origin             Length             Attributes
reset            0x00080000         0x00000020
main_memory      0x00080020         0x0004afe0
descriptor_memory1 0x00100000         0x00001000
descriptor_memory 0x00101000         0x00001000
*default*        0x00000000         0xffffffff

Linker script and memory map

LOAD ../../Desktop/Repozytorium/SzyfratorCopy/Szyfrator_v2/software/Sztfrator_NET_BSP/obj/HAL/src/crt0.o
LOAD obj/default/Net_szyfr.o
LOAD c:/altera/13.1/nios2eds/bin/gnu/h-i686-mingw32/bin/../lib/gcc/nios2-elf/4.7.3/../../../../../H-i686-mingw32/nios2-elf/lib\libstdc++.a
LOAD c:/altera/13.1/nios2eds/bin/gnu/h-i686-mingw32/bin/../lib/gcc/nios2-elf/4.7.3/../../../../../H-i686-mingw32/nios2-elf/lib\libm.a
LOAD c:/altera/13.1/nios2eds/bin/gnu/h-i686-mingw32/bin/../lib/gcc/nios2-elf/4.7.3\libgcc.a
START GROUP
LOAD c:/altera/13.1/nios2eds/bin/gnu/h-i686-mingw32/bin/../lib/gcc/nios2-elf/4.7.3/../../../../../H-i686-mingw32/nios2-elf/lib\libc.a
LOAD c:/altera/13.1/nios2eds/bin/gnu/h-i686-mingw32/bin/../lib/gcc/nios2-elf/4.7.3\libgcc.a
LOAD ../../Desktop/Repozytorium/SzyfratorCopy/Szyfrator_v2/software/Sztfrator_NET_BSP\libhal_bsp.a
END GROUP
LOAD c:/altera/13.1/nios2eds/bin/gnu/h-i686-mingw32/bin/../lib/gcc/nios2-elf/4.7.3\libgcc.a
                0x00080000                __alt_mem_main_memory = 0x80000
                0x00100000                __alt_mem_descriptor_memory1 = 0x100000
                0x00101000                __alt_mem_descriptor_memory = 0x101000

.entry          0x00080000       0x20
 *(.entry)
 .entry         0x00080000       0x20 ../../Desktop/Repozytorium/SzyfratorCopy/Szyfrator_v2/software/Sztfrator_NET_BSP/obj/HAL/src/crt0.o
                0x00080000                __reset

.exceptions     0x00080020      0x198
                0x00080020                PROVIDE (__ram_exceptions_start, ABSOLUTE (.))
                0x00080020                . = ALIGN (0x20)
 *(.irq)
 *(.exceptions.entry.label)
 .exceptions.entry.label
                0x00080020        0x0 ../../Desktop/Repozytorium/SzyfratorCopy/Szyfrator_v2/software/Sztfrator_NET_BSP\libhal_bsp.a(alt_irq_entry.o)
                0x00080020                alt_irq_entry
 .exceptions.entry.label
                0x00080020        0x0 ../../Desktop/Repozytorium/SzyfratorCopy/Szyfrator_v2/software/Sztfrator_NET_BSP\libhal_bsp.a(alt_exception_entry.o)
                0x00080020                alt_exception
 *(.exceptions.entry.user)
 *(.exceptions.entry.ecc_fatal)
 *(.exceptions.entry)
 .exceptions.entry
                0x00080020       0x54 ../../Desktop/Repozytorium/SzyfratorCopy/Szyfrator_v2/software/Sztfrator_NET_BSP\libhal_bsp.a(alt_exception_entry.o)
 *(.exceptions.irqtest.user)
 *(.exceptions.irqtest)
 .exceptions.irqtest
                0x00080074       0x10 ../../Desktop/Repozytorium/SzyfratorCopy/Szyfrator_v2/software/Sztfrator_NET_BSP\libhal_bsp.a(alt_irq_entry.o)
 *(.exceptions.irqhandler.user)
 *(.exceptions.irqhandler)
 .exceptions.irqhandler
                0x00080084        0x4 ../../Desktop/Repozytorium/SzyfratorCopy/Szyfrator_v2/software/Sztfrator_NET_BSP\libhal_bsp.a(alt_irq_entry.o)
 *(.exceptions.irqreturn.user)
 *(.exceptions.irqreturn)
 .exceptions.irqreturn
                0x00080088        0x4 ../../Desktop/Repozytorium/SzyfratorCopy/Szyfrator_v2/software/Sztfrator_NET_BSP\libhal_bsp.a(alt_irq_entry.o)
 *(.exceptions.notirq.label)
 .exceptions.notirq.label
                0x0008008c        0x0 ../../Desktop/Repozytorium/SzyfratorCopy/Szyfrator_v2/software/Sztfrator_NET_BSP\libhal_bsp.a(alt_irq_entry.o)
 *(.exceptions.notirq.user)
 *(.exceptions.notirq)
 .exceptions.notirq
                0x0008008c        0x8 ../../Desktop/Repozytorium/SzyfratorCopy/Szyfrator_v2/software/Sztfrator_NET_BSP\libhal_bsp.a(alt_exception_entry.o)
 *(.exceptions.soft.user)
 *(.exceptions.soft)
 *(.exceptions.unknown.user)
 *(.exceptions.unknown)
 .exceptions.unknown
                0x00080094        0x4 ../../Desktop/Repozytorium/SzyfratorCopy/Szyfrator_v2/software/Sztfrator_NET_BSP\libhal_bsp.a(alt_exception_entry.o)
 *(.exceptions.exit.label)
 .exceptions.exit.label
                0x00080098        0x0 ../../Desktop/Repozytorium/SzyfratorCopy/Szyfrator_v2/software/Sztfrator_NET_BSP\libhal_bsp.a(alt_irq_entry.o)
 .exceptions.exit.label
                0x00080098        0x0 ../../Desktop/Repozytorium/SzyfratorCopy/Szyfrator_v2/software/Sztfrator_NET_BSP\libhal_bsp.a(alt_exception_entry.o)
 *(.exceptions.exit.user)
 *(.exceptions.exit)
 .exceptions.exit
                0x00080098       0x54 ../../Desktop/Repozytorium/SzyfratorCopy/Szyfrator_v2/software/Sztfrator_NET_BSP\libhal_bsp.a(alt_exception_entry.o)
 *(.exceptions)
 .exceptions    0x000800ec       0xcc ../../Desktop/Repozytorium/SzyfratorCopy/Szyfrator_v2/software/Sztfrator_NET_BSP\libhal_bsp.a(alt_irq_handler.o)
                0x000800ec                alt_irq_handler
                0x000801b8                PROVIDE (__ram_exceptions_end, ABSOLUTE (.))
                0x00080020                PROVIDE (__flash_exceptions_start, LOADADDR (.exceptions))

.text           0x000801b8    0x18f88
                0x000801b8                PROVIDE (stext, ABSOLUTE (.))
 *(.interp)
 *(.hash)
 *(.dynsym)
 *(.dynstr)
 *(.gnu.version)
 *(.gnu.version_d)
 *(.gnu.version_r)
 *(.rel.init)
 *(.rela.init)
 *(.rel.text .rel.text.* .rel.gnu.linkonce.t.*)
 *(.rela.text .rela.text.* .rela.gnu.linkonce.t.*)
 *(.rel.fini)
 *(.rela.fini)
 *(.rel.rodata .rel.rodata.* .rel.gnu.linkonce.r.*)
 *(.rela.rodata .rela.rodata.* .rela.gnu.linkonce.r.*)
 *(.rel.data .rel.data.* .rel.gnu.linkonce.d.*)
 *(.rela.data .rela.data.* .rela.gnu.linkonce.d.*)
 *(.rel.tdata .rel.tdata.* .rel.gnu.linkonce.td.*)
 *(.rela.tdata .rela.tdata.* .rela.gnu.linkonce.td.*)
 *(.rel.tbss .rel.tbss.* .rel.gnu.linkonce.tb.*)
 *(.rela.tbss .rela.tbss.* .rela.gnu.linkonce.tb.*)
 *(.rel.ctors)
 *(.rela.ctors)
 *(.rel.dtors)
 *(.rela.dtors)
 *(.rel.got)
 *(.rela.got)
 *(.rel.sdata .rel.sdata.* .rel.gnu.linkonce.s.*)
 *(.rela.sdata .rela.sdata.* .rela.gnu.linkonce.s.*)
 *(.rel.sbss .rel.sbss.* .rel.gnu.linkonce.sb.*)
 *(.rela.sbss .rela.sbss.* .rela.gnu.linkonce.sb.*)
 *(.rel.sdata2 .rel.sdata2.* .rel.gnu.linkonce.s2.*)
 *(.rela.sdata2 .rela.sdata2.* .rela.gnu.linkonce.s2.*)
 *(.rel.sbss2 .rel.sbss2.* .rel.gnu.linkonce.sb2.*)
 *(.rela.sbss2 .rela.sbss2.* .rela.gnu.linkonce.sb2.*)
 *(.rel.bss .rel.bss.* .rel.gnu.linkonce.b.*)
 *(.rela.bss .rela.bss.* .rela.gnu.linkonce.b.*)
 *(.rel.plt)
 *(.rela.plt)
 *(.rel.dyn)
 *(.init)
 *(.plt)
 *(.text .stub .text.* .gnu.linkonce.t.*)
 .text          0x000801b8       0x3c ../../Desktop/Repozytorium/SzyfratorCopy/Szyfrator_v2/software/Sztfrator_NET_BSP/obj/HAL/src/crt0.o
                0x000801b8                _start
 .text          0x000801f4     0x16e8 obj/default/Net_szyfr.o
                0x000801f4                main
                0x00080608                rx_ethernet_isr
                0x000808e0                rx_ethernet_isr1
                0x000809e0                init_3des
                0x00080a6c                init_3desdecrypt
                0x00080af8                ciph_3des
                0x00080b5c                deciph_3des
                0x00080bc0                ciph_3des_read
                0x00080c14                deciph_3des_read
                0x00080c68                weryfikacja_szyfrowania
                0x00080d10                weryfikacja_deszyfrowania
                0x00080dbc                test_wydajnosc
                0x0008101c                paczka_szyfrowanie
                0x00081110                paczka_deszyfrowanie
                0x00081204                przygotowanie_danych
                0x00081460                przeprowadzenie_szyfrowania_sram
                0x000815b0                przeprowadzenie_deszyfrowania_sram
                0x000816f4                test_wydajnosci_sram
                0x000817ac                wprowadzenie_kluczy
 .text          0x000818dc      0x130 c:/altera/13.1/nios2eds/bin/gnu/h-i686-mingw32/bin/../lib/gcc/nios2-elf/4.7.3\libgcc.a(lib2-divmod.o)
                0x00081950                __divsi3
                0x000819a0                __modsi3
                0x000819fc                __udivsi3
                0x00081a04                __umodsi3
 .text          0x00081a0c       0x68 c:/altera/13.1/nios2eds/bin/gnu/h-i686-mingw32/bin/../lib/gcc/nios2-elf/4.7.3/../../../../../H-i686-mingw32/nios2-elf/lib\libc.a(lib_a-printf.o)
                0x00081a0c                _printf_r
                0x00081a38                printf
 .text          0x00081a74       0x24 c:/altera/13.1/nios2eds/bin/gnu/h-i686-mingw32/bin/../lib/gcc/nios2-elf/4.7.3/../../../../../H-i686-mingw32/nios2-elf/lib\libc.a(lib_a-putchar.o)
                0x00081a74                _putchar_r
                0x00081a7c                putchar
 .text          0x00081a98       0x98 c:/altera/13.1/nios2eds/bin/gnu/h-i686-mingw32/bin/../lib/gcc/nios2-elf/4.7.3/../../../../../H-i686-mingw32/nios2-elf/lib\libc.a(lib_a-puts.o)
                0x00081a98                _puts_r
                0x00081b1c                puts
 .text          0x00081b30       0x6c c:/altera/13.1/nios2eds/bin/gnu/h-i686-mingw32/bin/../lib/gcc/nios2-elf/4.7.3/../../../../../H-i686-mingw32/nios2-elf/lib\libc.a(lib_a-scanf.o)
                0x00081b30                scanf
                0x00081b70                _scanf_r
 .text          0x00081b9c       0x8c c:/altera/13.1/nios2eds/bin/gnu/h-i686-mingw32/bin/../lib/gcc/nios2-elf/4.7.3/../../../../../H-i686-mingw32/nios2-elf/lib\libc.a(lib_a-strlen.o)
                0x00081b9c                strlen
 .text          0x00081c28     0x1e50 c:/altera/13.1/nios2eds/bin/gnu/h-i686-mingw32/bin/../lib/gcc/nios2-elf/4.7.3/../../../../../H-i686-mingw32/nios2-elf/lib\libc.a(lib_a-vfprintf.o)
                0x00081c5c                ___vfprintf_internal_r
                0x00083a54                __vfprintf_internal
 .text          0x00083a78     0x1738 c:/altera/13.1/nios2eds/bin/gnu/h-i686-mingw32/bin/../lib/gcc/nios2-elf/4.7.3/../../../../../H-i686-mingw32/nios2-elf/lib\libc.a(lib_a-vfscanf.o)
                0x00083a78                __svfscanf_r
                0x000850d0                _vfscanf_r
                0x0008511c                __svfscanf
                0x00085140                vfscanf
 .text          0x000851b0      0x174 c:/altera/13.1/nios2eds/bin/gnu/h-i686-mingw32/bin/../lib/gcc/nios2-elf/4.7.3/../../../../../H-i686-mingw32/nios2-elf/lib\libc.a(lib_a-wsetup.o)
                0x000851b0                __swsetup_r
 .text          0x00085324        0x0 c:/altera/13.1/nios2eds/bin/gnu/h-i686-mingw32/bin/../lib/gcc/nios2-elf/4.7.3/../../../../../H-i686-mingw32/nios2-elf/lib\libc.a(lib_a-ctype_.o)
 .text          0x00085324     0x1824 c:/altera/13.1/nios2eds/bin/gnu/h-i686-mingw32/bin/../lib/gcc/nios2-elf/4.7.3/../../../../../H-i686-mingw32/nios2-elf/lib\libc.a(lib_a-dtoa.o)
                0x0008552c                _dtoa_r
 .text          0x00086b48      0x218 c:/altera/13.1/nios2eds/bin/gnu/h-i686-mingw32/bin/../lib/gcc/nios2-elf/4.7.3/../../../../../H-i686-mingw32/nios2-elf/lib\libc.a(lib_a-fflush.o)
                0x00086b48                _fflush_r
                0x00086d30                fflush
 .text          0x00086d60      0x2d8 c:/altera/13.1/nios2eds/bin/gnu/h-i686-mingw32/bin/../lib/gcc/nios2-elf/4.7.3/../../../../../H-i686-mingw32/nios2-elf/lib\libc.a(lib_a-findfp.o)
                0x00086d70                _cleanup_r
                0x00086d7c                __sfmoreglue
                0x00086de0                _cleanup
                0x00086df0                __sinit
                0x00086efc                __sfp
                0x00086ff8                __sfp_lock_acquire
                0x00086ffc                __sfp_lock_release
                0x00087000                __sinit_lock_acquire
                0x00087004                __sinit_lock_release
                0x00087008                __fp_lock_all
                0x00087020                __fp_unlock_all
 .text          0x00087038      0x26c c:/altera/13.1/nios2eds/bin/gnu/h-i686-mingw32/bin/../lib/gcc/nios2-elf/4.7.3/../../../../../H-i686-mingw32/nios2-elf/lib\libc.a(lib_a-fread.o)
                0x00087038                _fread_r
                0x00087264                fread
 .text          0x000872a4      0x40c c:/altera/13.1/nios2eds/bin/gnu/h-i686-mingw32/bin/../lib/gcc/nios2-elf/4.7.3/../../../../../H-i686-mingw32/nios2-elf/lib\libc.a(lib_a-freer.o)
                0x000872a4                _malloc_trim_r
                0x000873e0                _free_r
 .text          0x000876b0      0x4e4 c:/altera/13.1/nios2eds/bin/gnu/h-i686-mingw32/bin/../lib/gcc/nios2-elf/4.7.3/../../../../../H-i686-mingw32/nios2-elf/lib\libc.a(lib_a-fvwrite.o)
                0x000876b0                __sfvwrite_r
 .text          0x00087b94      0x160 c:/altera/13.1/nios2eds/bin/gnu/h-i686-mingw32/bin/../lib/gcc/nios2-elf/4.7.3/../../../../../H-i686-mingw32/nios2-elf/lib\libc.a(lib_a-fwalk.o)
                0x00087b94                _fwalk
                0x00087c3c                _fwalk_reent
 .text          0x00087cf4        0x0 c:/altera/13.1/nios2eds/bin/gnu/h-i686-mingw32/bin/../lib/gcc/nios2-elf/4.7.3/../../../../../H-i686-mingw32/nios2-elf/lib\libc.a(lib_a-impure.o)
 .text          0x00087cf4       0x38 c:/altera/13.1/nios2eds/bin/gnu/h-i686-mingw32/bin/../lib/gcc/nios2-elf/4.7.3/../../../../../H-i686-mingw32/nios2-elf/lib\libc.a(lib_a-iswspace.o)
                0x00087cf4                iswspace
 .text          0x00087d2c       0xdc c:/altera/13.1/nios2eds/bin/gnu/h-i686-mingw32/bin/../lib/gcc/nios2-elf/4.7.3/../../../../../H-i686-mingw32/nios2-elf/lib\libc.a(lib_a-locale.o)
                0x00087d2c                _setlocale_r
                0x00087dc8                __locale_charset
                0x00087dd4                _localeconv_r
                0x00087de0                setlocale
                0x00087dfc                localeconv
 .text          0x00087e08      0x1a8 c:/altera/13.1/nios2eds/bin/gnu/h-i686-mingw32/bin/../lib/gcc/nios2-elf/4.7.3/../../../../../H-i686-mingw32/nios2-elf/lib\libc.a(lib_a-makebuf.o)
                0x00087e08                __smakebuf_r
 .text          0x00087fb0      0x784 c:/altera/13.1/nios2eds/bin/gnu/h-i686-mingw32/bin/../lib/gcc/nios2-elf/4.7.3/../../../../../H-i686-mingw32/nios2-elf/lib\libc.a(lib_a-mallocr.o)
                0x00087fb0                _malloc_r
 .text          0x00088734       0xa4 c:/altera/13.1/nios2eds/bin/gnu/h-i686-mingw32/bin/../lib/gcc/nios2-elf/4.7.3/../../../../../H-i686-mingw32/nios2-elf/lib\libc.a(lib_a-mbrtowc.o)
                0x00088734                _mbrtowc_r
                0x00088798                mbrtowc
 .text          0x000887d8       0x44 c:/altera/13.1/nios2eds/bin/gnu/h-i686-mingw32/bin/../lib/gcc/nios2-elf/4.7.3/../../../../../H-i686-mingw32/nios2-elf/lib\libc.a(lib_a-mbtowc_r.o)
                0x000887d8                _mbtowc_r
 .text          0x0008881c       0xf8 c:/altera/13.1/nios2eds/bin/gnu/h-i686-mingw32/bin/../lib/gcc/nios2-elf/4.7.3/../../../../../H-i686-mingw32/nios2-elf/lib\libc.a(lib_a-memchr.o)
                0x0008881c                memchr
 .text          0x00088914       0xf8 c:/altera/13.1/nios2eds/bin/gnu/h-i686-mingw32/bin/../lib/gcc/nios2-elf/4.7.3/../../../../../H-i686-mingw32/nios2-elf/lib\libc.a(lib_a-memcpy.o)
                0x00088914                memcpy
 .text          0x00088a0c      0x128 c:/altera/13.1/nios2eds/bin/gnu/h-i686-mingw32/bin/../lib/gcc/nios2-elf/4.7.3/../../../../../H-i686-mingw32/nios2-elf/lib\libc.a(lib_a-memmove.o)
                0x00088a0c                memmove
 .text          0x00088b34       0xdc c:/altera/13.1/nios2eds/bin/gnu/h-i686-mingw32/bin/../lib/gcc/nios2-elf/4.7.3/../../../../../H-i686-mingw32/nios2-elf/lib\libc.a(lib_a-memset.o)
                0x00088b34                memset
 .text          0x00088c10      0xfa8 c:/altera/13.1/nios2eds/bin/gnu/h-i686-mingw32/bin/../lib/gcc/nios2-elf/4.7.3/../../../../../H-i686-mingw32/nios2-elf/lib\libc.a(lib_a-mprec.o)
                0x00088c10                _Balloc
                0x00088cb8                _Bfree
                0x00088ce0                __multadd
                0x00088df4                __s2b
                0x00088ef8                __hi0bits
                0x00088f60                __lo0bits
                0x00089010                __i2b
                0x0008904c                __multiply
                0x0008922c                __pow5mult
                0x00089358                __lshift
                0x000894b4                __mcmp
                0x0008950c                __mdiff
                0x000896b4                __ulp
                0x00089714                __b2d
                0x0008985c                __d2b
                0x000899a0                __ratio
                0x00089a44                _mprec_log10
                0x00089ab8                __copybits
                0x00089b34                __any_on
 .text          0x00089bb8      0x1ac c:/altera/13.1/nios2eds/bin/gnu/h-i686-mingw32/bin/../lib/gcc/nios2-elf/4.7.3/../../../../../H-i686-mingw32/nios2-elf/lib\libc.a(lib_a-putc.o)
                0x00089bb8                _putc_r
                0x00089c74                putc
 .text          0x00089d64      0x5fc c:/altera/13.1/nios2eds/bin/gnu/h-i686-mingw32/bin/../lib/gcc/nios2-elf/4.7.3/../../../../../H-i686-mingw32/nios2-elf/lib\libc.a(lib_a-reallocr.o)
                0x00089d64                _realloc_r
 .text          0x0008a360      0x208 c:/altera/13.1/nios2eds/bin/gnu/h-i686-mingw32/bin/../lib/gcc/nios2-elf/4.7.3/../../../../../H-i686-mingw32/nios2-elf/lib\libc.a(lib_a-refill.o)
                0x0008a37c                __srefill_r
 .text          0x0008a568       0x38 c:/altera/13.1/nios2eds/bin/gnu/h-i686-mingw32/bin/../lib/gcc/nios2-elf/4.7.3/../../../../../H-i686-mingw32/nios2-elf/lib\libc.a(lib_a-s_isinfd.o)
                0x0008a568                __isinfd
 .text          0x0008a5a0       0x2c c:/altera/13.1/nios2eds/bin/gnu/h-i686-mingw32/bin/../lib/gcc/nios2-elf/4.7.3/../../../../../H-i686-mingw32/nios2-elf/lib\libc.a(lib_a-s_isnand.o)
                0x0008a5a0                __isnand
 .text          0x0008a5cc       0x64 c:/altera/13.1/nios2eds/bin/gnu/h-i686-mingw32/bin/../lib/gcc/nios2-elf/4.7.3/../../../../../H-i686-mingw32/nios2-elf/lib\libc.a(lib_a-sbrkr.o)
                0x0008a5cc                _sbrk_r
 .text          0x0008a630       0xc4 c:/altera/13.1/nios2eds/bin/gnu/h-i686-mingw32/bin/../lib/gcc/nios2-elf/4.7.3/../../../../../H-i686-mingw32/nios2-elf/lib\libc.a(lib_a-sccl.o)
                0x0008a630                __sccl
 .text          0x0008a6f4        0x8 c:/altera/13.1/nios2eds/bin/gnu/h-i686-mingw32/bin/../lib/gcc/nios2-elf/4.7.3/../../../../../H-i686-mingw32/nios2-elf/lib\libc.a(lib_a-sf_nan.o)
                0x0008a6f4                nanf
 .text          0x0008a6fc       0xc4 c:/altera/13.1/nios2eds/bin/gnu/h-i686-mingw32/bin/../lib/gcc/nios2-elf/4.7.3/../../../../../H-i686-mingw32/nios2-elf/lib\libc.a(lib_a-sprintf.o)
                0x0008a6fc                _sprintf_r
                0x0008a754                sprintf
 .text          0x0008a7c0      0x140 c:/altera/13.1/nios2eds/bin/gnu/h-i686-mingw32/bin/../lib/gcc/nios2-elf/4.7.3/../../../../../H-i686-mingw32/nios2-elf/lib\libc.a(lib_a-stdio.o)
                0x0008a7c0                __sread
                0x0008a814                __swrite
                0x0008a89c                __sseek
                0x0008a8f8                __sclose
 .text          0x0008a900       0xa4 c:/altera/13.1/nios2eds/bin/gnu/h-i686-mingw32/bin/../lib/gcc/nios2-elf/4.7.3/../../../../../H-i686-mingw32/nios2-elf/lib\libc.a(lib_a-strcmp.o)
                0x0008a900                strcmp
 .text          0x0008a9a4     0x1594 c:/altera/13.1/nios2eds/bin/gnu/h-i686-mingw32/bin/../lib/gcc/nios2-elf/4.7.3/../../../../../H-i686-mingw32/nios2-elf/lib\libc.a(lib_a-strtod.o)
                0x0008a9a4                _strtod_r
                0x0008bdfc                strtod
                0x0008be18                strtof
 .text          0x0008bf38      0x288 c:/altera/13.1/nios2eds/bin/gnu/h-i686-mingw32/bin/../lib/gcc/nios2-elf/4.7.3/../../../../../H-i686-mingw32/nios2-elf/lib\libc.a(lib_a-strtol.o)
                0x0008bf38                _strtol_r
                0x0008c19c                strtol
 .text          0x0008c1c0      0x330 c:/altera/13.1/nios2eds/bin/gnu/h-i686-mingw32/bin/../lib/gcc/nios2-elf/4.7.3/../../../../../H-i686-mingw32/nios2-elf/lib\libc.a(lib_a-strtoll_r.o)
                0x0008c1c0                _strtoll_r
 .text          0x0008c4f0      0x2a8 c:/altera/13.1/nios2eds/bin/gnu/h-i686-mingw32/bin/../lib/gcc/nios2-elf/4.7.3/../../../../../H-i686-mingw32/nios2-elf/lib\libc.a(lib_a-strtoul.o)
                0x0008c4f0                _strtoul_r
                0x0008c774                strtoul
 .text          0x0008c798      0x394 c:/altera/13.1/nios2eds/bin/gnu/h-i686-mingw32/bin/../lib/gcc/nios2-elf/4.7.3/../../../../../H-i686-mingw32/nios2-elf/lib\libc.a(lib_a-strtoull_r.o)
                0x0008c798                _strtoull_r
 .text          0x0008cb2c      0x2a8 c:/altera/13.1/nios2eds/bin/gnu/h-i686-mingw32/bin/../lib/gcc/nios2-elf/4.7.3/../../../../../H-i686-mingw32/nios2-elf/lib\libc.a(lib_a-ungetc.o)
                0x0008cb2c                __submore
                0x0008cc1c                _ungetc_r
                0x0008cdb8                ungetc
 .text          0x0008cdd4      0x158 c:/altera/13.1/nios2eds/bin/gnu/h-i686-mingw32/bin/../lib/gcc/nios2-elf/4.7.3/../../../../../H-i686-mingw32/nios2-elf/lib\libc.a(lib_a-wbuf.o)
                0x0008cdd4                __swbuf_r
                0x0008cf10                __swbuf
 .text          0x0008cf2c       0x6c c:/altera/13.1/nios2eds/bin/gnu/h-i686-mingw32/bin/../lib/gcc/nios2-elf/4.7.3/../../../../../H-i686-mingw32/nios2-elf/lib\libc.a(lib_a-writer.o)
                0x0008cf2c                _write_r
 .text          0x0008cf98       0xbc c:/altera/13.1/nios2eds/bin/gnu/h-i686-mingw32/bin/../lib/gcc/nios2-elf/4.7.3/../../../../../H-i686-mingw32/nios2-elf/lib\libc.a(lib_a-callocr.o)
                0x0008cf98                _calloc_r
 .text          0x0008d054       0x64 c:/altera/13.1/nios2eds/bin/gnu/h-i686-mingw32/bin/../lib/gcc/nios2-elf/4.7.3/../../../../../H-i686-mingw32/nios2-elf/lib\libc.a(lib_a-closer.o)
                0x0008d054                _close_r
 .text          0x0008d0b8      0x150 c:/altera/13.1/nios2eds/bin/gnu/h-i686-mingw32/bin/../lib/gcc/nios2-elf/4.7.3/../../../../../H-i686-mingw32/nios2-elf/lib\libc.a(lib_a-fclose.o)
                0x0008d0b8                _fclose_r
                0x0008d1f4                fclose
 .text          0x0008d208       0x68 c:/altera/13.1/nios2eds/bin/gnu/h-i686-mingw32/bin/../lib/gcc/nios2-elf/4.7.3/../../../../../H-i686-mingw32/nios2-elf/lib\libc.a(lib_a-fstatr.o)
                0x0008d208                _fstat_r
 .text          0x0008d270      0x8e0 c:/altera/13.1/nios2eds/bin/gnu/h-i686-mingw32/bin/../lib/gcc/nios2-elf/4.7.3/../../../../../H-i686-mingw32/nios2-elf/lib\libc.a(lib_a-gdtoa-gethex.o)
                0x0008d380                __hexdig_init
                0x0008d410                __gethex
 .text          0x0008db50      0x28c c:/altera/13.1/nios2eds/bin/gnu/h-i686-mingw32/bin/../lib/gcc/nios2-elf/4.7.3/../../../../../H-i686-mingw32/nios2-elf/lib\libc.a(lib_a-gdtoa-hexnan.o)
                0x0008db50                __hexnan
 .text          0x0008dddc        0x0 c:/altera/13.1/nios2eds/bin/gnu/h-i686-mingw32/bin/../lib/gcc/nios2-elf/4.7.3/../../../../../H-i686-mingw32/nios2-elf/lib\libc.a(lib_a-int_errno.o)
 .text          0x0008dddc       0x64 c:/altera/13.1/nios2eds/bin/gnu/h-i686-mingw32/bin/../lib/gcc/nios2-elf/4.7.3/../../../../../H-i686-mingw32/nios2-elf/lib\libc.a(lib_a-isattyr.o)
                0x0008dddc                _isatty_r
 .text          0x0008de40       0x6c c:/altera/13.1/nios2eds/bin/gnu/h-i686-mingw32/bin/../lib/gcc/nios2-elf/4.7.3/../../../../../H-i686-mingw32/nios2-elf/lib\libc.a(lib_a-lseekr.o)
                0x0008de40                _lseek_r
 .text          0x0008deac       0x6c c:/altera/13.1/nios2eds/bin/gnu/h-i686-mingw32/bin/../lib/gcc/nios2-elf/4.7.3/../../../../../H-i686-mingw32/nios2-elf/lib\libc.a(lib_a-readr.o)
                0x0008deac                _read_r
 .text          0x0008df18       0x60 c:/altera/13.1/nios2eds/bin/gnu/h-i686-mingw32/bin/../lib/gcc/nios2-elf/4.7.3\libgcc.a(_muldi3.o)
                0x0008df18                __muldi3
 .text          0x0008df78       0x84 c:/altera/13.1/nios2eds/bin/gnu/h-i686-mingw32/bin/../lib/gcc/nios2-elf/4.7.3\libgcc.a(_fixunsdfsi.o)
                0x0008df78                __fixunsdfsi
 .text          0x0008dffc      0x5c8 c:/altera/13.1/nios2eds/bin/gnu/h-i686-mingw32/bin/../lib/gcc/nios2-elf/4.7.3\libgcc.a(_udivdi3.o)
                0x0008dffc                __udivdi3
 .text          0x0008e5c4      0x58c c:/altera/13.1/nios2eds/bin/gnu/h-i686-mingw32/bin/../lib/gcc/nios2-elf/4.7.3\libgcc.a(_umoddi3.o)
                0x0008e5c4                __umoddi3
 .text          0x0008eb50       0x54 c:/altera/13.1/nios2eds/bin/gnu/h-i686-mingw32/bin/../lib/gcc/nios2-elf/4.7.3\libgcc.a(_eq_sf.o)
                0x0008eb50                __eqsf2
 .text          0x0008eba4       0x5c c:/altera/13.1/nios2eds/bin/gnu/h-i686-mingw32/bin/../lib/gcc/nios2-elf/4.7.3\libgcc.a(_gt_sf.o)
                0x0008eba4                __gtsf2
 .text          0x0008ec00       0x54 c:/altera/13.1/nios2eds/bin/gnu/h-i686-mingw32/bin/../lib/gcc/nios2-elf/4.7.3\libgcc.a(_lt_sf.o)
                0x0008ec00                __ltsf2
 .text          0x0008ec54      0x408 c:/altera/13.1/nios2eds/bin/gnu/h-i686-mingw32/bin/../lib/gcc/nios2-elf/4.7.3\libgcc.a(_addsub_df.o)
                0x0008efa8                __adddf3
                0x0008effc                __subdf3
 .text          0x0008f05c      0x2e4 c:/altera/13.1/nios2eds/bin/gnu/h-i686-mingw32/bin/../lib/gcc/nios2-elf/4.7.3\libgcc.a(_mul_df.o)
                0x0008f05c                __muldf3
 .text          0x0008f340      0x1b4 c:/altera/13.1/nios2eds/bin/gnu/h-i686-mingw32/bin/../lib/gcc/nios2-elf/4.7.3\libgcc.a(_div_df.o)
                0x0008f340                __divdf3
 .text          0x0008f4f4       0x5c c:/altera/13.1/nios2eds/bin/gnu/h-i686-mingw32/bin/../lib/gcc/nios2-elf/4.7.3\libgcc.a(_eq_df.o)
                0x0008f4f4                __eqdf2
 .text          0x0008f550       0x5c c:/altera/13.1/nios2eds/bin/gnu/h-i686-mingw32/bin/../lib/gcc/nios2-elf/4.7.3\libgcc.a(_ne_df.o)
                0x0008f550                __nedf2
 .text          0x0008f5ac       0x64 c:/altera/13.1/nios2eds/bin/gnu/h-i686-mingw32/bin/../lib/gcc/nios2-elf/4.7.3\libgcc.a(_gt_df.o)
                0x0008f5ac                __gtdf2
 .text          0x0008f610       0x64 c:/altera/13.1/nios2eds/bin/gnu/h-i686-mingw32/bin/../lib/gcc/nios2-elf/4.7.3\libgcc.a(_ge_df.o)
                0x0008f610                __gedf2
 .text          0x0008f674       0x5c c:/altera/13.1/nios2eds/bin/gnu/h-i686-mingw32/bin/../lib/gcc/nios2-elf/4.7.3\libgcc.a(_lt_df.o)
                0x0008f674                __ltdf2
 .text          0x0008f6d0       0x5c c:/altera/13.1/nios2eds/bin/gnu/h-i686-mingw32/bin/../lib/gcc/nios2-elf/4.7.3\libgcc.a(_le_df.o)
                0x0008f6d0                __ledf2
 .text          0x0008f72c       0xd4 c:/altera/13.1/nios2eds/bin/gnu/h-i686-mingw32/bin/../lib/gcc/nios2-elf/4.7.3\libgcc.a(_si_to_df.o)
                0x0008f72c                __floatsidf
 .text          0x0008f800       0xd4 c:/altera/13.1/nios2eds/bin/gnu/h-i686-mingw32/bin/../lib/gcc/nios2-elf/4.7.3\libgcc.a(_df_to_si.o)
                0x0008f800                __fixdfsi
 .text          0x0008f8d4       0x60 c:/altera/13.1/nios2eds/bin/gnu/h-i686-mingw32/bin/../lib/gcc/nios2-elf/4.7.3\libgcc.a(_df_to_sf.o)
                0x0008f8d4                __truncdfsf2
 .text          0x0008f934        0x0 c:/altera/13.1/nios2eds/bin/gnu/h-i686-mingw32/bin/../lib/gcc/nios2-elf/4.7.3\libgcc.a(_thenan_df.o)
 .text          0x0008f934      0x11c c:/altera/13.1/nios2eds/bin/gnu/h-i686-mingw32/bin/../lib/gcc/nios2-elf/4.7.3\libgcc.a(_usi_to_df.o)
                0x0008f934                __floatunsidf
 .text          0x0008fa50        0x0 c:/altera/13.1/nios2eds/bin/gnu/h-i686-mingw32/bin/../lib/gcc/nios2-elf/4.7.3\libgcc.a(_clz.o)
 .text          0x0008fa50       0xac c:/altera/13.1/nios2eds/bin/gnu/h-i686-mingw32/bin/../lib/gcc/nios2-elf/4.7.3\libgcc.a(_clzsi2.o)
                0x0008fa50                __clzsi2
 .text          0x0008fafc       0xc8 c:/altera/13.1/nios2eds/bin/gnu/h-i686-mingw32/bin/../lib/gcc/nios2-elf/4.7.3\libgcc.a(_unpack_sf.o)
                0x0008fafc                __unpack_f
 .text          0x0008fbc4       0xbc c:/altera/13.1/nios2eds/bin/gnu/h-i686-mingw32/bin/../lib/gcc/nios2-elf/4.7.3\libgcc.a(_fpcmp_parts_sf.o)
                0x0008fbc4                __fpcmp_parts_f
 .text          0x0008fc80       0x2c c:/altera/13.1/nios2eds/bin/gnu/h-i686-mingw32/bin/../lib/gcc/nios2-elf/4.7.3\libgcc.a(_make_sf.o)
                0x0008fc80                __make_fp
 .text          0x0008fcac      0x224 c:/altera/13.1/nios2eds/bin/gnu/h-i686-mingw32/bin/../lib/gcc/nios2-elf/4.7.3\libgcc.a(_pack_df.o)
                0x0008fcac                __pack_d
 .text          0x0008fed0      0x104 c:/altera/13.1/nios2eds/bin/gnu/h-i686-mingw32/bin/../lib/gcc/nios2-elf/4.7.3\libgcc.a(_unpack_df.o)
                0x0008fed0                __unpack_d
 .text          0x0008ffd4       0xd0 c:/altera/13.1/nios2eds/bin/gnu/h-i686-mingw32/bin/../lib/gcc/nios2-elf/4.7.3\libgcc.a(_fpcmp_parts_df.o)
                0x0008ffd4                __fpcmp_parts_d
 .text          0x000900a4       0x44 c:/altera/13.1/nios2eds/bin/gnu/h-i686-mingw32/bin/../lib/gcc/nios2-elf/4.7.3\libgcc.a(_lshrdi3.o)
                0x000900a4                __lshrdi3
 .text          0x000900e8       0x44 c:/altera/13.1/nios2eds/bin/gnu/h-i686-mingw32/bin/../lib/gcc/nios2-elf/4.7.3\libgcc.a(_ashldi3.o)
                0x000900e8                __ashldi3
 .text          0x0009012c      0x12c c:/altera/13.1/nios2eds/bin/gnu/h-i686-mingw32/bin/../lib/gcc/nios2-elf/4.7.3\libgcc.a(_pack_sf.o)
                0x0009012c                __pack_f
 .text          0x00090258      0x118 ../../Desktop/Repozytorium/SzyfratorCopy/Szyfrator_v2/software/Sztfrator_NET_BSP\libhal_bsp.a(alt_close.o)
                0x000902a8                close
 .text          0x00090370       0x2c ../../Desktop/Repozytorium/SzyfratorCopy/Szyfrator_v2/software/Sztfrator_NET_BSP\libhal_bsp.a(alt_dev.o)
 .text          0x0009039c        0x0 ../../Desktop/Repozytorium/SzyfratorCopy/Szyfrator_v2/software/Sztfrator_NET_BSP\libhal_bsp.a(alt_errno.o)
 .text          0x0009039c       0xfc ../../Desktop/Repozytorium/SzyfratorCopy/Szyfrator_v2/software/Sztfrator_NET_BSP\libhal_bsp.a(alt_fstat.o)
                0x000903ec                fstat
 .text          0x00090498       0x3c ../../Desktop/Repozytorium/SzyfratorCopy/Szyfrator_v2/software/Sztfrator_NET_BSP\libhal_bsp.a(alt_getchar.o)
                0x00090498                alt_getchar
 .text          0x000904d4       0xf0 ../../Desktop/Repozytorium/SzyfratorCopy/Szyfrator_v2/software/Sztfrator_NET_BSP\libhal_bsp.a(alt_isatty.o)
                0x00090524                isatty
 .text          0x000905c4       0xec ../../Desktop/Repozytorium/SzyfratorCopy/Szyfrator_v2/software/Sztfrator_NET_BSP\libhal_bsp.a(alt_load.o)
                0x00090630                alt_load
 .text          0x000906b0      0x120 ../../Desktop/Repozytorium/SzyfratorCopy/Szyfrator_v2/software/Sztfrator_NET_BSP\libhal_bsp.a(alt_lseek.o)
                0x00090700                lseek
 .text          0x000907d0       0x78 ../../Desktop/Repozytorium/SzyfratorCopy/Szyfrator_v2/software/Sztfrator_NET_BSP\libhal_bsp.a(alt_main.o)
                0x000907d0                alt_main
 .text          0x00090848       0x40 ../../Desktop/Repozytorium/SzyfratorCopy/Szyfrator_v2/software/Sztfrator_NET_BSP\libhal_bsp.a(alt_malloc_lock.o)
                0x00090848                __malloc_lock
                0x00090868                __malloc_unlock
 .text          0x00090888      0x244 ../../Desktop/Repozytorium/SzyfratorCopy/Szyfrator_v2/software/Sztfrator_NET_BSP\libhal_bsp.a(alt_printf.o)
                0x00090888                alt_printf
 .text          0x00090acc       0x44 ../../Desktop/Repozytorium/SzyfratorCopy/Szyfrator_v2/software/Sztfrator_NET_BSP\libhal_bsp.a(alt_putchar.o)
                0x00090acc                alt_putchar
 .text          0x00090b10      0x140 ../../Desktop/Repozytorium/SzyfratorCopy/Szyfrator_v2/software/Sztfrator_NET_BSP\libhal_bsp.a(alt_read.o)
                0x00090b60                read
 .text          0x00090c50       0x60 ../../Desktop/Repozytorium/SzyfratorCopy/Szyfrator_v2/software/Sztfrator_NET_BSP\libhal_bsp.a(alt_release_fd.o)
                0x00090c50                alt_release_fd
 .text          0x00090cb0       0xb0 ../../Desktop/Repozytorium/SzyfratorCopy/Szyfrator_v2/software/Sztfrator_NET_BSP\libhal_bsp.a(alt_sbrk.o)
                0x00090cb0                sbrk
 .text          0x00090d60      0x13c ../../Desktop/Repozytorium/SzyfratorCopy/Szyfrator_v2/software/Sztfrator_NET_BSP\libhal_bsp.a(alt_write.o)
                0x00090db0                write
 .text          0x00090e9c      0x11c ../../Desktop/Repozytorium/SzyfratorCopy/Szyfrator_v2/software/Sztfrator_NET_BSP\libhal_bsp.a(alt_sys_init.o)
                0x00090ed4                alt_irq_init
                0x00090f08                alt_sys_init
 .text          0x00090fb8      0x164 ../../Desktop/Repozytorium/SzyfratorCopy/Szyfrator_v2/software/Sztfrator_NET_BSP\libhal_bsp.a(altera_avalon_jtag_uart_fd.o)
                0x00090fb8                altera_avalon_jtag_uart_read_fd
                0x00091018                altera_avalon_jtag_uart_write_fd
                0x00091078                altera_avalon_jtag_uart_close_fd
                0x000910c8                altera_avalon_jtag_uart_ioctl_fd
 .text          0x0009111c      0x3d0 ../../Desktop/Repozytorium/SzyfratorCopy/Szyfrator_v2/software/Sztfrator_NET_BSP\libhal_bsp.a(altera_avalon_jtag_uart_init.o)
                0x0009111c                altera_avalon_jtag_uart_init
                0x00091484                altera_avalon_jtag_uart_close
 .text          0x000914ec       0xf4 ../../Desktop/Repozytorium/SzyfratorCopy/Szyfrator_v2/software/Sztfrator_NET_BSP\libhal_bsp.a(altera_avalon_jtag_uart_ioctl.o)
                0x000914ec                altera_avalon_jtag_uart_ioctl
 .text          0x000915e0      0x218 ../../Desktop/Repozytorium/SzyfratorCopy/Szyfrator_v2/software/Sztfrator_NET_BSP\libhal_bsp.a(altera_avalon_jtag_uart_read.o)
                0x000915e0                altera_avalon_jtag_uart_read
 .text          0x000917f8      0x224 ../../Desktop/Repozytorium/SzyfratorCopy/Szyfrator_v2/software/Sztfrator_NET_BSP\libhal_bsp.a(altera_avalon_jtag_uart_write.o)
                0x000917f8                altera_avalon_jtag_uart_write
 .text          0x00091a1c      0xd00 ../../Desktop/Repozytorium/SzyfratorCopy/Szyfrator_v2/software/Sztfrator_NET_BSP\libhal_bsp.a(altera_avalon_sgdma.o)
                0x00091a6c                alt_avalon_sgdma_do_async_transfer
                0x00091b90                alt_avalon_sgdma_do_sync_transfer
                0x00091ca0                alt_avalon_sgdma_construct_mem_to_mem_desc
                0x00091d10                alt_avalon_sgdma_construct_mem_to_mem_desc_burst
                0x00091d90                alt_avalon_sgdma_construct_stream_to_mem_desc
                0x00091dec                alt_avalon_sgdma_construct_stream_to_mem_desc_burst
                0x00091e60                alt_avalon_sgdma_construct_mem_to_stream_desc
                0x00091edc                alt_avalon_sgdma_construct_mem_to_stream_desc_burst
                0x00091f64                alt_avalon_sgdma_register_callback
                0x00091fb4                alt_avalon_sgdma_start
                0x00092008                alt_avalon_sgdma_stop
                0x00092060                alt_avalon_sgdma_check_descriptor_status
                0x000920c4                alt_avalon_sgdma_open
                0x00092114                alt_avalon_sgdma_construct_descriptor
                0x0009219c                alt_avalon_sgdma_enable_desc_poll
                0x0009221c                alt_avalon_sgdma_disable_desc_poll
                0x0009227c                alt_avalon_sgdma_construct_descriptor_burst
                0x00092678                alt_avalon_sgdma_init
 .text          0x0009271c     0x4fa8 ../../Desktop/Repozytorium/SzyfratorCopy/Szyfrator_v2/software/Sztfrator_NET_BSP\libhal_bsp.a(altera_avalon_tse.o)
                0x0009271c                no_printf
                0x00092748                tse_mac_initTransInfo2
                0x000927a8                tse_mac_sTxWrite
                0x00092888                tse_mac_aRxRead
                0x0009292c                tse_mac_SwReset
                0x000929b4                tse_mac_setMIImode
                0x00092a08                tse_mac_setGMIImode
                0x00092a58                alt_tse_phy_add_profile
                0x00092c3c                alt_tse_system_add_sys
                0x00093638                alt_tse_sys_enable_mdio_sharing
                0x0009379c                alt_tse_mac_get_common_speed
                0x000937dc                alt_tse_mac_set_common_speed
                0x00093824                alt_tse_get_system_index
                0x00093890                alt_tse_get_mac_group_index
                0x00093904                alt_tse_get_mac_info_index
                0x00093984                alt_tse_get_mac_info
                0x00093a5c                alt_tse_mac_set_speed
                0x00093b3c                alt_tse_mac_set_duplex
                0x00093bc8                getPHYSpeed
                0x0009463c                alt_tse_phy_rd_mdio_addr
                0x00094684                alt_tse_phy_wr_mdio_addr
                0x000946dc                alt_tse_phy_wr_mdio_reg
                0x00094808                alt_tse_phy_rd_mdio_reg
                0x000948d4                alt_tse_phy_add_profile_default
                0x00094b6c                alt_tse_phy_print_profile
                0x00094d7c                alt_tse_mac_group_init
                0x00095418                alt_tse_mac_get_phy
                0x00095834                alt_tse_mac_associate_phy
                0x00095a74                alt_tse_phy_cfg_pcs
                0x00095b9c                alt_tse_phy_init
                0x00095cb4                alt_tse_phy_restart_an
                0x00095e78                alt_tse_phy_check_link
                0x00095fd8                alt_tse_phy_get_cap
                0x00096570                alt_tse_phy_set_adv_1000
                0x0009672c                alt_tse_phy_set_adv_100
                0x00096974                alt_tse_phy_set_adv_10
                0x00096b1c                alt_tse_phy_get_common_speed
                0x00096e44                alt_tse_phy_set_common_speed
                0x000972fc                marvell_phy_cfg
                0x00097394                marvell_cfg_gmii
                0x00097478                marvell_cfg_sgmii
                0x0009755c                marvell_cfg_rgmii
                0x0009764c                DP83848C_link_status_read
 .text          0x000976c4        0x0 ../../Desktop/Repozytorium/SzyfratorCopy/Szyfrator_v2/software/Sztfrator_NET_BSP\libhal_bsp.a(altera_avalon_tse_system_info.o)
 .text          0x000976c4      0x27c ../../Desktop/Repozytorium/SzyfratorCopy/Szyfrator_v2/software/Sztfrator_NET_BSP\libhal_bsp.a(perf_print_formatted_report.o)
                0x000976c4                perf_print_formatted_report
 .text          0x00097940      0x140 ../../Desktop/Repozytorium/SzyfratorCopy/Szyfrator_v2/software/Sztfrator_NET_BSP\libhal_bsp.a(alt_alarm_start.o)
                0x00097940                alt_alarm_start
 .text          0x00097a80       0x1c ../../Desktop/Repozytorium/SzyfratorCopy/Szyfrator_v2/software/Sztfrator_NET_BSP\libhal_bsp.a(alt_dcache_flush_all.o)
                0x00097a80                alt_dcache_flush_all
 .text          0x00097a9c       0xf0 ../../Desktop/Repozytorium/SzyfratorCopy/Szyfrator_v2/software/Sztfrator_NET_BSP\libhal_bsp.a(alt_dev_llist_insert.o)
                0x00097aec                alt_dev_llist_insert
 .text          0x00097b8c       0x5c ../../Desktop/Repozytorium/SzyfratorCopy/Szyfrator_v2/software/Sztfrator_NET_BSP\libhal_bsp.a(alt_do_ctors.o)
                0x00097b8c                _do_ctors
 .text          0x00097be8       0x5c ../../Desktop/Repozytorium/SzyfratorCopy/Szyfrator_v2/software/Sztfrator_NET_BSP\libhal_bsp.a(alt_do_dtors.o)
                0x00097be8                _do_dtors
 .text          0x00097c44       0x90 ../../Desktop/Repozytorium/SzyfratorCopy/Szyfrator_v2/software/Sztfrator_NET_BSP\libhal_bsp.a(alt_find_dev.o)
                0x00097c44                alt_find_dev
 .text          0x00097cd4       0x30 ../../Desktop/Repozytorium/SzyfratorCopy/Szyfrator_v2/software/Sztfrator_NET_BSP\libhal_bsp.a(alt_icache_flush_all.o)
                0x00097cd4                alt_icache_flush_all
 .text          0x00097d04      0x1d8 ../../Desktop/Repozytorium/SzyfratorCopy/Szyfrator_v2/software/Sztfrator_NET_BSP\libhal_bsp.a(alt_iic.o)
                0x00097d04                alt_ic_isr_register
                0x00097d54                alt_ic_irq_enable
                0x00097df0                alt_ic_irq_disable
                0x00097e90                alt_ic_irq_enabled
 .text          0x00097edc       0xf0 ../../Desktop/Repozytorium/SzyfratorCopy/Szyfrator_v2/software/Sztfrator_NET_BSP\libhal_bsp.a(alt_iic_isr_register.o)
                0x00097edc                alt_iic_isr_register
 .text          0x00097fcc      0x138 ../../Desktop/Repozytorium/SzyfratorCopy/Szyfrator_v2/software/Sztfrator_NET_BSP\libhal_bsp.a(alt_io_redirect.o)
                0x0009808c                alt_io_redirect
 .text          0x00098104        0x0 ../../Desktop/Repozytorium/SzyfratorCopy/Szyfrator_v2/software/Sztfrator_NET_BSP\libhal_bsp.a(alt_irq_entry.o)
 .text          0x00098104        0x0 ../../Desktop/Repozytorium/SzyfratorCopy/Szyfrator_v2/software/Sztfrator_NET_BSP\libhal_bsp.a(alt_irq_handler.o)
 .text          0x00098104        0x0 ../../Desktop/Repozytorium/SzyfratorCopy/Szyfrator_v2/software/Sztfrator_NET_BSP\libhal_bsp.a(alt_irq_vars.o)
 .text          0x00098104      0x270 ../../Desktop/Repozytorium/SzyfratorCopy/Szyfrator_v2/software/Sztfrator_NET_BSP\libhal_bsp.a(alt_open.o)
                0x00098220                open
 .text          0x00098374       0x40 ../../Desktop/Repozytorium/SzyfratorCopy/Szyfrator_v2/software/Sztfrator_NET_BSP\libhal_bsp.a(alt_remap_uncached.o)
                0x00098374                alt_remap_uncached
 .text          0x000983b4      0x19c ../../Desktop/Repozytorium/SzyfratorCopy/Szyfrator_v2/software/Sztfrator_NET_BSP\libhal_bsp.a(alt_tick.o)
                0x000983b4                alt_alarm_stop
                0x0009844c                alt_tick
 .text          0x00098550       0x30 ../../Desktop/Repozytorium/SzyfratorCopy/Szyfrator_v2/software/Sztfrator_NET_BSP\libhal_bsp.a(alt_usleep.o)
                0x00098550                usleep
 .text          0x00098580       0x20 ../../Desktop/Repozytorium/SzyfratorCopy/Szyfrator_v2/software/Sztfrator_NET_BSP\libhal_bsp.a(altera_nios2_qsys_irq.o)
                0x00098580                altera_nios2_qsys_irq_init
 .text          0x000985a0      0x17c ../../Desktop/Repozytorium/SzyfratorCopy/Szyfrator_v2/software/Sztfrator_NET_BSP\libhal_bsp.a(altera_avalon_performance_counter.o)
                0x000985a0                perf_get_section_time
                0x0009864c                perf_get_total_time
                0x00098698                perf_get_num_starts
                0x000986d4                alt_get_performance_counter_base
                0x000986f8                alt_get_cpu_freq
 .text          0x0009871c      0x154 ../../Desktop/Repozytorium/SzyfratorCopy/Szyfrator_v2/software/Sztfrator_NET_BSP\libhal_bsp.a(alt_busy_sleep.o)
                0x0009871c                alt_busy_sleep
 .text          0x00098870       0x24 ../../Desktop/Repozytorium/SzyfratorCopy/Szyfrator_v2/software/Sztfrator_NET_BSP\libhal_bsp.a(alt_dcache_flush.o)
                0x00098870                alt_dcache_flush
 .text          0x00098894        0x0 ../../Desktop/Repozytorium/SzyfratorCopy/Szyfrator_v2/software/Sztfrator_NET_BSP\libhal_bsp.a(alt_exception_entry.o)
 .text          0x00098894      0x114 ../../Desktop/Repozytorium/SzyfratorCopy/Szyfrator_v2/software/Sztfrator_NET_BSP\libhal_bsp.a(alt_find_file.o)
                0x00098894                alt_find_file
 .text          0x000989a8       0xb4 ../../Desktop/Repozytorium/SzyfratorCopy/Szyfrator_v2/software/Sztfrator_NET_BSP\libhal_bsp.a(alt_get_fd.o)
                0x000989a8                alt_get_fd
 .text          0x00098a5c       0x8c ../../Desktop/Repozytorium/SzyfratorCopy/Szyfrator_v2/software/Sztfrator_NET_BSP\libhal_bsp.a(alt_icache_flush.o)
                0x00098a5c                alt_icache_flush
 .text          0x00098ae8       0x14 c:/altera/13.1/nios2eds/bin/gnu/h-i686-mingw32/bin/../lib/gcc/nios2-elf/4.7.3/../../../../../H-i686-mingw32/nios2-elf/lib\libc.a(lib_a-atexit.o)
                0x00098ae8                atexit
 .text          0x00098afc       0x38 c:/altera/13.1/nios2eds/bin/gnu/h-i686-mingw32/bin/../lib/gcc/nios2-elf/4.7.3/../../../../../H-i686-mingw32/nios2-elf/lib\libc.a(lib_a-exit.o)
                0x00098afc                exit
 .text          0x00098b34       0xf8 c:/altera/13.1/nios2eds/bin/gnu/h-i686-mingw32/bin/../lib/gcc/nios2-elf/4.7.3/../../../../../H-i686-mingw32/nios2-elf/lib\libc.a(lib_a-getc.o)
                0x00098b34                _getc_r
                0x00098ba4                getc
 .text          0x00098c2c       0x28 c:/altera/13.1/nios2eds/bin/gnu/h-i686-mingw32/bin/../lib/gcc/nios2-elf/4.7.3/../../../../../H-i686-mingw32/nios2-elf/lib\libc.a(lib_a-malloc.o)
                0x00098c2c                malloc
                0x00098c40                free
 .text          0x00098c54       0x7c c:/altera/13.1/nios2eds/bin/gnu/h-i686-mingw32/bin/../lib/gcc/nios2-elf/4.7.3/../../../../../H-i686-mingw32/nios2-elf/lib\libc.a(lib_a-memcmp.o)
                0x00098c54                memcmp
 .text          0x00098cd0       0x60 c:/altera/13.1/nios2eds/bin/gnu/h-i686-mingw32/bin/../lib/gcc/nios2-elf/4.7.3/../../../../../H-i686-mingw32/nios2-elf/lib\libc.a(lib_a-rget.o)
                0x00098cd0                __srget_r
                0x00098d1c                __srget
 .text          0x00098d30       0x94 c:/altera/13.1/nios2eds/bin/gnu/h-i686-mingw32/bin/../lib/gcc/nios2-elf/4.7.3/../../../../../H-i686-mingw32/nios2-elf/lib\libc.a(lib_a-strcpy.o)
                0x00098d30                strcpy
 .text          0x00098dc4      0x130 c:/altera/13.1/nios2eds/bin/gnu/h-i686-mingw32/bin/../lib/gcc/nios2-elf/4.7.3/../../../../../H-i686-mingw32/nios2-elf/lib\libc.a(lib_a-__atexit.o)
                0x00098dc4                __register_exitproc
 .text          0x00098ef4      0x1a0 c:/altera/13.1/nios2eds/bin/gnu/h-i686-mingw32/bin/../lib/gcc/nios2-elf/4.7.3/../../../../../H-i686-mingw32/nios2-elf/lib\libc.a(lib_a-__call_atexit.o)
                0x00098ef4                __call_exitprocs
 .text          0x00099094       0x70 c:/altera/13.1/nios2eds/bin/gnu/h-i686-mingw32/bin/../lib/gcc/nios2-elf/4.7.3\libgcc.a(_floatundidf.o)
                0x00099094                __floatundidf
 .text          0x00099104       0x3c ../../Desktop/Repozytorium/SzyfratorCopy/Szyfrator_v2/software/Sztfrator_NET_BSP\libhal_bsp.a(alt_exit.o)
                0x00099104                _exit
 *(.gnu.warning.*)
 *(.fini)
                0x00099140                PROVIDE (__etext, ABSOLUTE (.))
                0x00099140                PROVIDE (_etext, ABSOLUTE (.))
                0x00099140                PROVIDE (etext, ABSOLUTE (.))
 *(.eh_frame_hdr)
                0x00099140                . = ALIGN (0x4)
                0x00099140                PROVIDE (__preinit_array_start, ABSOLUTE (.))
 *(.preinit_array)
                0x00099140                PROVIDE (__preinit_array_end, ABSOLUTE (.))
                0x00099140                PROVIDE (__init_array_start, ABSOLUTE (.))
 *(.init_array)
                0x00099140                PROVIDE (__init_array_end, ABSOLUTE (.))
                0x00099140                PROVIDE (__fini_array_start, ABSOLUTE (.))
 *(.fini_array)
                0x00099140                PROVIDE (__fini_array_end, ABSOLUTE (.))
 *(.eh_frame)
 *(.gcc_except_table .gcc_except_table.*)
 *(.dynamic)
                0x00099140                PROVIDE (__CTOR_LIST__, ABSOLUTE (.))
 *(.ctors)
 *(SORT(.ctors.*))
                0x00099140                PROVIDE (__CTOR_END__, ABSOLUTE (.))
                0x00099140                PROVIDE (__DTOR_LIST__, ABSOLUTE (.))
 *(.dtors)
 *(SORT(.dtors.*))
                0x00099140                PROVIDE (__DTOR_END__, ABSOLUTE (.))
 *(.jcr)
                0x00099140                . = ALIGN (0x4)

.rodata         0x00099140     0x2964
                0x00099140                PROVIDE (__ram_rodata_start, ABSOLUTE (.))
                0x00099140                . = ALIGN (0x4)
 *(.rodata .rodata.* .gnu.linkonce.r.*)
 .rodata        0x00099140      0x614 obj/default/Net_szyfr.o
 .rodata.str1.4
                0x00099754        0x2 c:/altera/13.1/nios2eds/bin/gnu/h-i686-mingw32/bin/../lib/gcc/nios2-elf/4.7.3/../../../../../H-i686-mingw32/nios2-elf/lib\libc.a(lib_a-puts.o)
                                  0x4 (size before relaxing)
 *fill*         0x00099756        0x2 
 .rodata.str1.4
                0x00099758       0x42 c:/altera/13.1/nios2eds/bin/gnu/h-i686-mingw32/bin/../lib/gcc/nios2-elf/4.7.3/../../../../../H-i686-mingw32/nios2-elf/lib\libc.a(lib_a-vfprintf.o)
                                 0x44 (size before relaxing)
 .rodata        0x0009979a       0x20 c:/altera/13.1/nios2eds/bin/gnu/h-i686-mingw32/bin/../lib/gcc/nios2-elf/4.7.3/../../../../../H-i686-mingw32/nios2-elf/lib\libc.a(lib_a-vfprintf.o)
 *fill*         0x000997ba        0x2 
 .rodata.str1.4
                0x000997bc        0x5 c:/altera/13.1/nios2eds/bin/gnu/h-i686-mingw32/bin/../lib/gcc/nios2-elf/4.7.3/../../../../../H-i686-mingw32/nios2-elf/lib\libc.a(lib_a-vfscanf.o)
                                  0x8 (size before relaxing)
 *fill*         0x000997c1        0x1 
 .rodata        0x000997c2       0x22 c:/altera/13.1/nios2eds/bin/gnu/h-i686-mingw32/bin/../lib/gcc/nios2-elf/4.7.3/../../../../../H-i686-mingw32/nios2-elf/lib\libc.a(lib_a-vfscanf.o)
 .rodata        0x000997e4      0x281 c:/altera/13.1/nios2eds/bin/gnu/h-i686-mingw32/bin/../lib/gcc/nios2-elf/4.7.3/../../../../../H-i686-mingw32/nios2-elf/lib\libc.a(lib_a-ctype_.o)
                0x000997e4                _ctype_
 *fill*         0x00099a65        0x3 
 .rodata.str1.4
                0x00099a68       0x10 c:/altera/13.1/nios2eds/bin/gnu/h-i686-mingw32/bin/../lib/gcc/nios2-elf/4.7.3/../../../../../H-i686-mingw32/nios2-elf/lib\libc.a(lib_a-dtoa.o)
                                 0x14 (size before relaxing)
 .rodata.str1.4
                0x00099a78        0x2 c:/altera/13.1/nios2eds/bin/gnu/h-i686-mingw32/bin/../lib/gcc/nios2-elf/4.7.3/../../../../../H-i686-mingw32/nios2-elf/lib\libc.a(lib_a-impure.o)
                                  0x4 (size before relaxing)
 *fill*         0x00099a7a        0x2 
 .rodata.str1.4
                0x00099a7c        0xe c:/altera/13.1/nios2eds/bin/gnu/h-i686-mingw32/bin/../lib/gcc/nios2-elf/4.7.3/../../../../../H-i686-mingw32/nios2-elf/lib\libc.a(lib_a-locale.o)
                                 0x18 (size before relaxing)
 *fill*         0x00099a8a        0x2 
 .rodata        0x00099a8c       0x30 c:/altera/13.1/nios2eds/bin/gnu/h-i686-mingw32/bin/../lib/gcc/nios2-elf/4.7.3/../../../../../H-i686-mingw32/nios2-elf/lib\libc.a(lib_a-locale.o)
 .rodata.str1.4
                0x00000000        0x4 c:/altera/13.1/nios2eds/bin/gnu/h-i686-mingw32/bin/../lib/gcc/nios2-elf/4.7.3/../../../../../H-i686-mingw32/nios2-elf/lib\libc.a(lib_a-mbrtowc.o)
 .rodata        0x00099abc      0x124 c:/altera/13.1/nios2eds/bin/gnu/h-i686-mingw32/bin/../lib/gcc/nios2-elf/4.7.3/../../../../../H-i686-mingw32/nios2-elf/lib\libc.a(lib_a-mprec.o)
                0x00099abc                __mprec_tinytens
                0x00099ae4                __mprec_bigtens
                0x00099b0c                __mprec_tens
 .rodata.str1.4
                0x00099be0        0xf c:/altera/13.1/nios2eds/bin/gnu/h-i686-mingw32/bin/../lib/gcc/nios2-elf/4.7.3/../../../../../H-i686-mingw32/nios2-elf/lib\libc.a(lib_a-strtod.o)
                                 0x10 (size before relaxing)
 *fill*         0x00099bef        0x1 
 .rodata        0x00099bf0       0x28 c:/altera/13.1/nios2eds/bin/gnu/h-i686-mingw32/bin/../lib/gcc/nios2-elf/4.7.3/../../../../../H-i686-mingw32/nios2-elf/lib\libc.a(lib_a-strtod.o)
 .rodata.str1.4
                0x00099c18       0x1c c:/altera/13.1/nios2eds/bin/gnu/h-i686-mingw32/bin/../lib/gcc/nios2-elf/4.7.3/../../../../../H-i686-mingw32/nios2-elf/lib\libc.a(lib_a-gdtoa-gethex.o)
 .rodata        0x00099c34       0x14 c:/altera/13.1/nios2eds/bin/gnu/h-i686-mingw32/bin/../lib/gcc/nios2-elf/4.7.3\libgcc.a(_thenan_df.o)
                0x00099c34                __thenan_df
 .rodata        0x00099c48      0x100 c:/altera/13.1/nios2eds/bin/gnu/h-i686-mingw32/bin/../lib/gcc/nios2-elf/4.7.3\libgcc.a(_clz.o)
                0x00099c48                __clz_tab
 .rodata        0x00099d48        0xc ../../Desktop/Repozytorium/SzyfratorCopy/Szyfrator_v2/software/Sztfrator_NET_BSP\libhal_bsp.a(alt_dev.o)
 .rodata        0x00099d54       0x10 ../../Desktop/Repozytorium/SzyfratorCopy/Szyfrator_v2/software/Sztfrator_NET_BSP\libhal_bsp.a(alt_main.o)
 .rodata        0x00099d64       0x50 ../../Desktop/Repozytorium/SzyfratorCopy/Szyfrator_v2/software/Sztfrator_NET_BSP\libhal_bsp.a(alt_sys_init.o)
 .rodata        0x00099db4     0x1bf0 ../../Desktop/Repozytorium/SzyfratorCopy/Szyfrator_v2/software/Sztfrator_NET_BSP\libhal_bsp.a(altera_avalon_tse.o)
 .rodata        0x0009b9a4      0x100 ../../Desktop/Repozytorium/SzyfratorCopy/Szyfrator_v2/software/Sztfrator_NET_BSP\libhal_bsp.a(perf_print_formatted_report.o)
 *(.rodata1)
                0x0009baa4                . = ALIGN (0x4)
                0x0009baa4                PROVIDE (__ram_rodata_end, ABSOLUTE (.))
                0x00099140                PROVIDE (__flash_rodata_start, LOADADDR (.rodata))

.rwdata         0x0009baa4     0x1b70 load address 0x0009d614
                0x0009baa4                PROVIDE (__ram_rwdata_start, ABSOLUTE (.))
                0x0009baa4                . = ALIGN (0x4)
 *(.got.plt)
 *(.got)
 *(.data1)
 *(.data .data.* .gnu.linkonce.d.*)
 .data          0x0009baa4        0x0 ../../Desktop/Repozytorium/SzyfratorCopy/Szyfrator_v2/software/Sztfrator_NET_BSP/obj/HAL/src/crt0.o
 .data          0x0009baa4        0x0 obj/default/Net_szyfr.o
 .data          0x0009baa4        0x0 c:/altera/13.1/nios2eds/bin/gnu/h-i686-mingw32/bin/../lib/gcc/nios2-elf/4.7.3\libgcc.a(lib2-divmod.o)
 .data          0x0009baa4        0x0 c:/altera/13.1/nios2eds/bin/gnu/h-i686-mingw32/bin/../lib/gcc/nios2-elf/4.7.3/../../../../../H-i686-mingw32/nios2-elf/lib\libc.a(lib_a-printf.o)
 .data          0x0009baa4        0x0 c:/altera/13.1/nios2eds/bin/gnu/h-i686-mingw32/bin/../lib/gcc/nios2-elf/4.7.3/../../../../../H-i686-mingw32/nios2-elf/lib\libc.a(lib_a-putchar.o)
 .data          0x0009baa4        0x0 c:/altera/13.1/nios2eds/bin/gnu/h-i686-mingw32/bin/../lib/gcc/nios2-elf/4.7.3/../../../../../H-i686-mingw32/nios2-elf/lib\libc.a(lib_a-puts.o)
 .data          0x0009baa4        0x0 c:/altera/13.1/nios2eds/bin/gnu/h-i686-mingw32/bin/../lib/gcc/nios2-elf/4.7.3/../../../../../H-i686-mingw32/nios2-elf/lib\libc.a(lib_a-scanf.o)
 .data          0x0009baa4        0x0 c:/altera/13.1/nios2eds/bin/gnu/h-i686-mingw32/bin/../lib/gcc/nios2-elf/4.7.3/../../../../../H-i686-mingw32/nios2-elf/lib\libc.a(lib_a-strlen.o)
 .data          0x0009baa4        0x0 c:/altera/13.1/nios2eds/bin/gnu/h-i686-mingw32/bin/../lib/gcc/nios2-elf/4.7.3/../../../../../H-i686-mingw32/nios2-elf/lib\libc.a(lib_a-vfprintf.o)
 .data          0x0009baa4        0x0 c:/altera/13.1/nios2eds/bin/gnu/h-i686-mingw32/bin/../lib/gcc/nios2-elf/4.7.3/../../../../../H-i686-mingw32/nios2-elf/lib\libc.a(lib_a-vfscanf.o)
 .data          0x0009baa4        0x0 c:/altera/13.1/nios2eds/bin/gnu/h-i686-mingw32/bin/../lib/gcc/nios2-elf/4.7.3/../../../../../H-i686-mingw32/nios2-elf/lib\libc.a(lib_a-wsetup.o)
 .data          0x0009baa4        0x0 c:/altera/13.1/nios2eds/bin/gnu/h-i686-mingw32/bin/../lib/gcc/nios2-elf/4.7.3/../../../../../H-i686-mingw32/nios2-elf/lib\libc.a(lib_a-ctype_.o)
 .data          0x0009baa4        0x0 c:/altera/13.1/nios2eds/bin/gnu/h-i686-mingw32/bin/../lib/gcc/nios2-elf/4.7.3/../../../../../H-i686-mingw32/nios2-elf/lib\libc.a(lib_a-dtoa.o)
 .data          0x0009baa4        0x0 c:/altera/13.1/nios2eds/bin/gnu/h-i686-mingw32/bin/../lib/gcc/nios2-elf/4.7.3/../../../../../H-i686-mingw32/nios2-elf/lib\libc.a(lib_a-fflush.o)
 .data          0x0009baa4        0x0 c:/altera/13.1/nios2eds/bin/gnu/h-i686-mingw32/bin/../lib/gcc/nios2-elf/4.7.3/../../../../../H-i686-mingw32/nios2-elf/lib\libc.a(lib_a-findfp.o)
 .data          0x0009baa4        0x0 c:/altera/13.1/nios2eds/bin/gnu/h-i686-mingw32/bin/../lib/gcc/nios2-elf/4.7.3/../../../../../H-i686-mingw32/nios2-elf/lib\libc.a(lib_a-fread.o)
 .data          0x0009baa4        0x0 c:/altera/13.1/nios2eds/bin/gnu/h-i686-mingw32/bin/../lib/gcc/nios2-elf/4.7.3/../../../../../H-i686-mingw32/nios2-elf/lib\libc.a(lib_a-freer.o)
 .data          0x0009baa4        0x0 c:/altera/13.1/nios2eds/bin/gnu/h-i686-mingw32/bin/../lib/gcc/nios2-elf/4.7.3/../../../../../H-i686-mingw32/nios2-elf/lib\libc.a(lib_a-fvwrite.o)
 .data          0x0009baa4        0x0 c:/altera/13.1/nios2eds/bin/gnu/h-i686-mingw32/bin/../lib/gcc/nios2-elf/4.7.3/../../../../../H-i686-mingw32/nios2-elf/lib\libc.a(lib_a-fwalk.o)
 .data          0x0009baa4      0x400 c:/altera/13.1/nios2eds/bin/gnu/h-i686-mingw32/bin/../lib/gcc/nios2-elf/4.7.3/../../../../../H-i686-mingw32/nios2-elf/lib\libc.a(lib_a-impure.o)
 .data          0x0009bea4        0x0 c:/altera/13.1/nios2eds/bin/gnu/h-i686-mingw32/bin/../lib/gcc/nios2-elf/4.7.3/../../../../../H-i686-mingw32/nios2-elf/lib\libc.a(lib_a-iswspace.o)
 .data          0x0009bea4        0xc c:/altera/13.1/nios2eds/bin/gnu/h-i686-mingw32/bin/../lib/gcc/nios2-elf/4.7.3/../../../../../H-i686-mingw32/nios2-elf/lib\libc.a(lib_a-locale.o)
                0x0009bea4                __lc_ctype
 .data          0x0009beb0        0x0 c:/altera/13.1/nios2eds/bin/gnu/h-i686-mingw32/bin/../lib/gcc/nios2-elf/4.7.3/../../../../../H-i686-mingw32/nios2-elf/lib\libc.a(lib_a-makebuf.o)
 .data          0x0009beb0      0x408 c:/altera/13.1/nios2eds/bin/gnu/h-i686-mingw32/bin/../lib/gcc/nios2-elf/4.7.3/../../../../../H-i686-mingw32/nios2-elf/lib\libc.a(lib_a-mallocr.o)
                0x0009beb0                __malloc_av_
 .data          0x0009c2b8        0x0 c:/altera/13.1/nios2eds/bin/gnu/h-i686-mingw32/bin/../lib/gcc/nios2-elf/4.7.3/../../../../../H-i686-mingw32/nios2-elf/lib\libc.a(lib_a-mbrtowc.o)
 .data          0x0009c2b8        0x0 c:/altera/13.1/nios2eds/bin/gnu/h-i686-mingw32/bin/../lib/gcc/nios2-elf/4.7.3/../../../../../H-i686-mingw32/nios2-elf/lib\libc.a(lib_a-mbtowc_r.o)
 .data          0x0009c2b8        0x0 c:/altera/13.1/nios2eds/bin/gnu/h-i686-mingw32/bin/../lib/gcc/nios2-elf/4.7.3/../../../../../H-i686-mingw32/nios2-elf/lib\libc.a(lib_a-memchr.o)
 .data          0x0009c2b8        0x0 c:/altera/13.1/nios2eds/bin/gnu/h-i686-mingw32/bin/../lib/gcc/nios2-elf/4.7.3/../../../../../H-i686-mingw32/nios2-elf/lib\libc.a(lib_a-memcpy.o)
 .data          0x0009c2b8        0x0 c:/altera/13.1/nios2eds/bin/gnu/h-i686-mingw32/bin/../lib/gcc/nios2-elf/4.7.3/../../../../../H-i686-mingw32/nios2-elf/lib\libc.a(lib_a-memmove.o)
 .data          0x0009c2b8        0x0 c:/altera/13.1/nios2eds/bin/gnu/h-i686-mingw32/bin/../lib/gcc/nios2-elf/4.7.3/../../../../../H-i686-mingw32/nios2-elf/lib\libc.a(lib_a-memset.o)
 .data          0x0009c2b8        0x0 c:/altera/13.1/nios2eds/bin/gnu/h-i686-mingw32/bin/../lib/gcc/nios2-elf/4.7.3/../../../../../H-i686-mingw32/nios2-elf/lib\libc.a(lib_a-mprec.o)
 .data          0x0009c2b8        0x0 c:/altera/13.1/nios2eds/bin/gnu/h-i686-mingw32/bin/../lib/gcc/nios2-elf/4.7.3/../../../../../H-i686-mingw32/nios2-elf/lib\libc.a(lib_a-putc.o)
 .data          0x0009c2b8        0x0 c:/altera/13.1/nios2eds/bin/gnu/h-i686-mingw32/bin/../lib/gcc/nios2-elf/4.7.3/../../../../../H-i686-mingw32/nios2-elf/lib\libc.a(lib_a-reallocr.o)
 .data          0x0009c2b8        0x0 c:/altera/13.1/nios2eds/bin/gnu/h-i686-mingw32/bin/../lib/gcc/nios2-elf/4.7.3/../../../../../H-i686-mingw32/nios2-elf/lib\libc.a(lib_a-refill.o)
 .data          0x0009c2b8        0x0 c:/altera/13.1/nios2eds/bin/gnu/h-i686-mingw32/bin/../lib/gcc/nios2-elf/4.7.3/../../../../../H-i686-mingw32/nios2-elf/lib\libc.a(lib_a-s_isinfd.o)
 .data          0x0009c2b8        0x0 c:/altera/13.1/nios2eds/bin/gnu/h-i686-mingw32/bin/../lib/gcc/nios2-elf/4.7.3/../../../../../H-i686-mingw32/nios2-elf/lib\libc.a(lib_a-s_isnand.o)
 .data          0x0009c2b8        0x0 c:/altera/13.1/nios2eds/bin/gnu/h-i686-mingw32/bin/../lib/gcc/nios2-elf/4.7.3/../../../../../H-i686-mingw32/nios2-elf/lib\libc.a(lib_a-sbrkr.o)
 .data          0x0009c2b8        0x0 c:/altera/13.1/nios2eds/bin/gnu/h-i686-mingw32/bin/../lib/gcc/nios2-elf/4.7.3/../../../../../H-i686-mingw32/nios2-elf/lib\libc.a(lib_a-sccl.o)
 .data          0x0009c2b8        0x0 c:/altera/13.1/nios2eds/bin/gnu/h-i686-mingw32/bin/../lib/gcc/nios2-elf/4.7.3/../../../../../H-i686-mingw32/nios2-elf/lib\libc.a(lib_a-sf_nan.o)
 .data          0x0009c2b8        0x0 c:/altera/13.1/nios2eds/bin/gnu/h-i686-mingw32/bin/../lib/gcc/nios2-elf/4.7.3/../../../../../H-i686-mingw32/nios2-elf/lib\libc.a(lib_a-sprintf.o)
 .data          0x0009c2b8        0x0 c:/altera/13.1/nios2eds/bin/gnu/h-i686-mingw32/bin/../lib/gcc/nios2-elf/4.7.3/../../../../../H-i686-mingw32/nios2-elf/lib\libc.a(lib_a-stdio.o)
 .data          0x0009c2b8        0x0 c:/altera/13.1/nios2eds/bin/gnu/h-i686-mingw32/bin/../lib/gcc/nios2-elf/4.7.3/../../../../../H-i686-mingw32/nios2-elf/lib\libc.a(lib_a-strcmp.o)
 .data          0x0009c2b8       0x28 c:/altera/13.1/nios2eds/bin/gnu/h-i686-mingw32/bin/../lib/gcc/nios2-elf/4.7.3/../../../../../H-i686-mingw32/nios2-elf/lib\libc.a(lib_a-strtod.o)
 .data          0x0009c2e0        0x0 c:/altera/13.1/nios2eds/bin/gnu/h-i686-mingw32/bin/../lib/gcc/nios2-elf/4.7.3/../../../../../H-i686-mingw32/nios2-elf/lib\libc.a(lib_a-strtol.o)
 .data          0x0009c2e0        0x0 c:/altera/13.1/nios2eds/bin/gnu/h-i686-mingw32/bin/../lib/gcc/nios2-elf/4.7.3/../../../../../H-i686-mingw32/nios2-elf/lib\libc.a(lib_a-strtoll_r.o)
 .data          0x0009c2e0        0x0 c:/altera/13.1/nios2eds/bin/gnu/h-i686-mingw32/bin/../lib/gcc/nios2-elf/4.7.3/../../../../../H-i686-mingw32/nios2-elf/lib\libc.a(lib_a-strtoul.o)
 .data          0x0009c2e0        0x0 c:/altera/13.1/nios2eds/bin/gnu/h-i686-mingw32/bin/../lib/gcc/nios2-elf/4.7.3/../../../../../H-i686-mingw32/nios2-elf/lib\libc.a(lib_a-strtoull_r.o)
 .data          0x0009c2e0        0x0 c:/altera/13.1/nios2eds/bin/gnu/h-i686-mingw32/bin/../lib/gcc/nios2-elf/4.7.3/../../../../../H-i686-mingw32/nios2-elf/lib\libc.a(lib_a-ungetc.o)
 .data          0x0009c2e0        0x0 c:/altera/13.1/nios2eds/bin/gnu/h-i686-mingw32/bin/../lib/gcc/nios2-elf/4.7.3/../../../../../H-i686-mingw32/nios2-elf/lib\libc.a(lib_a-wbuf.o)
 .data          0x0009c2e0        0x0 c:/altera/13.1/nios2eds/bin/gnu/h-i686-mingw32/bin/../lib/gcc/nios2-elf/4.7.3/../../../../../H-i686-mingw32/nios2-elf/lib\libc.a(lib_a-writer.o)
 .data          0x0009c2e0        0x0 c:/altera/13.1/nios2eds/bin/gnu/h-i686-mingw32/bin/../lib/gcc/nios2-elf/4.7.3/../../../../../H-i686-mingw32/nios2-elf/lib\libc.a(lib_a-callocr.o)
 .data          0x0009c2e0        0x0 c:/altera/13.1/nios2eds/bin/gnu/h-i686-mingw32/bin/../lib/gcc/nios2-elf/4.7.3/../../../../../H-i686-mingw32/nios2-elf/lib\libc.a(lib_a-closer.o)
 .data          0x0009c2e0        0x0 c:/altera/13.1/nios2eds/bin/gnu/h-i686-mingw32/bin/../lib/gcc/nios2-elf/4.7.3/../../../../../H-i686-mingw32/nios2-elf/lib\libc.a(lib_a-fclose.o)
 .data          0x0009c2e0        0x0 c:/altera/13.1/nios2eds/bin/gnu/h-i686-mingw32/bin/../lib/gcc/nios2-elf/4.7.3/../../../../../H-i686-mingw32/nios2-elf/lib\libc.a(lib_a-fstatr.o)
 .data          0x0009c2e0        0x0 c:/altera/13.1/nios2eds/bin/gnu/h-i686-mingw32/bin/../lib/gcc/nios2-elf/4.7.3/../../../../../H-i686-mingw32/nios2-elf/lib\libc.a(lib_a-gdtoa-gethex.o)
 .data          0x0009c2e0        0x0 c:/altera/13.1/nios2eds/bin/gnu/h-i686-mingw32/bin/../lib/gcc/nios2-elf/4.7.3/../../../../../H-i686-mingw32/nios2-elf/lib\libc.a(lib_a-gdtoa-hexnan.o)
 .data          0x0009c2e0        0x0 c:/altera/13.1/nios2eds/bin/gnu/h-i686-mingw32/bin/../lib/gcc/nios2-elf/4.7.3/../../../../../H-i686-mingw32/nios2-elf/lib\libc.a(lib_a-int_errno.o)
 .data          0x0009c2e0        0x0 c:/altera/13.1/nios2eds/bin/gnu/h-i686-mingw32/bin/../lib/gcc/nios2-elf/4.7.3/../../../../../H-i686-mingw32/nios2-elf/lib\libc.a(lib_a-isattyr.o)
 .data          0x0009c2e0        0x0 c:/altera/13.1/nios2eds/bin/gnu/h-i686-mingw32/bin/../lib/gcc/nios2-elf/4.7.3/../../../../../H-i686-mingw32/nios2-elf/lib\libc.a(lib_a-lseekr.o)
 .data          0x0009c2e0        0x0 c:/altera/13.1/nios2eds/bin/gnu/h-i686-mingw32/bin/../lib/gcc/nios2-elf/4.7.3/../../../../../H-i686-mingw32/nios2-elf/lib\libc.a(lib_a-readr.o)
 .data          0x0009c2e0        0x0 c:/altera/13.1/nios2eds/bin/gnu/h-i686-mingw32/bin/../lib/gcc/nios2-elf/4.7.3\libgcc.a(_muldi3.o)
 .data          0x0009c2e0        0x0 c:/altera/13.1/nios2eds/bin/gnu/h-i686-mingw32/bin/../lib/gcc/nios2-elf/4.7.3\libgcc.a(_fixunsdfsi.o)
 .data          0x0009c2e0        0x0 c:/altera/13.1/nios2eds/bin/gnu/h-i686-mingw32/bin/../lib/gcc/nios2-elf/4.7.3\libgcc.a(_udivdi3.o)
 .data          0x0009c2e0        0x0 c:/altera/13.1/nios2eds/bin/gnu/h-i686-mingw32/bin/../lib/gcc/nios2-elf/4.7.3\libgcc.a(_umoddi3.o)
 .data          0x0009c2e0        0x0 c:/altera/13.1/nios2eds/bin/gnu/h-i686-mingw32/bin/../lib/gcc/nios2-elf/4.7.3\libgcc.a(_eq_sf.o)
 .data          0x0009c2e0        0x0 c:/altera/13.1/nios2eds/bin/gnu/h-i686-mingw32/bin/../lib/gcc/nios2-elf/4.7.3\libgcc.a(_gt_sf.o)
 .data          0x0009c2e0        0x0 c:/altera/13.1/nios2eds/bin/gnu/h-i686-mingw32/bin/../lib/gcc/nios2-elf/4.7.3\libgcc.a(_lt_sf.o)
 .data          0x0009c2e0        0x0 c:/altera/13.1/nios2eds/bin/gnu/h-i686-mingw32/bin/../lib/gcc/nios2-elf/4.7.3\libgcc.a(_addsub_df.o)
 .data          0x0009c2e0        0x0 c:/altera/13.1/nios2eds/bin/gnu/h-i686-mingw32/bin/../lib/gcc/nios2-elf/4.7.3\libgcc.a(_mul_df.o)
 .data          0x0009c2e0        0x0 c:/altera/13.1/nios2eds/bin/gnu/h-i686-mingw32/bin/../lib/gcc/nios2-elf/4.7.3\libgcc.a(_div_df.o)
 .data          0x0009c2e0        0x0 c:/altera/13.1/nios2eds/bin/gnu/h-i686-mingw32/bin/../lib/gcc/nios2-elf/4.7.3\libgcc.a(_eq_df.o)
 .data          0x0009c2e0        0x0 c:/altera/13.1/nios2eds/bin/gnu/h-i686-mingw32/bin/../lib/gcc/nios2-elf/4.7.3\libgcc.a(_ne_df.o)
 .data          0x0009c2e0        0x0 c:/altera/13.1/nios2eds/bin/gnu/h-i686-mingw32/bin/../lib/gcc/nios2-elf/4.7.3\libgcc.a(_gt_df.o)
 .data          0x0009c2e0        0x0 c:/altera/13.1/nios2eds/bin/gnu/h-i686-mingw32/bin/../lib/gcc/nios2-elf/4.7.3\libgcc.a(_ge_df.o)
 .data          0x0009c2e0        0x0 c:/altera/13.1/nios2eds/bin/gnu/h-i686-mingw32/bin/../lib/gcc/nios2-elf/4.7.3\libgcc.a(_lt_df.o)
 .data          0x0009c2e0        0x0 c:/altera/13.1/nios2eds/bin/gnu/h-i686-mingw32/bin/../lib/gcc/nios2-elf/4.7.3\libgcc.a(_le_df.o)
 .data          0x0009c2e0        0x0 c:/altera/13.1/nios2eds/bin/gnu/h-i686-mingw32/bin/../lib/gcc/nios2-elf/4.7.3\libgcc.a(_si_to_df.o)
 .data          0x0009c2e0        0x0 c:/altera/13.1/nios2eds/bin/gnu/h-i686-mingw32/bin/../lib/gcc/nios2-elf/4.7.3\libgcc.a(_df_to_si.o)
 .data          0x0009c2e0        0x0 c:/altera/13.1/nios2eds/bin/gnu/h-i686-mingw32/bin/../lib/gcc/nios2-elf/4.7.3\libgcc.a(_df_to_sf.o)
 .data          0x0009c2e0        0x0 c:/altera/13.1/nios2eds/bin/gnu/h-i686-mingw32/bin/../lib/gcc/nios2-elf/4.7.3\libgcc.a(_thenan_df.o)
 .data          0x0009c2e0        0x0 c:/altera/13.1/nios2eds/bin/gnu/h-i686-mingw32/bin/../lib/gcc/nios2-elf/4.7.3\libgcc.a(_usi_to_df.o)
 .data          0x0009c2e0        0x0 c:/altera/13.1/nios2eds/bin/gnu/h-i686-mingw32/bin/../lib/gcc/nios2-elf/4.7.3\libgcc.a(_clz.o)
 .data          0x0009c2e0        0x0 c:/altera/13.1/nios2eds/bin/gnu/h-i686-mingw32/bin/../lib/gcc/nios2-elf/4.7.3\libgcc.a(_clzsi2.o)
 .data          0x0009c2e0        0x0 c:/altera/13.1/nios2eds/bin/gnu/h-i686-mingw32/bin/../lib/gcc/nios2-elf/4.7.3\libgcc.a(_unpack_sf.o)
 .data          0x0009c2e0        0x0 c:/altera/13.1/nios2eds/bin/gnu/h-i686-mingw32/bin/../lib/gcc/nios2-elf/4.7.3\libgcc.a(_fpcmp_parts_sf.o)
 .data          0x0009c2e0        0x0 c:/altera/13.1/nios2eds/bin/gnu/h-i686-mingw32/bin/../lib/gcc/nios2-elf/4.7.3\libgcc.a(_make_sf.o)
 .data          0x0009c2e0        0x0 c:/altera/13.1/nios2eds/bin/gnu/h-i686-mingw32/bin/../lib/gcc/nios2-elf/4.7.3\libgcc.a(_pack_df.o)
 .data          0x0009c2e0        0x0 c:/altera/13.1/nios2eds/bin/gnu/h-i686-mingw32/bin/../lib/gcc/nios2-elf/4.7.3\libgcc.a(_unpack_df.o)
 .data          0x0009c2e0        0x0 c:/altera/13.1/nios2eds/bin/gnu/h-i686-mingw32/bin/../lib/gcc/nios2-elf/4.7.3\libgcc.a(_fpcmp_parts_df.o)
 .data          0x0009c2e0        0x0 c:/altera/13.1/nios2eds/bin/gnu/h-i686-mingw32/bin/../lib/gcc/nios2-elf/4.7.3\libgcc.a(_lshrdi3.o)
 .data          0x0009c2e0        0x0 c:/altera/13.1/nios2eds/bin/gnu/h-i686-mingw32/bin/../lib/gcc/nios2-elf/4.7.3\libgcc.a(_ashldi3.o)
 .data          0x0009c2e0        0x0 c:/altera/13.1/nios2eds/bin/gnu/h-i686-mingw32/bin/../lib/gcc/nios2-elf/4.7.3\libgcc.a(_pack_sf.o)
 .data          0x0009c2e0        0x0 ../../Desktop/Repozytorium/SzyfratorCopy/Szyfrator_v2/software/Sztfrator_NET_BSP\libhal_bsp.a(alt_close.o)
 .data          0x0009c2e0      0x1a8 ../../Desktop/Repozytorium/SzyfratorCopy/Szyfrator_v2/software/Sztfrator_NET_BSP\libhal_bsp.a(alt_dev.o)
                0x0009c2e0                alt_dev_null
                0x0009c308                alt_fd_list
 .data          0x0009c488        0x0 ../../Desktop/Repozytorium/SzyfratorCopy/Szyfrator_v2/software/Sztfrator_NET_BSP\libhal_bsp.a(alt_errno.o)
 .data          0x0009c488        0x0 ../../Desktop/Repozytorium/SzyfratorCopy/Szyfrator_v2/software/Sztfrator_NET_BSP\libhal_bsp.a(alt_fstat.o)
 .data          0x0009c488        0x0 ../../Desktop/Repozytorium/SzyfratorCopy/Szyfrator_v2/software/Sztfrator_NET_BSP\libhal_bsp.a(alt_getchar.o)
 .data          0x0009c488        0x0 ../../Desktop/Repozytorium/SzyfratorCopy/Szyfrator_v2/software/Sztfrator_NET_BSP\libhal_bsp.a(alt_isatty.o)
 .data          0x0009c488        0x0 ../../Desktop/Repozytorium/SzyfratorCopy/Szyfrator_v2/software/Sztfrator_NET_BSP\libhal_bsp.a(alt_load.o)
 .data          0x0009c488        0x0 ../../Desktop/Repozytorium/SzyfratorCopy/Szyfrator_v2/software/Sztfrator_NET_BSP\libhal_bsp.a(alt_lseek.o)
 .data          0x0009c488        0x0 ../../Desktop/Repozytorium/SzyfratorCopy/Szyfrator_v2/software/Sztfrator_NET_BSP\libhal_bsp.a(alt_main.o)
 .data          0x0009c488        0x0 ../../Desktop/Repozytorium/SzyfratorCopy/Szyfrator_v2/software/Sztfrator_NET_BSP\libhal_bsp.a(alt_malloc_lock.o)
 .data          0x0009c488        0x0 ../../Desktop/Repozytorium/SzyfratorCopy/Szyfrator_v2/software/Sztfrator_NET_BSP\libhal_bsp.a(alt_printf.o)
 .data          0x0009c488        0x0 ../../Desktop/Repozytorium/SzyfratorCopy/Szyfrator_v2/software/Sztfrator_NET_BSP\libhal_bsp.a(alt_putchar.o)
 .data          0x0009c488        0x0 ../../Desktop/Repozytorium/SzyfratorCopy/Szyfrator_v2/software/Sztfrator_NET_BSP\libhal_bsp.a(alt_read.o)
 .data          0x0009c488        0x0 ../../Desktop/Repozytorium/SzyfratorCopy/Szyfrator_v2/software/Sztfrator_NET_BSP\libhal_bsp.a(alt_release_fd.o)
 .data          0x0009c488        0x0 ../../Desktop/Repozytorium/SzyfratorCopy/Szyfrator_v2/software/Sztfrator_NET_BSP\libhal_bsp.a(alt_sbrk.o)
 .data          0x0009c488        0x0 ../../Desktop/Repozytorium/SzyfratorCopy/Szyfrator_v2/software/Sztfrator_NET_BSP\libhal_bsp.a(alt_write.o)
 .data          0x0009c488     0x1120 ../../Desktop/Repozytorium/SzyfratorCopy/Szyfrator_v2/software/Sztfrator_NET_BSP\libhal_bsp.a(alt_sys_init.o)
 .data          0x0009d5a8        0x0 ../../Desktop/Repozytorium/SzyfratorCopy/Szyfrator_v2/software/Sztfrator_NET_BSP\libhal_bsp.a(altera_avalon_jtag_uart_fd.o)
 .data          0x0009d5a8        0x0 ../../Desktop/Repozytorium/SzyfratorCopy/Szyfrator_v2/software/Sztfrator_NET_BSP\libhal_bsp.a(altera_avalon_jtag_uart_init.o)
 .data          0x0009d5a8        0x0 ../../Desktop/Repozytorium/SzyfratorCopy/Szyfrator_v2/software/Sztfrator_NET_BSP\libhal_bsp.a(altera_avalon_jtag_uart_ioctl.o)
 .data          0x0009d5a8        0x0 ../../Desktop/Repozytorium/SzyfratorCopy/Szyfrator_v2/software/Sztfrator_NET_BSP\libhal_bsp.a(altera_avalon_jtag_uart_read.o)
 .data          0x0009d5a8        0x0 ../../Desktop/Repozytorium/SzyfratorCopy/Szyfrator_v2/software/Sztfrator_NET_BSP\libhal_bsp.a(altera_avalon_jtag_uart_write.o)
 .data          0x0009d5a8        0x0 ../../Desktop/Repozytorium/SzyfratorCopy/Szyfrator_v2/software/Sztfrator_NET_BSP\libhal_bsp.a(altera_avalon_sgdma.o)
 .data          0x0009d5a8        0x0 ../../Desktop/Repozytorium/SzyfratorCopy/Szyfrator_v2/software/Sztfrator_NET_BSP\libhal_bsp.a(altera_avalon_tse.o)
 .data          0x0009d5a8        0x0 ../../Desktop/Repozytorium/SzyfratorCopy/Szyfrator_v2/software/Sztfrator_NET_BSP\libhal_bsp.a(altera_avalon_tse_system_info.o)
 .data          0x0009d5a8        0x0 ../../Desktop/Repozytorium/SzyfratorCopy/Szyfrator_v2/software/Sztfrator_NET_BSP\libhal_bsp.a(perf_print_formatted_report.o)
 .data          0x0009d5a8        0x0 ../../Desktop/Repozytorium/SzyfratorCopy/Szyfrator_v2/software/Sztfrator_NET_BSP\libhal_bsp.a(alt_alarm_start.o)
 .data          0x0009d5a8        0x0 ../../Desktop/Repozytorium/SzyfratorCopy/Szyfrator_v2/software/Sztfrator_NET_BSP\libhal_bsp.a(alt_dcache_flush_all.o)
 .data          0x0009d5a8        0x0 ../../Desktop/Repozytorium/SzyfratorCopy/Szyfrator_v2/software/Sztfrator_NET_BSP\libhal_bsp.a(alt_dev_llist_insert.o)
 .data          0x0009d5a8        0x0 ../../Desktop/Repozytorium/SzyfratorCopy/Szyfrator_v2/software/Sztfrator_NET_BSP\libhal_bsp.a(alt_do_ctors.o)
 .data          0x0009d5a8        0x0 ../../Desktop/Repozytorium/SzyfratorCopy/Szyfrator_v2/software/Sztfrator_NET_BSP\libhal_bsp.a(alt_do_dtors.o)
 .data          0x0009d5a8        0x0 ../../Desktop/Repozytorium/SzyfratorCopy/Szyfrator_v2/software/Sztfrator_NET_BSP\libhal_bsp.a(alt_find_dev.o)
 .data          0x0009d5a8        0x0 ../../Desktop/Repozytorium/SzyfratorCopy/Szyfrator_v2/software/Sztfrator_NET_BSP\libhal_bsp.a(alt_icache_flush_all.o)
 .data          0x0009d5a8        0x0 ../../Desktop/Repozytorium/SzyfratorCopy/Szyfrator_v2/software/Sztfrator_NET_BSP\libhal_bsp.a(alt_iic.o)
 .data          0x0009d5a8        0x0 ../../Desktop/Repozytorium/SzyfratorCopy/Szyfrator_v2/software/Sztfrator_NET_BSP\libhal_bsp.a(alt_iic_isr_register.o)
 .data          0x0009d5a8        0x0 ../../Desktop/Repozytorium/SzyfratorCopy/Szyfrator_v2/software/Sztfrator_NET_BSP\libhal_bsp.a(alt_io_redirect.o)
 .data          0x0009d5a8        0x0 ../../Desktop/Repozytorium/SzyfratorCopy/Szyfrator_v2/software/Sztfrator_NET_BSP\libhal_bsp.a(alt_irq_entry.o)
 .data          0x0009d5a8        0x0 ../../Desktop/Repozytorium/SzyfratorCopy/Szyfrator_v2/software/Sztfrator_NET_BSP\libhal_bsp.a(alt_irq_handler.o)
 .data          0x0009d5a8        0x0 ../../Desktop/Repozytorium/SzyfratorCopy/Szyfrator_v2/software/Sztfrator_NET_BSP\libhal_bsp.a(alt_irq_vars.o)
 .data          0x0009d5a8        0x0 ../../Desktop/Repozytorium/SzyfratorCopy/Szyfrator_v2/software/Sztfrator_NET_BSP\libhal_bsp.a(alt_open.o)
 .data          0x0009d5a8        0x0 ../../Desktop/Repozytorium/SzyfratorCopy/Szyfrator_v2/software/Sztfrator_NET_BSP\libhal_bsp.a(alt_remap_uncached.o)
 .data          0x0009d5a8        0x0 ../../Desktop/Repozytorium/SzyfratorCopy/Szyfrator_v2/software/Sztfrator_NET_BSP\libhal_bsp.a(alt_tick.o)
 .data          0x0009d5a8        0x0 ../../Desktop/Repozytorium/SzyfratorCopy/Szyfrator_v2/software/Sztfrator_NET_BSP\libhal_bsp.a(alt_usleep.o)
 .data          0x0009d5a8        0x0 ../../Desktop/Repozytorium/SzyfratorCopy/Szyfrator_v2/software/Sztfrator_NET_BSP\libhal_bsp.a(altera_nios2_qsys_irq.o)
 .data          0x0009d5a8        0x0 ../../Desktop/Repozytorium/SzyfratorCopy/Szyfrator_v2/software/Sztfrator_NET_BSP\libhal_bsp.a(altera_avalon_performance_counter.o)
 .data          0x0009d5a8        0x0 ../../Desktop/Repozytorium/SzyfratorCopy/Szyfrator_v2/software/Sztfrator_NET_BSP\libhal_bsp.a(alt_busy_sleep.o)
 .data          0x0009d5a8        0x0 ../../Desktop/Repozytorium/SzyfratorCopy/Szyfrator_v2/software/Sztfrator_NET_BSP\libhal_bsp.a(alt_dcache_flush.o)
 .data          0x0009d5a8        0x0 ../../Desktop/Repozytorium/SzyfratorCopy/Szyfrator_v2/software/Sztfrator_NET_BSP\libhal_bsp.a(alt_exception_entry.o)
 .data          0x0009d5a8        0x0 ../../Desktop/Repozytorium/SzyfratorCopy/Szyfrator_v2/software/Sztfrator_NET_BSP\libhal_bsp.a(alt_find_file.o)
 .data          0x0009d5a8        0x0 ../../Desktop/Repozytorium/SzyfratorCopy/Szyfrator_v2/software/Sztfrator_NET_BSP\libhal_bsp.a(alt_get_fd.o)
 .data          0x0009d5a8        0x0 ../../Desktop/Repozytorium/SzyfratorCopy/Szyfrator_v2/software/Sztfrator_NET_BSP\libhal_bsp.a(alt_icache_flush.o)
 .data          0x0009d5a8        0x0 c:/altera/13.1/nios2eds/bin/gnu/h-i686-mingw32/bin/../lib/gcc/nios2-elf/4.7.3/../../../../../H-i686-mingw32/nios2-elf/lib\libc.a(lib_a-atexit.o)
 .data          0x0009d5a8        0x0 c:/altera/13.1/nios2eds/bin/gnu/h-i686-mingw32/bin/../lib/gcc/nios2-elf/4.7.3/../../../../../H-i686-mingw32/nios2-elf/lib\libc.a(lib_a-exit.o)
 .data          0x0009d5a8        0x0 c:/altera/13.1/nios2eds/bin/gnu/h-i686-mingw32/bin/../lib/gcc/nios2-elf/4.7.3/../../../../../H-i686-mingw32/nios2-elf/lib\libc.a(lib_a-getc.o)
 .data          0x0009d5a8        0x0 c:/altera/13.1/nios2eds/bin/gnu/h-i686-mingw32/bin/../lib/gcc/nios2-elf/4.7.3/../../../../../H-i686-mingw32/nios2-elf/lib\libc.a(lib_a-malloc.o)
 .data          0x0009d5a8        0x0 c:/altera/13.1/nios2eds/bin/gnu/h-i686-mingw32/bin/../lib/gcc/nios2-elf/4.7.3/../../../../../H-i686-mingw32/nios2-elf/lib\libc.a(lib_a-memcmp.o)
 .data          0x0009d5a8        0x0 c:/altera/13.1/nios2eds/bin/gnu/h-i686-mingw32/bin/../lib/gcc/nios2-elf/4.7.3/../../../../../H-i686-mingw32/nios2-elf/lib\libc.a(lib_a-rget.o)
 .data          0x0009d5a8        0x0 c:/altera/13.1/nios2eds/bin/gnu/h-i686-mingw32/bin/../lib/gcc/nios2-elf/4.7.3/../../../../../H-i686-mingw32/nios2-elf/lib\libc.a(lib_a-strcpy.o)
 .data          0x0009d5a8        0x0 c:/altera/13.1/nios2eds/bin/gnu/h-i686-mingw32/bin/../lib/gcc/nios2-elf/4.7.3/../../../../../H-i686-mingw32/nios2-elf/lib\libc.a(lib_a-__atexit.o)
 .data          0x0009d5a8        0x0 c:/altera/13.1/nios2eds/bin/gnu/h-i686-mingw32/bin/../lib/gcc/nios2-elf/4.7.3/../../../../../H-i686-mingw32/nios2-elf/lib\libc.a(lib_a-__call_atexit.o)
 .data          0x0009d5a8        0x0 c:/altera/13.1/nios2eds/bin/gnu/h-i686-mingw32/bin/../lib/gcc/nios2-elf/4.7.3\libgcc.a(_floatundidf.o)
 .data          0x0009d5a8        0x0 ../../Desktop/Repozytorium/SzyfratorCopy/Szyfrator_v2/software/Sztfrator_NET_BSP\libhal_bsp.a(alt_exit.o)
                0x000a55a8                _gp = ABSOLUTE ((. + 0x8000))
                0x000a55a8                PROVIDE (gp, _gp)
 *(.rwdata .rwdata.*)
 *(.sdata .sdata.* .gnu.linkonce.s.*)
 .sdata         0x0009d5a8       0x20 obj/default/Net_szyfr.o
                0x0009d5a8                triple
                0x0009d5ac                triple1
                0x0009d5b0                key11
                0x0009d5b4                key12
                0x0009d5b8                key21
                0x0009d5bc                key22
                0x0009d5c0                key31
                0x0009d5c4                key32
 .sdata         0x0009d5c8        0x4 c:/altera/13.1/nios2eds/bin/gnu/h-i686-mingw32/bin/../lib/gcc/nios2-elf/4.7.3/../../../../../H-i686-mingw32/nios2-elf/lib\libc.a(lib_a-ctype_.o)
                0x0009d5c8                __ctype_ptr
 .sdata         0x0009d5cc        0x8 c:/altera/13.1/nios2eds/bin/gnu/h-i686-mingw32/bin/../lib/gcc/nios2-elf/4.7.3/../../../../../H-i686-mingw32/nios2-elf/lib\libc.a(lib_a-impure.o)
                0x0009d5cc                _global_impure_ptr
                0x0009d5d0                _impure_ptr
 .sdata         0x0009d5d4        0x4 c:/altera/13.1/nios2eds/bin/gnu/h-i686-mingw32/bin/../lib/gcc/nios2-elf/4.7.3/../../../../../H-i686-mingw32/nios2-elf/lib\libc.a(lib_a-locale.o)
                0x0009d5d4                __mb_cur_max
 .sdata         0x0009d5d8        0x8 c:/altera/13.1/nios2eds/bin/gnu/h-i686-mingw32/bin/../lib/gcc/nios2-elf/4.7.3/../../../../../H-i686-mingw32/nios2-elf/lib\libc.a(lib_a-mallocr.o)
                0x0009d5d8                __malloc_sbrk_base
                0x0009d5dc                __malloc_trim_threshold
 .sdata         0x0009d5e0       0x14 ../../Desktop/Repozytorium/SzyfratorCopy/Szyfrator_v2/software/Sztfrator_NET_BSP\libhal_bsp.a(alt_dev.o)
                0x0009d5e0                alt_fs_list
                0x0009d5e8                alt_dev_list
                0x0009d5f0                alt_max_fd
 .sdata         0x0009d5f4        0x4 ../../Desktop/Repozytorium/SzyfratorCopy/Szyfrator_v2/software/Sztfrator_NET_BSP\libhal_bsp.a(alt_errno.o)
                0x0009d5f4                alt_errno
 .sdata         0x0009d5f8        0x4 ../../Desktop/Repozytorium/SzyfratorCopy/Szyfrator_v2/software/Sztfrator_NET_BSP\libhal_bsp.a(alt_sbrk.o)
 .sdata         0x0009d5fc        0x8 ../../Desktop/Repozytorium/SzyfratorCopy/Szyfrator_v2/software/Sztfrator_NET_BSP\libhal_bsp.a(altera_avalon_sgdma.o)
                0x0009d5fc                alt_sgdma_list
 .sdata         0x0009d604        0x1 ../../Desktop/Repozytorium/SzyfratorCopy/Szyfrator_v2/software/Sztfrator_NET_BSP\libhal_bsp.a(altera_avalon_tse.o)
                0x0009d604                max_mac_system
 *fill*         0x0009d605        0x3 
 .sdata         0x0009d608        0x4 ../../Desktop/Repozytorium/SzyfratorCopy/Szyfrator_v2/software/Sztfrator_NET_BSP\libhal_bsp.a(alt_irq_vars.o)
                0x0009d608                alt_priority_mask
 .sdata         0x0009d60c        0x8 ../../Desktop/Repozytorium/SzyfratorCopy/Szyfrator_v2/software/Sztfrator_NET_BSP\libhal_bsp.a(alt_tick.o)
                0x0009d60c                alt_alarm_list
 *(.sdata2 .sdata2.* .gnu.linkonce.s2.*)
                0x0009d614                . = ALIGN (0x4)
                0x0009d614                _edata = ABSOLUTE (.)
                0x0009d614                PROVIDE (edata, ABSOLUTE (.))
                0x0009d614                PROVIDE (__ram_rwdata_end, ABSOLUTE (.))
                0x0009d614                PROVIDE (__flash_rwdata_start, LOADADDR (.rwdata))

.bss            0x0009f184     0x32b8
                0x0009f184                __bss_start = ABSOLUTE (.)
                0x0009f184                PROVIDE (__sbss_start, ABSOLUTE (.))
                0x0009f184                PROVIDE (___sbss_start, ABSOLUTE (.))
 *(.dynsbss)
 *(.sbss .sbss.* .gnu.linkonce.sb.*)
 .sbss          0x0009f184       0x48 obj/default/Net_szyfr.o
                0x0009f184                p2
                0x0009f188                p7
                0x0009f18c                p5
                0x0009f190                p1
                0x0009f194                p8
                0x0009f198                p6
                0x0009f19c                result1
                0x0009f1a0                result2
                0x0009f1a4                sgdma_read_3des
                0x0009f1a8                sgdma_tx_dev
                0x0009f1ac                text_length
                0x0009f1b0                sgdma_tx_dev1
                0x0009f1b4                p10
                0x0009f1b8                p3
                0x0009f1bc                p9
                0x0009f1c0                sgdma_rx_dev1
                0x0009f1c4                sgdma_rx_dev
                0x0009f1c8                p4
 .sbss          0x0009f1cc        0xc c:/altera/13.1/nios2eds/bin/gnu/h-i686-mingw32/bin/../lib/gcc/nios2-elf/4.7.3/../../../../../H-i686-mingw32/nios2-elf/lib\libc.a(lib_a-locale.o)
                0x0009f1cc                _PathLocale
                0x0009f1d0                __mlocale_changed
                0x0009f1d4                __nlocale_changed
 .sbss          0x0009f1d8        0xc c:/altera/13.1/nios2eds/bin/gnu/h-i686-mingw32/bin/../lib/gcc/nios2-elf/4.7.3/../../../../../H-i686-mingw32/nios2-elf/lib\libc.a(lib_a-mallocr.o)
                0x0009f1d8                __malloc_max_total_mem
                0x0009f1dc                __malloc_max_sbrked_mem
                0x0009f1e0                __malloc_top_pad
 .sbss          0x0009f1e4        0x4 c:/altera/13.1/nios2eds/bin/gnu/h-i686-mingw32/bin/../lib/gcc/nios2-elf/4.7.3/../../../../../H-i686-mingw32/nios2-elf/lib\libc.a(lib_a-int_errno.o)
                0x0009f1e4                errno
 .sbss          0x0009f1e8        0xc ../../Desktop/Repozytorium/SzyfratorCopy/Szyfrator_v2/software/Sztfrator_NET_BSP\libhal_bsp.a(alt_main.o)
                0x0009f1e8                alt_argc
                0x0009f1ec                alt_argv
                0x0009f1f0                alt_envp
 .sbss          0x0009f1f4        0x4 ../../Desktop/Repozytorium/SzyfratorCopy/Szyfrator_v2/software/Sztfrator_NET_BSP\libhal_bsp.a(altera_avalon_tse.o)
                0x0009f1f4                phy_profile_count
                0x0009f1f5                mac_group_count
 .sbss          0x0009f1f8        0x4 ../../Desktop/Repozytorium/SzyfratorCopy/Szyfrator_v2/software/Sztfrator_NET_BSP\libhal_bsp.a(alt_irq_vars.o)
                0x0009f1f8                alt_irq_active
 .sbss          0x0009f1fc        0x8 ../../Desktop/Repozytorium/SzyfratorCopy/Szyfrator_v2/software/Sztfrator_NET_BSP\libhal_bsp.a(alt_tick.o)
                0x0009f1fc                _alt_tick_rate
                0x0009f200                _alt_nticks
 *(.sbss2 .sbss2.* .gnu.linkonce.sb2.*)
 *(.scommon)
                0x0009f204                PROVIDE (__sbss_end, ABSOLUTE (.))
                0x0009f204                PROVIDE (___sbss_end, ABSOLUTE (.))
 *(.dynbss)
 *(.bss .bss.* .gnu.linkonce.b.*)
 .bss           0x0009f204        0x0 ../../Desktop/Repozytorium/SzyfratorCopy/Szyfrator_v2/software/Sztfrator_NET_BSP/obj/HAL/src/crt0.o
 .bss           0x0009f204     0x2800 obj/default/Net_szyfr.o
                0x0009f204                rx_frame
                0x0009f604                rx_frame1
                0x0009fa04                dane
                0x000a0a04                wyniki
 .bss           0x000a1a04        0x0 c:/altera/13.1/nios2eds/bin/gnu/h-i686-mingw32/bin/../lib/gcc/nios2-elf/4.7.3\libgcc.a(lib2-divmod.o)
 .bss           0x000a1a04        0x0 c:/altera/13.1/nios2eds/bin/gnu/h-i686-mingw32/bin/../lib/gcc/nios2-elf/4.7.3/../../../../../H-i686-mingw32/nios2-elf/lib\libc.a(lib_a-printf.o)
 .bss           0x000a1a04        0x0 c:/altera/13.1/nios2eds/bin/gnu/h-i686-mingw32/bin/../lib/gcc/nios2-elf/4.7.3/../../../../../H-i686-mingw32/nios2-elf/lib\libc.a(lib_a-putchar.o)
 .bss           0x000a1a04        0x0 c:/altera/13.1/nios2eds/bin/gnu/h-i686-mingw32/bin/../lib/gcc/nios2-elf/4.7.3/../../../../../H-i686-mingw32/nios2-elf/lib\libc.a(lib_a-puts.o)
 .bss           0x000a1a04        0x0 c:/altera/13.1/nios2eds/bin/gnu/h-i686-mingw32/bin/../lib/gcc/nios2-elf/4.7.3/../../../../../H-i686-mingw32/nios2-elf/lib\libc.a(lib_a-scanf.o)
 .bss           0x000a1a04        0x0 c:/altera/13.1/nios2eds/bin/gnu/h-i686-mingw32/bin/../lib/gcc/nios2-elf/4.7.3/../../../../../H-i686-mingw32/nios2-elf/lib\libc.a(lib_a-strlen.o)
 .bss           0x000a1a04        0x0 c:/altera/13.1/nios2eds/bin/gnu/h-i686-mingw32/bin/../lib/gcc/nios2-elf/4.7.3/../../../../../H-i686-mingw32/nios2-elf/lib\libc.a(lib_a-vfprintf.o)
 .bss           0x000a1a04        0x0 c:/altera/13.1/nios2eds/bin/gnu/h-i686-mingw32/bin/../lib/gcc/nios2-elf/4.7.3/../../../../../H-i686-mingw32/nios2-elf/lib\libc.a(lib_a-vfscanf.o)
 .bss           0x000a1a04        0x0 c:/altera/13.1/nios2eds/bin/gnu/h-i686-mingw32/bin/../lib/gcc/nios2-elf/4.7.3/../../../../../H-i686-mingw32/nios2-elf/lib\libc.a(lib_a-wsetup.o)
 .bss           0x000a1a04        0x0 c:/altera/13.1/nios2eds/bin/gnu/h-i686-mingw32/bin/../lib/gcc/nios2-elf/4.7.3/../../../../../H-i686-mingw32/nios2-elf/lib\libc.a(lib_a-ctype_.o)
 .bss           0x000a1a04        0x0 c:/altera/13.1/nios2eds/bin/gnu/h-i686-mingw32/bin/../lib/gcc/nios2-elf/4.7.3/../../../../../H-i686-mingw32/nios2-elf/lib\libc.a(lib_a-dtoa.o)
 .bss           0x000a1a04        0x0 c:/altera/13.1/nios2eds/bin/gnu/h-i686-mingw32/bin/../lib/gcc/nios2-elf/4.7.3/../../../../../H-i686-mingw32/nios2-elf/lib\libc.a(lib_a-fflush.o)
 .bss           0x000a1a04        0x0 c:/altera/13.1/nios2eds/bin/gnu/h-i686-mingw32/bin/../lib/gcc/nios2-elf/4.7.3/../../../../../H-i686-mingw32/nios2-elf/lib\libc.a(lib_a-findfp.o)
 .bss           0x000a1a04        0x0 c:/altera/13.1/nios2eds/bin/gnu/h-i686-mingw32/bin/../lib/gcc/nios2-elf/4.7.3/../../../../../H-i686-mingw32/nios2-elf/lib\libc.a(lib_a-fread.o)
 .bss           0x000a1a04        0x0 c:/altera/13.1/nios2eds/bin/gnu/h-i686-mingw32/bin/../lib/gcc/nios2-elf/4.7.3/../../../../../H-i686-mingw32/nios2-elf/lib\libc.a(lib_a-freer.o)
 .bss           0x000a1a04        0x0 c:/altera/13.1/nios2eds/bin/gnu/h-i686-mingw32/bin/../lib/gcc/nios2-elf/4.7.3/../../../../../H-i686-mingw32/nios2-elf/lib\libc.a(lib_a-fvwrite.o)
 .bss           0x000a1a04        0x0 c:/altera/13.1/nios2eds/bin/gnu/h-i686-mingw32/bin/../lib/gcc/nios2-elf/4.7.3/../../../../../H-i686-mingw32/nios2-elf/lib\libc.a(lib_a-fwalk.o)
 .bss           0x000a1a04        0x0 c:/altera/13.1/nios2eds/bin/gnu/h-i686-mingw32/bin/../lib/gcc/nios2-elf/4.7.3/../../../../../H-i686-mingw32/nios2-elf/lib\libc.a(lib_a-impure.o)
 .bss           0x000a1a04        0x0 c:/altera/13.1/nios2eds/bin/gnu/h-i686-mingw32/bin/../lib/gcc/nios2-elf/4.7.3/../../../../../H-i686-mingw32/nios2-elf/lib\libc.a(lib_a-iswspace.o)
 .bss           0x000a1a04        0x0 c:/altera/13.1/nios2eds/bin/gnu/h-i686-mingw32/bin/../lib/gcc/nios2-elf/4.7.3/../../../../../H-i686-mingw32/nios2-elf/lib\libc.a(lib_a-locale.o)
 .bss           0x000a1a04        0x0 c:/altera/13.1/nios2eds/bin/gnu/h-i686-mingw32/bin/../lib/gcc/nios2-elf/4.7.3/../../../../../H-i686-mingw32/nios2-elf/lib\libc.a(lib_a-makebuf.o)
 .bss           0x000a1a04       0x28 c:/altera/13.1/nios2eds/bin/gnu/h-i686-mingw32/bin/../lib/gcc/nios2-elf/4.7.3/../../../../../H-i686-mingw32/nios2-elf/lib\libc.a(lib_a-mallocr.o)
                0x000a1a04                __malloc_current_mallinfo
 .bss           0x000a1a2c        0x0 c:/altera/13.1/nios2eds/bin/gnu/h-i686-mingw32/bin/../lib/gcc/nios2-elf/4.7.3/../../../../../H-i686-mingw32/nios2-elf/lib\libc.a(lib_a-mbrtowc.o)
 .bss           0x000a1a2c        0x0 c:/altera/13.1/nios2eds/bin/gnu/h-i686-mingw32/bin/../lib/gcc/nios2-elf/4.7.3/../../../../../H-i686-mingw32/nios2-elf/lib\libc.a(lib_a-mbtowc_r.o)
 .bss           0x000a1a2c        0x0 c:/altera/13.1/nios2eds/bin/gnu/h-i686-mingw32/bin/../lib/gcc/nios2-elf/4.7.3/../../../../../H-i686-mingw32/nios2-elf/lib\libc.a(lib_a-memchr.o)
 .bss           0x000a1a2c        0x0 c:/altera/13.1/nios2eds/bin/gnu/h-i686-mingw32/bin/../lib/gcc/nios2-elf/4.7.3/../../../../../H-i686-mingw32/nios2-elf/lib\libc.a(lib_a-memcpy.o)
 .bss           0x000a1a2c        0x0 c:/altera/13.1/nios2eds/bin/gnu/h-i686-mingw32/bin/../lib/gcc/nios2-elf/4.7.3/../../../../../H-i686-mingw32/nios2-elf/lib\libc.a(lib_a-memmove.o)
 .bss           0x000a1a2c        0x0 c:/altera/13.1/nios2eds/bin/gnu/h-i686-mingw32/bin/../lib/gcc/nios2-elf/4.7.3/../../../../../H-i686-mingw32/nios2-elf/lib\libc.a(lib_a-memset.o)
 .bss           0x000a1a2c        0x0 c:/altera/13.1/nios2eds/bin/gnu/h-i686-mingw32/bin/../lib/gcc/nios2-elf/4.7.3/../../../../../H-i686-mingw32/nios2-elf/lib\libc.a(lib_a-mprec.o)
 .bss           0x000a1a2c        0x0 c:/altera/13.1/nios2eds/bin/gnu/h-i686-mingw32/bin/../lib/gcc/nios2-elf/4.7.3/../../../../../H-i686-mingw32/nios2-elf/lib\libc.a(lib_a-putc.o)
 .bss           0x000a1a2c        0x0 c:/altera/13.1/nios2eds/bin/gnu/h-i686-mingw32/bin/../lib/gcc/nios2-elf/4.7.3/../../../../../H-i686-mingw32/nios2-elf/lib\libc.a(lib_a-reallocr.o)