Archive member included because of file (symbol)

c:/altera/13.1/nios2eds/bin/gnu/h-i686-mingw32/bin/../lib/gcc/nios2-elf/4.7.3\libgcc.a(lib2-divmod.o)
                              obj/default/src/core/dhcp.o (__divsi3)
c:/altera/13.1/nios2eds/bin/gnu/h-i686-mingw32/bin/../lib/gcc/nios2-elf/4.7.3/../../../../../H-i686-mingw32/nios2-elf/lib\libc.a(lib_a-impure.o)
                              obj/default/Net_szyfr.o (_impure_ptr)
c:/altera/13.1/nios2eds/bin/gnu/h-i686-mingw32/bin/../lib/gcc/nios2-elf/4.7.3/../../../../../H-i686-mingw32/nios2-elf/lib\libc.a(lib_a-memcpy.o)
                              obj/default/lwip_tse_mac.o (memcpy)
c:/altera/13.1/nios2eds/bin/gnu/h-i686-mingw32/bin/../lib/gcc/nios2-elf/4.7.3/../../../../../H-i686-mingw32/nios2-elf/lib\libc.a(lib_a-memset.o)
                              obj/default/src/core/dhcp.o (memset)
c:/altera/13.1/nios2eds/bin/gnu/h-i686-mingw32/bin/../lib/gcc/nios2-elf/4.7.3/../../../../../H-i686-mingw32/nios2-elf/lib\libc.a(lib_a-printf.o)
                              obj/default/Net_szyfr.o (printf)
c:/altera/13.1/nios2eds/bin/gnu/h-i686-mingw32/bin/../lib/gcc/nios2-elf/4.7.3/../../../../../H-i686-mingw32/nios2-elf/lib\libc.a(lib_a-putc.o)
                              obj/default/Net_szyfr.o (putc)
c:/altera/13.1/nios2eds/bin/gnu/h-i686-mingw32/bin/../lib/gcc/nios2-elf/4.7.3/../../../../../H-i686-mingw32/nios2-elf/lib\libc.a(lib_a-putchar.o)
                              obj/default/Net_szyfr.o (putchar)
c:/altera/13.1/nios2eds/bin/gnu/h-i686-mingw32/bin/../lib/gcc/nios2-elf/4.7.3/../../../../../H-i686-mingw32/nios2-elf/lib\libc.a(lib_a-puts.o)
                              obj/default/Net_szyfr.o (puts)
c:/altera/13.1/nios2eds/bin/gnu/h-i686-mingw32/bin/../lib/gcc/nios2-elf/4.7.3/../../../../../H-i686-mingw32/nios2-elf/lib\libc.a(lib_a-scanf.o)
                              obj/default/Net_szyfr.o (scanf)
c:/altera/13.1/nios2eds/bin/gnu/h-i686-mingw32/bin/../lib/gcc/nios2-elf/4.7.3/../../../../../H-i686-mingw32/nios2-elf/lib\libc.a(lib_a-strcmp.o)
                              obj/default/fs.o (strcmp)
c:/altera/13.1/nios2eds/bin/gnu/h-i686-mingw32/bin/../lib/gcc/nios2-elf/4.7.3/../../../../../H-i686-mingw32/nios2-elf/lib\libc.a(lib_a-strlen.o)
                              c:/altera/13.1/nios2eds/bin/gnu/h-i686-mingw32/bin/../lib/gcc/nios2-elf/4.7.3/../../../../../H-i686-mingw32/nios2-elf/lib\libc.a(lib_a-puts.o) (strlen)
c:/altera/13.1/nios2eds/bin/gnu/h-i686-mingw32/bin/../lib/gcc/nios2-elf/4.7.3/../../../../../H-i686-mingw32/nios2-elf/lib\libc.a(lib_a-strncmp.o)
                              obj/default/httpd.o (strncmp)
c:/altera/13.1/nios2eds/bin/gnu/h-i686-mingw32/bin/../lib/gcc/nios2-elf/4.7.3/../../../../../H-i686-mingw32/nios2-elf/lib\libc.a(lib_a-vfprintf.o)
                              c:/altera/13.1/nios2eds/bin/gnu/h-i686-mingw32/bin/../lib/gcc/nios2-elf/4.7.3/../../../../../H-i686-mingw32/nios2-elf/lib\libc.a(lib_a-printf.o) (___vfprintf_internal_r)
c:/altera/13.1/nios2eds/bin/gnu/h-i686-mingw32/bin/../lib/gcc/nios2-elf/4.7.3/../../../../../H-i686-mingw32/nios2-elf/lib\libc.a(lib_a-vfscanf.o)
                              c:/altera/13.1/nios2eds/bin/gnu/h-i686-mingw32/bin/../lib/gcc/nios2-elf/4.7.3/../../../../../H-i686-mingw32/nios2-elf/lib\libc.a(lib_a-scanf.o) (__svfscanf_r)
c:/altera/13.1/nios2eds/bin/gnu/h-i686-mingw32/bin/../lib/gcc/nios2-elf/4.7.3/../../../../../H-i686-mingw32/nios2-elf/lib\libc.a(lib_a-wbuf.o)
                              c:/altera/13.1/nios2eds/bin/gnu/h-i686-mingw32/bin/../lib/gcc/nios2-elf/4.7.3/../../../../../H-i686-mingw32/nios2-elf/lib\libc.a(lib_a-putc.o) (__swbuf_r)
c:/altera/13.1/nios2eds/bin/gnu/h-i686-mingw32/bin/../lib/gcc/nios2-elf/4.7.3/../../../../../H-i686-mingw32/nios2-elf/lib\libc.a(lib_a-wsetup.o)
                              c:/altera/13.1/nios2eds/bin/gnu/h-i686-mingw32/bin/../lib/gcc/nios2-elf/4.7.3/../../../../../H-i686-mingw32/nios2-elf/lib\libc.a(lib_a-vfprintf.o) (__swsetup_r)
c:/altera/13.1/nios2eds/bin/gnu/h-i686-mingw32/bin/../lib/gcc/nios2-elf/4.7.3/../../../../../H-i686-mingw32/nios2-elf/lib\libc.a(lib_a-ctype_.o)
                              c:/altera/13.1/nios2eds/bin/gnu/h-i686-mingw32/bin/../lib/gcc/nios2-elf/4.7.3/../../../../../H-i686-mingw32/nios2-elf/lib\libc.a(lib_a-vfscanf.o) (__ctype_ptr)
c:/altera/13.1/nios2eds/bin/gnu/h-i686-mingw32/bin/../lib/gcc/nios2-elf/4.7.3/../../../../../H-i686-mingw32/nios2-elf/lib\libc.a(lib_a-dtoa.o)
                              c:/altera/13.1/nios2eds/bin/gnu/h-i686-mingw32/bin/../lib/gcc/nios2-elf/4.7.3/../../../../../H-i686-mingw32/nios2-elf/lib\libc.a(lib_a-vfprintf.o) (_dtoa_r)
c:/altera/13.1/nios2eds/bin/gnu/h-i686-mingw32/bin/../lib/gcc/nios2-elf/4.7.3/../../../../../H-i686-mingw32/nios2-elf/lib\libc.a(lib_a-fflush.o)
[...]
Memory Configuration

Name             Origin             Length             Attributes
reset            0x00080000         0x00000020
main_memory      0x00080020         0x0004afe0
descriptor_memory1 0x00100000         0x00001000
descriptor_memory 0x00101000         0x00001000
*default*        0x00000000         0xffffffff

Linker script and memory map

LOAD ../../Desktop/Repozytorium/SzyfratorCopy/Szyfrator_v2/software/Sztfrator_NET_BSP/obj/HAL/src/crt0.o
LOAD obj/default/Net_szyfr.o
LOAD obj/default/alteraTseEthernetif.o
LOAD obj/default/fs.o
LOAD obj/default/fsdata.o
LOAD obj/default/httpd.o
LOAD obj/default/lwip_tse_mac.o
LOAD obj/default/src/api/api_lib.o
LOAD obj/default/src/api/api_msg.o
LOAD obj/default/src/api/err.o
LOAD obj/default/src/api/netbuf.o
LOAD obj/default/src/api/netdb.o
LOAD obj/default/src/api/netifapi.o
LOAD obj/default/src/api/sockets.o
LOAD obj/default/src/api/tcpip.o
LOAD obj/default/src/core/dhcp.o
LOAD obj/default/src/core/dns.o
LOAD obj/default/src/core/init.o
LOAD obj/default/src/core/ipv4/autoip.o
LOAD obj/default/src/core/ipv4/icmp.o
LOAD obj/default/src/core/ipv4/igmp.o
LOAD obj/default/src/core/ipv4/inet.o
LOAD obj/default/src/core/ipv4/inet_chksum.o
LOAD obj/default/src/core/ipv4/ip.o
LOAD obj/default/src/core/ipv4/ip_addr.o
LOAD obj/default/src/core/ipv4/ip_frag.o
LOAD obj/default/src/core/mem.o
LOAD obj/default/src/core/memp.o
LOAD obj/default/src/core/netif.o
LOAD obj/default/src/core/pbuf.o
LOAD obj/default/src/core/raw.o
LOAD obj/default/src/core/snmp/asn1_dec.o
LOAD obj/default/src/core/snmp/asn1_enc.o
LOAD obj/default/src/core/snmp/mib2.o
LOAD obj/default/src/core/snmp/mib_structs.o
LOAD obj/default/src/core/snmp/msg_in.o
LOAD obj/default/src/core/snmp/msg_out.o
LOAD obj/default/src/core/stats.o
LOAD obj/default/src/core/sys.o
LOAD obj/default/src/core/tcp.o
LOAD obj/default/src/core/tcp_in.o
LOAD obj/default/src/core/tcp_out.o
LOAD obj/default/src/core/udp.o
LOAD obj/default/src/netif/etharp.o
LOAD obj/default/src/netif/ethernetif.o
LOAD obj/default/src/netif/loopif.o
LOAD obj/default/src/netif/ppp/auth.o
LOAD obj/default/src/netif/ppp/chap.o
LOAD obj/default/src/netif/ppp/chpms.o
LOAD obj/default/src/netif/ppp/fsm.o
LOAD obj/default/src/netif/ppp/ipcp.o
LOAD obj/default/src/netif/ppp/lcp.o
LOAD obj/default/src/netif/ppp/magic.o
LOAD obj/default/src/netif/ppp/md5.o
LOAD obj/default/src/netif/ppp/pap.o
LOAD obj/default/src/netif/ppp/ppp.o
LOAD obj/default/src/netif/ppp/ppp_oe.o
LOAD obj/default/src/netif/ppp/randm.o
LOAD obj/default/src/netif/ppp/vj.o
LOAD obj/default/src/netif/slipif.o
LOAD c:/altera/13.1/nios2eds/bin/gnu/h-i686-mingw32/bin/../lib/gcc/nios2-elf/4.7.3/../../../../../H-i686-mingw32/nios2-elf/lib\libstdc++.a
LOAD c:/altera/13.1/nios2eds/bin/gnu/h-i686-mingw32/bin/../lib/gcc/nios2-elf/4.7.3/../../../../../H-i686-mingw32/nios2-elf/lib\libm.a
LOAD c:/altera/13.1/nios2eds/bin/gnu/h-i686-mingw32/bin/../lib/gcc/nios2-elf/4.7.3\libgcc.a
START GROUP
LOAD c:/altera/13.1/nios2eds/bin/gnu/h-i686-mingw32/bin/../lib/gcc/nios2-elf/4.7.3/../../../../../H-i686-mingw32/nios2-elf/lib\libc.a
LOAD c:/altera/13.1/nios2eds/bin/gnu/h-i686-mingw32/bin/../lib/gcc/nios2-elf/4.7.3\libgcc.a
LOAD ../../Desktop/Repozytorium/SzyfratorCopy/Szyfrator_v2/software/Sztfrator_NET_BSP\libhal_bsp.a
END GROUP
LOAD c:/altera/13.1/nios2eds/bin/gnu/h-i686-mingw32/bin/../lib/gcc/nios2-elf/4.7.3\libgcc.a
                0x00080000                __alt_mem_main_memory = 0x80000
                0x00100000                __alt_mem_descriptor_memory1 = 0x100000
                0x00101000                __alt_mem_descriptor_memory = 0x101000

.entry          0x00080000       0x20
 *(.entry)
 .entry         0x00080000       0x20 ../../Desktop/Repozytorium/SzyfratorCopy/Szyfrator_v2/software/Sztfrator_NET_BSP/obj/HAL/src/crt0.o
                0x00080000                __reset

.exceptions     0x00080020      0x198
                0x00080020                PROVIDE (__ram_exceptions_start, ABSOLUTE (.))
                0x00080020                . = ALIGN (0x20)
 *(.irq)
 *(.exceptions.entry.label)
 .exceptions.entry.label
                0x00080020        0x0 ../../Desktop/Repozytorium/SzyfratorCopy/Szyfrator_v2/software/Sztfrator_NET_BSP\libhal_bsp.a(alt_irq_entry.o)
                0x00080020                alt_irq_entry
 .exceptions.entry.label
                0x00080020        0x0 ../../Desktop/Repozytorium/SzyfratorCopy/Szyfrator_v2/software/Sztfrator_NET_BSP\libhal_bsp.a(alt_exception_entry.o)
                0x00080020                alt_exception
 *(.exceptions.entry.user)
 *(.exceptions.entry.ecc_fatal)
 *(.exceptions.entry)
 .exceptions.entry
                0x00080020       0x54 ../../Desktop/Repozytorium/SzyfratorCopy/Szyfrator_v2/software/Sztfrator_NET_BSP\libhal_bsp.a(alt_exception_entry.o)
 *(.exceptions.irqtest.user)
 *(.exceptions.irqtest)
 .exceptions.irqtest
                0x00080074       0x10 ../../Desktop/Repozytorium/SzyfratorCopy/Szyfrator_v2/software/Sztfrator_NET_BSP\libhal_bsp.a(alt_irq_entry.o)
 *(.exceptions.irqhandler.user)
 *(.exceptions.irqhandler)
 .exceptions.irqhandler
                0x00080084        0x4 ../../Desktop/Repozytorium/SzyfratorCopy/Szyfrator_v2/software/Sztfrator_NET_BSP\libhal_bsp.a(alt_irq_entry.o)
 *(.exceptions.irqreturn.user)
 *(.exceptions.irqreturn)
 .exceptions.irqreturn
                0x00080088        0x4 ../../Desktop/Repozytorium/SzyfratorCopy/Szyfrator_v2/software/Sztfrator_NET_BSP\libhal_bsp.a(alt_irq_entry.o)
 *(.exceptions.notirq.label)
 .exceptions.notirq.label
                0x0008008c        0x0 ../../Desktop/Repozytorium/SzyfratorCopy/Szyfrator_v2/software/Sztfrator_NET_BSP\libhal_bsp.a(alt_irq_entry.o)
 *(.exceptions.notirq.user)
 *(.exceptions.notirq)
 .exceptions.notirq
                0x0008008c        0x8 ../../Desktop/Repozytorium/SzyfratorCopy/Szyfrator_v2/software/Sztfrator_NET_BSP\libhal_bsp.a(alt_exception_entry.o)
 *(.exceptions.soft.user)
 *(.exceptions.soft)
 *(.exceptions.unknown.user)
 *(.exceptions.unknown)
 .exceptions.unknown
                0x00080094        0x4 ../../Desktop/Repozytorium/SzyfratorCopy/Szyfrator_v2/software/Sztfrator_NET_BSP\libhal_bsp.a(alt_exception_entry.o)
 *(.exceptions.exit.label)
 .exceptions.exit.label
                0x00080098        0x0 ../../Desktop/Repozytorium/SzyfratorCopy/Szyfrator_v2/software/Sztfrator_NET_BSP\libhal_bsp.a(alt_irq_entry.o)
 .exceptions.exit.label
                0x00080098        0x0 ../../Desktop/Repozytorium/SzyfratorCopy/Szyfrator_v2/software/Sztfrator_NET_BSP\libhal_bsp.a(alt_exception_entry.o)
 *(.exceptions.exit.user)
 *(.exceptions.exit)
 .exceptions.exit
                0x00080098       0x54 ../../Desktop/Repozytorium/SzyfratorCopy/Szyfrator_v2/software/Sztfrator_NET_BSP\libhal_bsp.a(alt_exception_entry.o)
 *(.exceptions)
 .exceptions    0x000800ec       0xcc ../../Desktop/Repozytorium/SzyfratorCopy/Szyfrator_v2/software/Sztfrator_NET_BSP\libhal_bsp.a(alt_irq_handler.o)
                0x000800ec                alt_irq_handler
                0x000801b8                PROVIDE (__ram_exceptions_end, ABSOLUTE (.))
                0x00080020                PROVIDE (__flash_exceptions_start, LOADADDR (.exceptions))

.text           0x000801b8    0x2e6a4
                0x000801b8                PROVIDE (stext, ABSOLUTE (.))
 *(.interp)
 *(.hash)
 *(.dynsym)
 *(.dynstr)
 *(.gnu.version)
 *(.gnu.version_d)
 *(.gnu.version_r)
 *(.rel.init)
 *(.rela.init)
 *(.rel.text .rel.text.* .rel.gnu.linkonce.t.*)
 *(.rela.text .rela.text.* .rela.gnu.linkonce.t.*)
 *(.rel.fini)
 *(.rela.fini)
 *(.rel.rodata .rel.rodata.* .rel.gnu.linkonce.r.*)
 *(.rela.rodata .rela.rodata.* .rela.gnu.linkonce.r.*)
 *(.rel.data .rel.data.* .rel.gnu.linkonce.d.*)
 *(.rela.data .rela.data.* .rela.gnu.linkonce.d.*)
 *(.rel.tdata .rel.tdata.* .rel.gnu.linkonce.td.*)
 *(.rela.tdata .rela.tdata.* .rela.gnu.linkonce.td.*)
 *(.rel.tbss .rel.tbss.* .rel.gnu.linkonce.tb.*)
 *(.rela.tbss .rela.tbss.* .rela.gnu.linkonce.tb.*)
 *(.rel.ctors)
 *(.rela.ctors)
 *(.rel.dtors)
 *(.rela.dtors)
 *(.rel.got)
 *(.rela.got)
 *(.rel.sdata .rel.sdata.* .rel.gnu.linkonce.s.*)
 *(.rela.sdata .rela.sdata.* .rela.gnu.linkonce.s.*)
 *(.rel.sbss .rel.sbss.* .rel.gnu.linkonce.sb.*)
 *(.rela.sbss .rela.sbss.* .rela.gnu.linkonce.sb.*)
 *(.rel.sdata2 .rel.sdata2.* .rel.gnu.linkonce.s2.*)
 *(.rela.sdata2 .rela.sdata2.* .rela.gnu.linkonce.s2.*)
 *(.rel.sbss2 .rel.sbss2.* .rel.gnu.linkonce.sb2.*)
 *(.rela.sbss2 .rela.sbss2.* .rela.gnu.linkonce.sb2.*)
 *(.rel.bss .rel.bss.* .rel.gnu.linkonce.b.*)
 *(.rela.bss .rela.bss.* .rela.gnu.linkonce.b.*)
 *(.rel.plt)
 *(.rela.plt)
 *(.rel.dyn)
 *(.init)
 *(.plt)
 *(.text .stub .text.* .gnu.linkonce.t.*)
 .text          0x000801b8       0x3c ../../Desktop/Repozytorium/SzyfratorCopy/Szyfrator_v2/software/Sztfrator_NET_BSP/obj/HAL/src/crt0.o
                0x000801b8                _start
 .text          0x000801f4     0x1844 obj/default/Net_szyfr.o
                0x000801f4                main
                0x000806ec                rx_ethernet_isr
                0x00080a18                rx_ethernet_isr1
                0x00080b18                init_3des
                0x00080ba4                init_3desdecrypt
                0x00080c30                ciph_3des
                0x00080c94                deciph_3des
                0x00080cf8                ciph_3des_read
                0x00080d4c                deciph_3des_read
                0x00080da0                weryfikacja_szyfrowania
                0x00080e48                weryfikacja_deszyfrowania
                0x00080ef4                test_wydajnosc
                0x00081154                paczka_szyfrowanie
                0x00081248                paczka_deszyfrowanie
                0x0008133c                przygotowanie_danych
                0x00081598                przeprowadzenie_szyfrowania_sram
                0x000816e8                przeprowadzenie_deszyfrowania_sram
                0x0008182c                test_wydajnosci_sram
                0x000818e4                wprowadzenie_kluczy
                0x00081a14                inicjalizacja_netif
 .text          0x00081a38      0x4c8 obj/default/alteraTseEthernetif.o
                0x00081ca4                ethernetif_input
                0x00081d88                ethernetif_init
 .text          0x00081f00       0x94 obj/default/fs.o
                0x00081f00                fs_open
 .text          0x00081f94        0x0 obj/default/fsdata.o
 .text          0x00081f94      0x654 obj/default/httpd.o
                0x0008257c                httpd_init
 .text          0x000825e8      0xccc obj/default/lwip_tse_mac.o
                0x000825e8                tse_mac_init
                0x00082ed0                tse_sgdma_read_init
                0x00082f30                tse_sgdmaRx_isr
                0x00082fd0                tse_mac_raw_send
                0x00083140                tse_mac_rcv
 .text          0x000832b4        0x0 obj/default/src/api/api_lib.o
 .text          0x000832b4        0x0 obj/default/src/api/api_msg.o
 .text          0x000832b4        0x0 obj/default/src/api/err.o
 .text          0x000832b4        0x0 obj/default/src/api/netbuf.o
 .text          0x000832b4        0x0 obj/default/src/api/netdb.o
 .text          0x000832b4        0x0 obj/default/src/api/netifapi.o
 .text          0x000832b4        0x0 obj/default/src/api/sockets.o
 .text          0x000832b4        0x0 obj/default/src/api/tcpip.o
 .text          0x000832b4     0x3448 obj/default/src/core/dhcp.o
                0x0008373c                dhcp_coarse_tmr
                0x000837f0                dhcp_fine_tmr
                0x00083f48                dhcp_start
                0x0008418c                dhcp_inform
                0x00084320                dhcp_network_changed
                0x000843d4                dhcp_arp_reply
                0x00084b98                dhcp_renew
                0x00085024                dhcp_release
                0x00085204                dhcp_stop
 .text          0x000866fc        0x0 obj/default/src/core/dns.o
 .text          0x000866fc       0x2c obj/default/src/core/init.o
                0x000866fc                lwip_init
 .text          0x00086728        0x0 obj/default/src/core/ipv4/autoip.o
 .text          0x00086728      0x804 obj/default/src/core/ipv4/icmp.o
                0x00086728                icmp_input
                0x00086d34                icmp_dest_unreach
                0x00086d78                icmp_time_exceeded
 .text          0x00086f2c        0x0 obj/default/src/core/ipv4/igmp.o
 .text          0x00086f2c      0x59c obj/default/src/core/ipv4/inet.o
                0x00086f2c                inet_addr
                0x00086f70                inet_aton
                0x00087368                inet_ntoa
 .text          0x000874c8      0x49c obj/default/src/core/ipv4/inet_chksum.o
                0x000875f4                inet_chksum_pseudo
                0x00087814                inet_chksum
                0x00087858                inet_chksum_pbuf
 .text          0x00087964      0xcb4 obj/default/src/core/ipv4/ip.o
                0x00087964                ip_route
                0x00087a60                ip_input
                0x000880c8                ip_output_if
                0x00088564                ip_output
 .text          0x00088618       0xf0 obj/default/src/core/ipv4/ip_addr.o
                0x00088618                ip_addr_isbroadcast
 .text          0x00088708     0x12ec obj/default/src/core/ipv4/ip_frag.o
                0x00088708                ip_reass_tmr
                0x000891d0                ip_reass
                0x000896f0                ip_frag
 .text          0x000899f4      0xba8 obj/default/src/core/mem.o
                0x00089bec                mem_init
                0x00089c94                mem_free
                0x00089e14                mem_realloc
                0x0008a138                mem_malloc
                0x0008a524                mem_calloc
 .text          0x0008a59c      0x490 obj/default/src/core/memp.o
                0x0008a59c                memp_init
                0x0008a758                memp_malloc
                0x0008a934                memp_free
 .text          0x0008aa2c      0x5ec obj/default/src/core/netif.o
                0x0008aa2c                netif_add
                0x0008ab04                netif_set_addr
                0x0008ab5c                netif_remove
                0x0008ac18                netif_find
                0x0008acf8                netif_set_ipaddr
                0x0008ae50                netif_set_gw
                0x0008aea0                netif_set_netmask
                0x0008aef0                netif_set_default
                0x0008af18                netif_set_up
                0x0008af94                netif_set_down
                0x0008afe4                netif_is_up
 .text          0x0008b018     0x1548 obj/default/src/core/pbuf.o
                0x0008b018                pbuf_alloc
                0x0008b558                pbuf_realloc
                0x0008b7dc                pbuf_header
                0x0008b9ec                pbuf_free
                0x0008bb58                pbuf_clen
                0x0008bba4                pbuf_ref
                0x0008bbe4                pbuf_cat
                0x0008bd24                pbuf_chain
                0x0008bd64                pbuf_dechain
                0x0008be90                pbuf_copy
                0x0008c154                pbuf_copy_partial
                0x0008c2f0                pbuf_take
                0x0008c4a8                pbuf_coalesce
 .text          0x0008c560      0x4f0 obj/default/src/core/raw.o
                0x0008c560                raw_input
                0x0008c690                raw_bind
                0x0008c6e4                raw_connect
                0x0008c738                raw_recv
                0x0008c778                raw_sendto
                0x0008c8f0                raw_send
                0x0008c934                raw_remove
                0x0008c9d0                raw_new
 .text          0x0008ca50        0x0 obj/default/src/core/snmp/asn1_dec.o
 .text          0x0008ca50        0x0 obj/default/src/core/snmp/asn1_enc.o
 .text          0x0008ca50        0x0 obj/default/src/core/snmp/mib2.o
 .text          0x0008ca50        0x0 obj/default/src/core/snmp/mib_structs.o
 .text          0x0008ca50        0x0 obj/default/src/core/snmp/msg_in.o
 .text          0x0008ca50        0x0 obj/default/src/core/snmp/msg_out.o
 .text          0x0008ca50        0x0 obj/default/src/core/stats.o
 .text          0x0008ca50        0x0 obj/default/src/core/sys.o
 .text          0x0008ca50     0x20f0 obj/default/src/core/tcp.o
                0x0008ca50                tcp_tmr
                0x0008ca98                tcp_close
                0x0008cc88                tcp_abandon
                0x0008ce1c                tcp_bind
                0x0008d128                tcp_listen_with_backlog
                0x0008d2ec                tcp_update_rcv_ann_wnd
                0x0008d3d8                tcp_recved
                0x0008d5c4                tcp_connect
                0x0008d80c                tcp_slowtmr
                0x0008e038                tcp_fasttmr
                0x0008e148                tcp_segs_free
                0x0008e1ac                tcp_seg_free
                0x0008e210                tcp_setprio
                0x0008e244                tcp_seg_copy
                0x0008e2ac                tcp_recv_null
                0x0008e494                tcp_alloc
                0x0008e674                tcp_new
                0x0008e6a0                tcp_arg
                0x0008e6d0                tcp_recv
                0x0008e700                tcp_sent
                0x0008e730                tcp_err
                0x0008e760                tcp_accept
                0x0008e790                tcp_poll
                0x0008e7d4                tcp_pcb_purge
                0x0008e8a8                tcp_pcb_remove
                0x0008ea50                tcp_next_iss
                0x0008ea80                tcp_eff_send_mss
                0x0008eb04                tcp_debug_state_str
 .text          0x0008eb40     0x3cec obj/default/src/core/tcp_in.o
                0x0008eb40                tcp_input
 .text          0x0009282c     0x286c obj/default/src/core/tcp_out.o
                0x00092ab4                tcp_send_ctrl
                0x00092b08                tcp_write
                0x00092bc0                tcp_enqueue
                0x0009390c                tcp_send_empty_ack
                0x00093a68                tcp_output
                0x0009468c                tcp_rst
                0x00094930                tcp_rexmit_rto
                0x000949e4                tcp_rexmit
                0x00094bb8                tcp_rexmit_fast
                0x00094cdc                tcp_keepalive
                0x00094e60                tcp_zero_window_probe
 .text          0x00095098      0xe24 obj/default/src/core/udp.o
                0x00095098                udp_input
                0x000956dc                udp_send
                0x00095730                udp_sendto
                0x000957c4                udp_sendto_if
                0x00095aa4                udp_bind
                0x00095c0c                udp_connect
                0x00095d20                udp_disconnect
                0x00095d88                udp_recv
                0x00095dc8                udp_remove
                0x00095e64                udp_new
 .text          0x00095ebc     0x1af0 obj/default/src/netif/etharp.o
                0x00095f9c                etharp_tmr
                0x00096920                etharp_find_addr
                0x000969dc                etharp_ip_input
                0x00096aac                etharp_arp_input
                0x00096eac                etharp_output
                0x0009711c                etharp_query
                0x000977cc                etharp_request
                0x00097840                ethernet_input
 .text          0x000979ac        0x0 obj/default/src/netif/ethernetif.o
 .text          0x000979ac        0x0 obj/default/src/netif/loopif.o
 .text          0x000979ac        0x0 obj/default/src/netif/ppp/auth.o
 .text          0x000979ac        0x0 obj/default/src/netif/ppp/chap.o
 .text          0x000979ac        0x0 obj/default/src/netif/ppp/chpms.o
 .text          0x000979ac        0x0 obj/default/src/netif/ppp/fsm.o
 .text          0x000979ac        0x0 obj/default/src/netif/ppp/ipcp.o
 .text          0x000979ac        0x0 obj/default/src/netif/ppp/lcp.o
 .text          0x000979ac        0x0 obj/default/src/netif/ppp/magic.o
 .text          0x000979ac        0x0 obj/default/src/netif/ppp/md5.o
 .text          0x000979ac        0x0 obj/default/src/netif/ppp/pap.o
 .text          0x000979ac        0x0 obj/default/src/netif/ppp/ppp.o
 .text          0x000979ac        0x0 obj/default/src/netif/ppp/ppp_oe.o
 .text          0x000979ac        0x0 obj/default/src/netif/ppp/randm.o
 .text          0x000979ac        0x0 obj/default/src/netif/ppp/vj.o
 .text          0x000979ac        0x0 obj/default/src/netif/slipif.o
 .text          0x000979ac      0x130 c:/altera/13.1/nios2eds/bin/gnu/h-i686-mingw32/bin/../lib/gcc/nios2-elf/4.7.3\libgcc.a(lib2-divmod.o)
                0x00097a20                __divsi3
                0x00097a70                __modsi3
                0x00097acc                __udivsi3
                0x00097ad4                __umodsi3
 .text          0x00097adc        0x0 c:/altera/13.1/nios2eds/bin/gnu/h-i686-mingw32/bin/../lib/gcc/nios2-elf/4.7.3/../../../../../H-i686-mingw32/nios2-elf/lib\libc.a(lib_a-impure.o)
 .text          0x00097adc       0xf8 c:/altera/13.1/nios2eds/bin/gnu/h-i686-mingw32/bin/../lib/gcc/nios2-elf/4.7.3/../../../../../H-i686-mingw32/nios2-elf/lib\libc.a(lib_a-memcpy.o)
                0x00097adc                memcpy
 .text          0x00097bd4       0xdc c:/altera/13.1/nios2eds/bin/gnu/h-i686-mingw32/bin/../lib/gcc/nios2-elf/4.7.3/../../../../../H-i686-mingw32/nios2-elf/lib\libc.a(lib_a-memset.o)
                0x00097bd4                memset
 .text          0x00097cb0       0x68 c:/altera/13.1/nios2eds/bin/gnu/h-i686-mingw32/bin/../lib/gcc/nios2-elf/4.7.3/../../../../../H-i686-mingw32/nios2-elf/lib\libc.a(lib_a-printf.o)
                0x00097cb0                _printf_r
                0x00097cdc                printf
 .text          0x00097d18      0x1ac c:/altera/13.1/nios2eds/bin/gnu/h-i686-mingw32/bin/../lib/gcc/nios2-elf/4.7.3/../../../../../H-i686-mingw32/nios2-elf/lib\libc.a(lib_a-putc.o)
                0x00097d18                _putc_r
                0x00097dd4                putc
 .text          0x00097ec4       0x24 c:/altera/13.1/nios2eds/bin/gnu/h-i686-mingw32/bin/../lib/gcc/nios2-elf/4.7.3/../../../../../H-i686-mingw32/nios2-elf/lib\libc.a(lib_a-putchar.o)
                0x00097ec4                _putchar_r
                0x00097ecc                putchar
 .text          0x00097ee8       0x98 c:/altera/13.1/nios2eds/bin/gnu/h-i686-mingw32/bin/../lib/gcc/nios2-elf/4.7.3/../../../../../H-i686-mingw32/nios2-elf/lib\libc.a(lib_a-puts.o)
                0x00097ee8                _puts_r
                0x00097f6c                puts
 .text          0x00097f80       0x6c c:/altera/13.1/nios2eds/bin/gnu/h-i686-mingw32/bin/../lib/gcc/nios2-elf/4.7.3/../../../../../H-i686-mingw32/nios2-elf/lib\libc.a(lib_a-scanf.o)
                0x00097f80                scanf
                0x00097fc0                _scanf_r
 .text          0x00097fec       0xa4 c:/altera/13.1/nios2eds/bin/gnu/h-i686-mingw32/bin/../lib/gcc/nios2-elf/4.7.3/../../../../../H-i686-mingw32/nios2-elf/lib\libc.a(lib_a-strcmp.o)
                0x00097fec                strcmp
 .text          0x00098090       0x8c c:/altera/13.1/nios2eds/bin/gnu/h-i686-mingw32/bin/../lib/gcc/nios2-elf/4.7.3/../../../../../H-i686-mingw32/nios2-elf/lib\libc.a(lib_a-strlen.o)
                0x00098090                strlen
 .text          0x0009811c       0xfc c:/altera/13.1/nios2eds/bin/gnu/h-i686-mingw32/bin/../lib/gcc/nios2-elf/4.7.3/../../../../../H-i686-mingw32/nios2-elf/lib\libc.a(lib_a-strncmp.o)
                0x0009811c                strncmp
 .text          0x00098218     0x1e50 c:/altera/13.1/nios2eds/bin/gnu/h-i686-mingw32/bin/../lib/gcc/nios2-elf/4.7.3/../../../../../H-i686-mingw32/nios2-elf/lib\libc.a(lib_a-vfprintf.o)
                0x0009824c                ___vfprintf_internal_r
                0x0009a044                __vfprintf_internal
 .text          0x0009a068     0x1738 c:/altera/13.1/nios2eds/bin/gnu/h-i686-mingw32/bin/../lib/gcc/nios2-elf/4.7.3/../../../../../H-i686-mingw32/nios2-elf/lib\libc.a(lib_a-vfscanf.o)
                0x0009a068                __svfscanf_r
                0x0009b6c0                _vfscanf_r
                0x0009b70c                __svfscanf
                0x0009b730                vfscanf
 .text          0x0009b7a0      0x158 c:/altera/13.1/nios2eds/bin/gnu/h-i686-mingw32/bin/../lib/gcc/nios2-elf/4.7.3/../../../../../H-i686-mingw32/nios2-elf/lib\libc.a(lib_a-wbuf.o)
                0x0009b7a0                __swbuf_r
                0x0009b8dc                __swbuf
 .text          0x0009b8f8      0x174 c:/altera/13.1/nios2eds/bin/gnu/h-i686-mingw32/bin/../lib/gcc/nios2-elf/4.7.3/../../../../../H-i686-mingw32/nios2-elf/lib\libc.a(lib_a-wsetup.o)
                0x0009b8f8                __swsetup_r
 .text          0x0009ba6c        0x0 c:/altera/13.1/nios2eds/bin/gnu/h-i686-mingw32/bin/../lib/gcc/nios2-elf/4.7.3/../../../../../H-i686-mingw32/nios2-elf/lib\libc.a(lib_a-ctype_.o)
 .text          0x0009ba6c     0x1824 c:/altera/13.1/nios2eds/bin/gnu/h-i686-mingw32/bin/../lib/gcc/nios2-elf/4.7.3/../../../../../H-i686-mingw32/nios2-elf/lib\libc.a(lib_a-dtoa.o)
                0x0009bc74                _dtoa_r
 .text          0x0009d290      0x218 c:/altera/13.1/nios2eds/bin/gnu/h-i686-mingw32/bin/../lib/gcc/nios2-elf/4.7.3/../../../../../H-i686-mingw32/nios2-elf/lib\libc.a(lib_a-fflush.o)
                0x0009d290                _fflush_r
                0x0009d478                fflush
 .text          0x0009d4a8      0x2d8 c:/altera/13.1/nios2eds/bin/gnu/h-i686-mingw32/bin/../lib/gcc/nios2-elf/4.7.3/../../../../../H-i686-mingw32/nios2-elf/lib\libc.a(lib_a-findfp.o)
                0x0009d4b8                _cleanup_r
                0x0009d4c4                __sfmoreglue
                0x0009d528                _cleanup
                0x0009d538                __sinit
                0x0009d644                __sfp
                0x0009d740                __sfp_lock_acquire
                0x0009d744                __sfp_lock_release
                0x0009d748                __sinit_lock_acquire
                0x0009d74c                __sinit_lock_release
                0x0009d750                __fp_lock_all
                0x0009d768                __fp_unlock_all
 .text          0x0009d780      0x26c c:/altera/13.1/nios2eds/bin/gnu/h-i686-mingw32/bin/../lib/gcc/nios2-elf/4.7.3/../../../../../H-i686-mingw32/nios2-elf/lib\libc.a(lib_a-fread.o)
                0x0009d780                _fread_r
                0x0009d9ac                fread
 .text          0x0009d9ec      0x40c c:/altera/13.1/nios2eds/bin/gnu/h-i686-mingw32/bin/../lib/gcc/nios2-elf/4.7.3/../../../../../H-i686-mingw32/nios2-elf/lib\libc.a(lib_a-freer.o)
                0x0009d9ec                _malloc_trim_r
                0x0009db28                _free_r
 .text          0x0009ddf8      0x4e4 c:/altera/13.1/nios2eds/bin/gnu/h-i686-mingw32/bin/../lib/gcc/nios2-elf/4.7.3/../../../../../H-i686-mingw32/nios2-elf/lib\libc.a(lib_a-fvwrite.o)
                0x0009ddf8                __sfvwrite_r
 .text          0x0009e2dc      0x160 c:/altera/13.1/nios2eds/bin/gnu/h-i686-mingw32/bin/../lib/gcc/nios2-elf/4.7.3/../../../../../H-i686-mingw32/nios2-elf/lib\libc.a(lib_a-fwalk.o)
                0x0009e2dc                _fwalk
                0x0009e384                _fwalk_reent
 .text          0x0009e43c       0x38 c:/altera/13.1/nios2eds/bin/gnu/h-i686-mingw32/bin/../lib/gcc/nios2-elf/4.7.3/../../../../../H-i686-mingw32/nios2-elf/lib\libc.a(lib_a-iswspace.o)
                0x0009e43c                iswspace
 .text          0x0009e474       0xdc c:/altera/13.1/nios2eds/bin/gnu/h-i686-mingw32/bin/../lib/gcc/nios2-elf/4.7.3/../../../../../H-i686-mingw32/nios2-elf/lib\libc.a(lib_a-locale.o)
                0x0009e474                _setlocale_r
                0x0009e510                __locale_charset
                0x0009e51c                _localeconv_r
                0x0009e528                setlocale
                0x0009e544                localeconv
 .text          0x0009e550      0x1a8 c:/altera/13.1/nios2eds/bin/gnu/h-i686-mingw32/bin/../lib/gcc/nios2-elf/4.7.3/../../../../../H-i686-mingw32/nios2-elf/lib\libc.a(lib_a-makebuf.o)
                0x0009e550                __smakebuf_r
 .text          0x0009e6f8      0x784 c:/altera/13.1/nios2eds/bin/gnu/h-i686-mingw32/bin/../lib/gcc/nios2-elf/4.7.3/../../../../../H-i686-mingw32/nios2-elf/lib\libc.a(lib_a-mallocr.o)
                0x0009e6f8                _malloc_r
 .text          0x0009ee7c       0xa4 c:/altera/13.1/nios2eds/bin/gnu/h-i686-mingw32/bin/../lib/gcc/nios2-elf/4.7.3/../../../../../H-i686-mingw32/nios2-elf/lib\libc.a(lib_a-mbrtowc.o)
                0x0009ee7c                _mbrtowc_r
                0x0009eee0                mbrtowc
 .text          0x0009ef20       0x44 c:/altera/13.1/nios2eds/bin/gnu/h-i686-mingw32/bin/../lib/gcc/nios2-elf/4.7.3/../../../../../H-i686-mingw32/nios2-elf/lib\libc.a(lib_a-mbtowc_r.o)
                0x0009ef20                _mbtowc_r
 .text          0x0009ef64       0xf8 c:/altera/13.1/nios2eds/bin/gnu/h-i686-mingw32/bin/../lib/gcc/nios2-elf/4.7.3/../../../../../H-i686-mingw32/nios2-elf/lib\libc.a(lib_a-memchr.o)
                0x0009ef64                memchr
 .text          0x0009f05c      0x128 c:/altera/13.1/nios2eds/bin/gnu/h-i686-mingw32/bin/../lib/gcc/nios2-elf/4.7.3/../../../../../H-i686-mingw32/nios2-elf/lib\libc.a(lib_a-memmove.o)
                0x0009f05c                memmove
 .text          0x0009f184      0xfa8 c:/altera/13.1/nios2eds/bin/gnu/h-i686-mingw32/bin/../lib/gcc/nios2-elf/4.7.3/../../../../../H-i686-mingw32/nios2-elf/lib\libc.a(lib_a-mprec.o)
                0x0009f184                _Balloc
                0x0009f22c                _Bfree
                0x0009f254                __multadd
                0x0009f368                __s2b
                0x0009f46c                __hi0bits
                0x0009f4d4                __lo0bits
                0x0009f584                __i2b
                0x0009f5c0                __multiply
                0x0009f7a0                __pow5mult
                0x0009f8cc                __lshift
                0x0009fa28                __mcmp
                0x0009fa80                __mdiff
                0x0009fc28                __ulp
                0x0009fc88                __b2d
                0x0009fdd0                __d2b
                0x0009ff14                __ratio
                0x0009ffb8                _mprec_log10
                0x000a002c                __copybits
                0x000a00a8                __any_on
 .text          0x000a012c      0x5fc c:/altera/13.1/nios2eds/bin/gnu/h-i686-mingw32/bin/../lib/gcc/nios2-elf/4.7.3/../../../../../H-i686-mingw32/nios2-elf/lib\libc.a(lib_a-reallocr.o)
                0x000a012c                _realloc_r
 .text          0x000a0728      0x208 c:/altera/13.1/nios2eds/bin/gnu/h-i686-mingw32/bin/../lib/gcc/nios2-elf/4.7.3/../../../../../H-i686-mingw32/nios2-elf/lib\libc.a(lib_a-refill.o)
                0x000a0744                __srefill_r
 .text          0x000a0930       0x38 c:/altera/13.1/nios2eds/bin/gnu/h-i686-mingw32/bin/../lib/gcc/nios2-elf/4.7.3/../../../../../H-i686-mingw32/nios2-elf/lib\libc.a(lib_a-s_isinfd.o)
                0x000a0930                __isinfd
 .text          0x000a0968       0x2c c:/altera/13.1/nios2eds/bin/gnu/h-i686-mingw32/bin/../lib/gcc/nios2-elf/4.7.3/../../../../../H-i686-mingw32/nios2-elf/lib\libc.a(lib_a-s_isnand.o)
                0x000a0968                __isnand
 .text          0x000a0994       0x64 c:/altera/13.1/nios2eds/bin/gnu/h-i686-mingw32/bin/../lib/gcc/nios2-elf/4.7.3/../../../../../H-i686-mingw32/nios2-elf/lib\libc.a(lib_a-sbrkr.o)
                0x000a0994                _sbrk_r
 .text          0x000a09f8       0xc4 c:/altera/13.1/nios2eds/bin/gnu/h-i686-mingw32/bin/../lib/gcc/nios2-elf/4.7.3/../../../../../H-i686-mingw32/nios2-elf/lib\libc.a(lib_a-sccl.o)
                0x000a09f8                __sccl
 .text          0x000a0abc        0x8 c:/altera/13.1/nios2eds/bin/gnu/h-i686-mingw32/bin/../lib/gcc/nios2-elf/4.7.3/../../../../../H-i686-mingw32/nios2-elf/lib\libc.a(lib_a-sf_nan.o)
                0x000a0abc                nanf
 .text          0x000a0ac4       0xc4 c:/altera/13.1/nios2eds/bin/gnu/h-i686-mingw32/bin/../lib/gcc/nios2-elf/4.7.3/../../../../../H-i686-mingw32/nios2-elf/lib\libc.a(lib_a-sprintf.o)
                0x000a0ac4                _sprintf_r
                0x000a0b1c                sprintf
 .text          0x000a0b88      0x140 c:/altera/13.1/nios2eds/bin/gnu/h-i686-mingw32/bin/../lib/gcc/nios2-elf/4.7.3/../../../../../H-i686-mingw32/nios2-elf/lib\libc.a(lib_a-stdio.o)
                0x000a0b88                __sread
                0x000a0bdc                __swrite
                0x000a0c64                __sseek
                0x000a0cc0                __sclose
 .text          0x000a0cc8     0x1594 c:/altera/13.1/nios2eds/bin/gnu/h-i686-mingw32/bin/../lib/gcc/nios2-elf/4.7.3/../../../../../H-i686-mingw32/nios2-elf/lib\libc.a(lib_a-strtod.o)
                0x000a0cc8                _strtod_r
                0x000a2120                strtod
                0x000a213c                strtof
 .text          0x000a225c      0x288 c:/altera/13.1/nios2eds/bin/gnu/h-i686-mingw32/bin/../lib/gcc/nios2-elf/4.7.3/../../../../../H-i686-mingw32/nios2-elf/lib\libc.a(lib_a-strtol.o)
                0x000a225c                _strtol_r
                0x000a24c0                strtol
 .text          0x000a24e4      0x330 c:/altera/13.1/nios2eds/bin/gnu/h-i686-mingw32/bin/../lib/gcc/nios2-elf/4.7.3/../../../../../H-i686-mingw32/nios2-elf/lib\libc.a(lib_a-strtoll_r.o)
                0x000a24e4                _strtoll_r
 .text          0x000a2814      0x2a8 c:/altera/13.1/nios2eds/bin/gnu/h-i686-mingw32/bin/../lib/gcc/nios2-elf/4.7.3/../../../../../H-i686-mingw32/nios2-elf/lib\libc.a(lib_a-strtoul.o)
                0x000a2814                _strtoul_r
                0x000a2a98                strtoul
 .text          0x000a2abc      0x394 c:/altera/13.1/nios2eds/bin/gnu/h-i686-mingw32/bin/../lib/gcc/nios2-elf/4.7.3/../../../../../H-i686-mingw32/nios2-elf/lib\libc.a(lib_a-strtoull_r.o)
                0x000a2abc                _strtoull_r
 .text          0x000a2e50      0x2a8 c:/altera/13.1/nios2eds/bin/gnu/h-i686-mingw32/bin/../lib/gcc/nios2-elf/4.7.3/../../../../../H-i686-mingw32/nios2-elf/lib\libc.a(lib_a-ungetc.o)
                0x000a2e50                __submore
                0x000a2f40                _ungetc_r
                0x000a30dc                ungetc
 .text          0x000a30f8       0x6c c:/altera/13.1/nios2eds/bin/gnu/h-i686-mingw32/bin/../lib/gcc/nios2-elf/4.7.3/../../../../../H-i686-mingw32/nios2-elf/lib\libc.a(lib_a-writer.o)
                0x000a30f8                _write_r
 .text          0x000a3164       0xbc c:/altera/13.1/nios2eds/bin/gnu/h-i686-mingw32/bin/../lib/gcc/nios2-elf/4.7.3/../../../../../H-i686-mingw32/nios2-elf/lib\libc.a(lib_a-callocr.o)
                0x000a3164                _calloc_r
 .text          0x000a3220       0x64 c:/altera/13.1/nios2eds/bin/gnu/h-i686-mingw32/bin/../lib/gcc/nios2-elf/4.7.3/../../../../../H-i686-mingw32/nios2-elf/lib\libc.a(lib_a-closer.o)
                0x000a3220                _close_r
 .text          0x000a3284      0x150 c:/altera/13.1/nios2eds/bin/gnu/h-i686-mingw32/bin/../lib/gcc/nios2-elf/4.7.3/../../../../../H-i686-mingw32/nios2-elf/lib\libc.a(lib_a-fclose.o)
                0x000a3284                _fclose_r
                0x000a33c0                fclose
 .text          0x000a33d4       0x68 c:/altera/13.1/nios2eds/bin/gnu/h-i686-mingw32/bin/../lib/gcc/nios2-elf/4.7.3/../../../../../H-i686-mingw32/nios2-elf/lib\libc.a(lib_a-fstatr.o)
                0x000a33d4                _fstat_r
 .text          0x000a343c      0x8e0 c:/altera/13.1/nios2eds/bin/gnu/h-i686-mingw32/bin/../lib/gcc/nios2-elf/4.7.3/../../../../../H-i686-mingw32/nios2-elf/lib\libc.a(lib_a-gdtoa-gethex.o)
                0x000a354c                __hexdig_init
                0x000a35dc                __gethex
 .text          0x000a3d1c      0x28c c:/altera/13.1/nios2eds/bin/gnu/h-i686-mingw32/bin/../lib/gcc/nios2-elf/4.7.3/../../../../../H-i686-mingw32/nios2-elf/lib\libc.a(lib_a-gdtoa-hexnan.o)
                0x000a3d1c                __hexnan
 .text          0x000a3fa8        0x0 c:/altera/13.1/nios2eds/bin/gnu/h-i686-mingw32/bin/../lib/gcc/nios2-elf/4.7.3/../../../../../H-i686-mingw32/nios2-elf/lib\libc.a(lib_a-int_errno.o)
 .text          0x000a3fa8       0x64 c:/altera/13.1/nios2eds/bin/gnu/h-i686-mingw32/bin/../lib/gcc/nios2-elf/4.7.3/../../../../../H-i686-mingw32/nios2-elf/lib\libc.a(lib_a-isattyr.o)
                0x000a3fa8                _isatty_r
 .text          0x000a400c       0x6c c:/altera/13.1/nios2eds/bin/gnu/h-i686-mingw32/bin/../lib/gcc/nios2-elf/4.7.3/../../../../../H-i686-mingw32/nios2-elf/lib\libc.a(lib_a-lseekr.o)
                0x000a400c                _lseek_r
 .text          0x000a4078       0x6c c:/altera/13.1/nios2eds/bin/gnu/h-i686-mingw32/bin/../lib/gcc/nios2-elf/4.7.3/../../../../../H-i686-mingw32/nios2-elf/lib\libc.a(lib_a-readr.o)
                0x000a4078                _read_r
 .text          0x000a40e4       0x60 c:/altera/13.1/nios2eds/bin/gnu/h-i686-mingw32/bin/../lib/gcc/nios2-elf/4.7.3\libgcc.a(_muldi3.o)
                0x000a40e4                __muldi3
 .text          0x000a4144       0x84 c:/altera/13.1/nios2eds/bin/gnu/h-i686-mingw32/bin/../lib/gcc/nios2-elf/4.7.3\libgcc.a(_fixunsdfsi.o)
                0x000a4144                __fixunsdfsi
 .text          0x000a41c8      0x5c8 c:/altera/13.1/nios2eds/bin/gnu/h-i686-mingw32/bin/../lib/gcc/nios2-elf/4.7.3\libgcc.a(_udivdi3.o)
                0x000a41c8                __udivdi3
 .text          0x000a4790      0x58c c:/altera/13.1/nios2eds/bin/gnu/h-i686-mingw32/bin/../lib/gcc/nios2-elf/4.7.3\libgcc.a(_umoddi3.o)
                0x000a4790                __umoddi3
 .text          0x000a4d1c       0x54 c:/altera/13.1/nios2eds/bin/gnu/h-i686-mingw32/bin/../lib/gcc/nios2-elf/4.7.3\libgcc.a(_eq_sf.o)
                0x000a4d1c                __eqsf2
 .text          0x000a4d70       0x5c c:/altera/13.1/nios2eds/bin/gnu/h-i686-mingw32/bin/../lib/gcc/nios2-elf/4.7.3\libgcc.a(_gt_sf.o)
                0x000a4d70                __gtsf2
 .text          0x000a4dcc       0x54 c:/altera/13.1/nios2eds/bin/gnu/h-i686-mingw32/bin/../lib/gcc/nios2-elf/4.7.3\libgcc.a(_lt_sf.o)
                0x000a4dcc                __ltsf2
 .text          0x000a4e20      0x408 c:/altera/13.1/nios2eds/bin/gnu/h-i686-mingw32/bin/../lib/gcc/nios2-elf/4.7.3\libgcc.a(_addsub_df.o)
                0x000a5174                __adddf3
                0x000a51c8                __subdf3
 .text          0x000a5228      0x2e4 c:/altera/13.1/nios2eds/bin/gnu/h-i686-mingw32/bin/../lib/gcc/nios2-elf/4.7.3\libgcc.a(_mul_df.o)
                0x000a5228                __muldf3
 .text          0x000a550c      0x1b4 c:/altera/13.1/nios2eds/bin/gnu/h-i686-mingw32/bin/../lib/gcc/nios2-elf/4.7.3\libgcc.a(_div_df.o)
                0x000a550c                __divdf3
 .text          0x000a56c0       0x5c c:/altera/13.1/nios2eds/bin/gnu/h-i686-mingw32/bin/../lib/gcc/nios2-elf/4.7.3\libgcc.a(_eq_df.o)
                0x000a56c0                __eqdf2
 .text          0x000a571c       0x5c c:/altera/13.1/nios2eds/bin/gnu/h-i686-mingw32/bin/../lib/gcc/nios2-elf/4.7.3\libgcc.a(_ne_df.o)
                0x000a571c                __nedf2
 .text          0x000a5778       0x64 c:/altera/13.1/nios2eds/bin/gnu/h-i686-mingw32/bin/../lib/gcc/nios2-elf/4.7.3\libgcc.a(_gt_df.o)
                0x000a5778                __gtdf2
 .text          0x000a57dc       0x64 c:/altera/13.1/nios2eds/bin/gnu/h-i686-mingw32/bin/../lib/gcc/nios2-elf/4.7.3\libgcc.a(_ge_df.o)
                0x000a57dc                __gedf2
 .text          0x000a5840       0x5c c:/altera/13.1/nios2eds/bin/gnu/h-i686-mingw32/bin/../lib/gcc/nios2-elf/4.7.3\libgcc.a(_lt_df.o)
                0x000a5840                __ltdf2
 .text          0x000a589c       0x5c c:/altera/13.1/nios2eds/bin/gnu/h-i686-mingw32/bin/../lib/gcc/nios2-elf/4.7.3\libgcc.a(_le_df.o)
                0x000a589c                __ledf2
 .text          0x000a58f8       0xd4 c:/altera/13.1/nios2eds/bin/gnu/h-i686-mingw32/bin/../lib/gcc/nios2-elf/4.7.3\libgcc.a(_si_to_df.o)
                0x000a58f8                __floatsidf
 .text          0x000a59cc       0xd4 c:/altera/13.1/nios2eds/bin/gnu/h-i686-mingw32/bin/../lib/gcc/nios2-elf/4.7.3\libgcc.a(_df_to_si.o)
                0x000a59cc                __fixdfsi
 .text          0x000a5aa0       0x60 c:/altera/13.1/nios2eds/bin/gnu/h-i686-mingw32/bin/../lib/gcc/nios2-elf/4.7.3\libgcc.a(_df_to_sf.o)
                0x000a5aa0                __truncdfsf2
 .text          0x000a5b00        0x0 c:/altera/13.1/nios2eds/bin/gnu/h-i686-mingw32/bin/../lib/gcc/nios2-elf/4.7.3\libgcc.a(_thenan_df.o)
 .text          0x000a5b00      0x11c c:/altera/13.1/nios2eds/bin/gnu/h-i686-mingw32/bin/../lib/gcc/nios2-elf/4.7.3\libgcc.a(_usi_to_df.o)
                0x000a5b00                __floatunsidf
 .text          0x000a5c1c        0x0 c:/altera/13.1/nios2eds/bin/gnu/h-i686-mingw32/bin/../lib/gcc/nios2-elf/4.7.3\libgcc.a(_clz.o)
 .text          0x000a5c1c       0xac c:/altera/13.1/nios2eds/bin/gnu/h-i686-mingw32/bin/../lib/gcc/nios2-elf/4.7.3\libgcc.a(_clzsi2.o)
                0x000a5c1c                __clzsi2
 .text          0x000a5cc8       0xc8 c:/altera/13.1/nios2eds/bin/gnu/h-i686-mingw32/bin/../lib/gcc/nios2-elf/4.7.3\libgcc.a(_unpack_sf.o)
                0x000a5cc8                __unpack_f
 .text          0x000a5d90       0xbc c:/altera/13.1/nios2eds/bin/gnu/h-i686-mingw32/bin/../lib/gcc/nios2-elf/4.7.3\libgcc.a(_fpcmp_parts_sf.o)
                0x000a5d90                __fpcmp_parts_f
 .text          0x000a5e4c       0x2c c:/altera/13.1/nios2eds/bin/gnu/h-i686-mingw32/bin/../lib/gcc/nios2-elf/4.7.3\libgcc.a(_make_sf.o)
                0x000a5e4c                __make_fp
 .text          0x000a5e78      0x224 c:/altera/13.1/nios2eds/bin/gnu/h-i686-mingw32/bin/../lib/gcc/nios2-elf/4.7.3\libgcc.a(_pack_df.o)
                0x000a5e78                __pack_d
 .text          0x000a609c      0x104 c:/altera/13.1/nios2eds/bin/gnu/h-i686-mingw32/bin/../lib/gcc/nios2-elf/4.7.3\libgcc.a(_unpack_df.o)
                0x000a609c                __unpack_d
 .text          0x000a61a0       0xd0 c:/altera/13.1/nios2eds/bin/gnu/h-i686-mingw32/bin/../lib/gcc/nios2-elf/4.7.3\libgcc.a(_fpcmp_parts_df.o)
                0x000a61a0                __fpcmp_parts_d
 .text          0x000a6270       0x44 c:/altera/13.1/nios2eds/bin/gnu/h-i686-mingw32/bin/../lib/gcc/nios2-elf/4.7.3\libgcc.a(_lshrdi3.o)
                0x000a6270                __lshrdi3
 .text          0x000a62b4       0x44 c:/altera/13.1/nios2eds/bin/gnu/h-i686-mingw32/bin/../lib/gcc/nios2-elf/4.7.3\libgcc.a(_ashldi3.o)
                0x000a62b4                __ashldi3
 .text          0x000a62f8      0x12c c:/altera/13.1/nios2eds/bin/gnu/h-i686-mingw32/bin/../lib/gcc/nios2-elf/4.7.3\libgcc.a(_pack_sf.o)
                0x000a62f8                __pack_f
 .text          0x000a6424      0x118 ../../Desktop/Repozytorium/SzyfratorCopy/Szyfrator_v2/software/Sztfrator_NET_BSP\libhal_bsp.a(alt_close.o)
                0x000a6474                close
 .text          0x000a653c       0x2c ../../Desktop/Repozytorium/SzyfratorCopy/Szyfrator_v2/software/Sztfrator_NET_BSP\libhal_bsp.a(alt_dev.o)
 .text          0x000a6568        0x0 ../../Desktop/Repozytorium/SzyfratorCopy/Szyfrator_v2/software/Sztfrator_NET_BSP\libhal_bsp.a(alt_errno.o)
 .text          0x000a6568       0xfc ../../Desktop/Repozytorium/SzyfratorCopy/Szyfrator_v2/software/Sztfrator_NET_BSP\libhal_bsp.a(alt_fstat.o)
                0x000a65b8                fstat
 .text          0x000a6664       0x3c ../../Desktop/Repozytorium/SzyfratorCopy/Szyfrator_v2/software/Sztfrator_NET_BSP\libhal_bsp.a(alt_getchar.o)
                0x000a6664                alt_getchar
 .text          0x000a66a0       0xf0 ../../Desktop/Repozytorium/SzyfratorCopy/Szyfrator_v2/software/Sztfrator_NET_BSP\libhal_bsp.a(alt_isatty.o)
                0x000a66f0                isatty
 .text          0x000a6790       0xec ../../Desktop/Repozytorium/SzyfratorCopy/Szyfrator_v2/software/Sztfrator_NET_BSP\libhal_bsp.a(alt_load.o)
                0x000a67fc                alt_load
 .text          0x000a687c      0x120 ../../Desktop/Repozytorium/SzyfratorCopy/Szyfrator_v2/software/Sztfrator_NET_BSP\libhal_bsp.a(alt_lseek.o)
                0x000a68cc                lseek
 .text          0x000a699c       0x78 ../../Desktop/Repozytorium/SzyfratorCopy/Szyfrator_v2/software/Sztfrator_NET_BSP\libhal_bsp.a(alt_main.o)
                0x000a699c                alt_main
 .text          0x000a6a14       0x40 ../../Desktop/Repozytorium/SzyfratorCopy/Szyfrator_v2/software/Sztfrator_NET_BSP\libhal_bsp.a(alt_malloc_lock.o)
                0x000a6a14                __malloc_lock
                0x000a6a34                __malloc_unlock
 .text          0x000a6a54      0x244 ../../Desktop/Repozytorium/SzyfratorCopy/Szyfrator_v2/software/Sztfrator_NET_BSP\libhal_bsp.a(alt_printf.o)
                0x000a6a54                alt_printf
 .text          0x000a6c98       0x44 ../../Desktop/Repozytorium/SzyfratorCopy/Szyfrator_v2/software/Sztfrator_NET_BSP\libhal_bsp.a(alt_putchar.o)
                0x000a6c98                alt_putchar
 .text          0x000a6cdc      0x140 ../../Desktop/Repozytorium/SzyfratorCopy/Szyfrator_v2/software/Sztfrator_NET_BSP\libhal_bsp.a(alt_read.o)
                0x000a6d2c                read
 .text          0x000a6e1c       0x60 ../../Desktop/Repozytorium/SzyfratorCopy/Szyfrator_v2/software/Sztfrator_NET_BSP\libhal_bsp.a(alt_release_fd.o)
                0x000a6e1c                alt_release_fd
 .text          0x000a6e7c       0x40 ../../Desktop/Repozytorium/SzyfratorCopy/Szyfrator_v2/software/Sztfrator_NET_BSP\libhal_bsp.a(alt_remap_uncached.o)
                0x000a6e7c                alt_remap_uncached
 .text          0x000a6ebc       0xb0 ../../Desktop/Repozytorium/SzyfratorCopy/Szyfrator_v2/software/Sztfrator_NET_BSP\libhal_bsp.a(alt_sbrk.o)
                0x000a6ebc                sbrk
 .text          0x000a6f6c       0x58 ../../Desktop/Repozytorium/SzyfratorCopy/Szyfrator_v2/software/Sztfrator_NET_BSP\libhal_bsp.a(alt_uncached_malloc.o)
                0x000a6f6c                alt_uncached_malloc
 .text          0x000a6fc4      0x13c ../../Desktop/Repozytorium/SzyfratorCopy/Szyfrator_v2/software/Sztfrator_NET_BSP\libhal_bsp.a(alt_write.o)
                0x000a7014                write
 .text          0x000a7100      0x108 ../../Desktop/Repozytorium/SzyfratorCopy/Szyfrator_v2/software/Sztfrator_NET_BSP\libhal_bsp.a(alt_sys_init.o)
                0x000a7138                alt_irq_init
                0x000a716c                alt_sys_init
 .text          0x000a7208       0xc0 ../../Desktop/Repozytorium/SzyfratorCopy/Szyfrator_v2/software/Sztfrator_NET_BSP\libhal_bsp.a(altera_avalon_jtag_uart_fd.o)
                0x000a7208                altera_avalon_jtag_uart_read_fd
                0x000a7268                altera_avalon_jtag_uart_write_fd
 .text          0x000a72c8       0xf4 ../../Desktop/Repozytorium/SzyfratorCopy/Szyfrator_v2/software/Sztfrator_NET_BSP\libhal_bsp.a(altera_avalon_jtag_uart_read.o)
                0x000a72c8                altera_avalon_jtag_uart_read
 .text          0x000a73bc       0x98 ../../Desktop/Repozytorium/SzyfratorCopy/Szyfrator_v2/software/Sztfrator_NET_BSP\libhal_bsp.a(altera_avalon_jtag_uart_write.o)
                0x000a73bc                altera_avalon_jtag_uart_write
 .text          0x000a7454      0xd00 ../../Desktop/Repozytorium/SzyfratorCopy/Szyfrator_v2/software/Sztfrator_NET_BSP\libhal_bsp.a(altera_avalon_sgdma.o)
                0x000a74a4                alt_avalon_sgdma_do_async_transfer
                0x000a75c8                alt_avalon_sgdma_do_sync_transfer
                0x000a76d8                alt_avalon_sgdma_construct_mem_to_mem_desc
                0x000a7748                alt_avalon_sgdma_construct_mem_to_mem_desc_burst
                0x000a77c8                alt_avalon_sgdma_construct_stream_to_mem_desc
                0x000a7824                alt_avalon_sgdma_construct_stream_to_mem_desc_burst
                0x000a7898                alt_avalon_sgdma_construct_mem_to_stream_desc
                0x000a7914                alt_avalon_sgdma_construct_mem_to_stream_desc_burst
                0x000a799c                alt_avalon_sgdma_register_callback
                0x000a79ec                alt_avalon_sgdma_start
                0x000a7a40                alt_avalon_sgdma_stop
                0x000a7a98                alt_avalon_sgdma_check_descriptor_status
                0x000a7afc                alt_avalon_sgdma_open
                0x000a7b4c                alt_avalon_sgdma_construct_descriptor
                0x000a7bd4                alt_avalon_sgdma_enable_desc_poll
                0x000a7c54                alt_avalon_sgdma_disable_desc_poll
                0x000a7cb4                alt_avalon_sgdma_construct_descriptor_burst
                0x000a80b0                alt_avalon_sgdma_init
 .text          0x000a8154     0x4fa8 ../../Desktop/Repozytorium/SzyfratorCopy/Szyfrator_v2/software/Sztfrator_NET_BSP\libhal_bsp.a(altera_avalon_tse.o)
                0x000a8154                no_printf
                0x000a8180                tse_mac_initTransInfo2
                0x000a81e0                tse_mac_sTxWrite
                0x000a82c0                tse_mac_aRxRead
                0x000a8364                tse_mac_SwReset
                0x000a83ec                tse_mac_setMIImode
                0x000a8440                tse_mac_setGMIImode
                0x000a8490                alt_tse_phy_add_profile
                0x000a8674                alt_tse_system_add_sys
                0x000a9070                alt_tse_sys_enable_mdio_sharing
                0x000a91d4                alt_tse_mac_get_common_speed
                0x000a9214                alt_tse_mac_set_common_speed
                0x000a925c                alt_tse_get_system_index
                0x000a92c8                alt_tse_get_mac_group_index
                0x000a933c                alt_tse_get_mac_info_index
                0x000a93bc                alt_tse_get_mac_info
                0x000a9494                alt_tse_mac_set_speed
                0x000a9574                alt_tse_mac_set_duplex
                0x000a9600                getPHYSpeed
                0x000aa074                alt_tse_phy_rd_mdio_addr
                0x000aa0bc                alt_tse_phy_wr_mdio_addr
                0x000aa114                alt_tse_phy_wr_mdio_reg
                0x000aa240                alt_tse_phy_rd_mdio_reg
                0x000aa30c                alt_tse_phy_add_profile_default
                0x000aa5a4                alt_tse_phy_print_profile
                0x000aa7b4                alt_tse_mac_group_init
                0x000aae50                alt_tse_mac_get_phy
                0x000ab26c                alt_tse_mac_associate_phy
                0x000ab4ac                alt_tse_phy_cfg_pcs
                0x000ab5d4                alt_tse_phy_init
                0x000ab6ec                alt_tse_phy_restart_an
                0x000ab8b0                alt_tse_phy_check_link
                0x000aba10                alt_tse_phy_get_cap
                0x000abfa8                alt_tse_phy_set_adv_1000
                0x000ac164                alt_tse_phy_set_adv_100
                0x000ac3ac                alt_tse_phy_set_adv_10
                0x000ac554                alt_tse_phy_get_common_speed
                0x000ac87c                alt_tse_phy_set_common_speed
                0x000acd34                marvell_phy_cfg
                0x000acdcc                marvell_cfg_gmii
                0x000aceb0                marvell_cfg_sgmii
                0x000acf94                marvell_cfg_rgmii
                0x000ad084                DP83848C_link_status_read
 .text          0x000ad0fc        0x0 ../../Desktop/Repozytorium/SzyfratorCopy/Szyfrator_v2/software/Sztfrator_NET_BSP\libhal_bsp.a(altera_avalon_tse_system_info.o)
 .text          0x000ad0fc      0x27c ../../Desktop/Repozytorium/SzyfratorCopy/Szyfrator_v2/software/Sztfrator_NET_BSP\libhal_bsp.a(perf_print_formatted_report.o)
                0x000ad0fc                perf_print_formatted_report
 .text          0x000ad378       0x24 ../../Desktop/Repozytorium/SzyfratorCopy/Szyfrator_v2/software/Sztfrator_NET_BSP\libhal_bsp.a(alt_dcache_flush.o)
                0x000ad378                alt_dcache_flush
 .text          0x000ad39c       0x1c ../../Desktop/Repozytorium/SzyfratorCopy/Szyfrator_v2/software/Sztfrator_NET_BSP\libhal_bsp.a(alt_dcache_flush_all.o)
                0x000ad39c                alt_dcache_flush_all
 .text          0x000ad3b8       0xf0 ../../Desktop/Repozytorium/SzyfratorCopy/Szyfrator_v2/software/Sztfrator_NET_BSP\libhal_bsp.a(alt_dev_llist_insert.o)
                0x000ad408                alt_dev_llist_insert
 .text          0x000ad4a8       0x5c ../../Desktop/Repozytorium/SzyfratorCopy/Szyfrator_v2/software/Sztfrator_NET_BSP\libhal_bsp.a(alt_do_ctors.o)
                0x000ad4a8                _do_ctors
 .text          0x000ad504       0x5c ../../Desktop/Repozytorium/SzyfratorCopy/Szyfrator_v2/software/Sztfrator_NET_BSP\libhal_bsp.a(alt_do_dtors.o)
                0x000ad504                _do_dtors
 .text          0x000ad560       0x90 ../../Desktop/Repozytorium/SzyfratorCopy/Szyfrator_v2/software/Sztfrator_NET_BSP\libhal_bsp.a(alt_find_dev.o)
                0x000ad560                alt_find_dev
 .text          0x000ad5f0       0x30 ../../Desktop/Repozytorium/SzyfratorCopy/Szyfrator_v2/software/Sztfrator_NET_BSP\libhal_bsp.a(alt_icache_flush_all.o)
                0x000ad5f0                alt_icache_flush_all
 .text          0x000ad620      0x1d8 ../../Desktop/Repozytorium/SzyfratorCopy/Szyfrator_v2/software/Sztfrator_NET_BSP\libhal_bsp.a(alt_iic.o)
                0x000ad620                alt_ic_isr_register
                0x000ad670                alt_ic_irq_enable
                0x000ad70c                alt_ic_irq_disable
                0x000ad7ac                alt_ic_irq_enabled
 .text          0x000ad7f8       0xf0 ../../Desktop/Repozytorium/SzyfratorCopy/Szyfrator_v2/software/Sztfrator_NET_BSP\libhal_bsp.a(alt_iic_isr_register.o)
                0x000ad7f8                alt_iic_isr_register
 .text          0x000ad8e8      0x138 ../../Desktop/Repozytorium/SzyfratorCopy/Szyfrator_v2/software/Sztfrator_NET_BSP\libhal_bsp.a(alt_io_redirect.o)
                0x000ad9a8                alt_io_redirect
 .text          0x000ada20        0x0 ../../Desktop/Repozytorium/SzyfratorCopy/Szyfrator_v2/software/Sztfrator_NET_BSP\libhal_bsp.a(alt_irq_entry.o)
 .text          0x000ada20        0x0 ../../Desktop/Repozytorium/SzyfratorCopy/Szyfrator_v2/software/Sztfrator_NET_BSP\libhal_bsp.a(alt_irq_handler.o)
 .text          0x000ada20        0x0 ../../Desktop/Repozytorium/SzyfratorCopy/Szyfrator_v2/software/Sztfrator_NET_BSP\libhal_bsp.a(alt_irq_vars.o)
 .text          0x000ada20      0x270 ../../Desktop/Repozytorium/SzyfratorCopy/Szyfrator_v2/software/Sztfrator_NET_BSP\libhal_bsp.a(alt_open.o)
                0x000adb3c                open
 .text          0x000adc90       0x30 ../../Desktop/Repozytorium/SzyfratorCopy/Szyfrator_v2/software/Sztfrator_NET_BSP\libhal_bsp.a(alt_usleep.o)
                0x000adc90                usleep
 .text          0x000adcc0       0x20 ../../Desktop/Repozytorium/SzyfratorCopy/Szyfrator_v2/software/Sztfrator_NET_BSP\libhal_bsp.a(altera_nios2_qsys_irq.o)
                0x000adcc0                altera_nios2_qsys_irq_init
 .text          0x000adce0      0x17c ../../Desktop/Repozytorium/SzyfratorCopy/Szyfrator_v2/software/Sztfrator_NET_BSP\libhal_bsp.a(altera_avalon_performance_counter.o)
                0x000adce0                perf_get_section_time
                0x000add8c                perf_get_total_time
                0x000addd8                perf_get_num_starts
                0x000ade14                alt_get_performance_counter_base
                0x000ade38                alt_get_cpu_freq
 .text          0x000ade5c      0x154 ../../Desktop/Repozytorium/SzyfratorCopy/Szyfrator_v2/software/Sztfrator_NET_BSP\libhal_bsp.a(alt_busy_sleep.o)
                0x000ade5c                alt_busy_sleep
 .text          0x000adfb0        0x0 ../../Desktop/Repozytorium/SzyfratorCopy/Szyfrator_v2/software/Sztfrator_NET_BSP\libhal_bsp.a(alt_exception_entry.o)
 .text          0x000adfb0      0x114 ../../Desktop/Repozytorium/SzyfratorCopy/Szyfrator_v2/software/Sztfrator_NET_BSP\libhal_bsp.a(alt_find_file.o)
                0x000adfb0                alt_find_file
 .text          0x000ae0c4       0xb4 ../../Desktop/Repozytorium/SzyfratorCopy/Szyfrator_v2/software/Sztfrator_NET_BSP\libhal_bsp.a(alt_get_fd.o)
                0x000ae0c4                alt_get_fd
 .text          0x000ae178       0x8c ../../Desktop/Repozytorium/SzyfratorCopy/Szyfrator_v2/software/Sztfrator_NET_BSP\libhal_bsp.a(alt_icache_flush.o)
                0x000ae178                alt_icache_flush
 .text          0x000ae204       0x14 c:/altera/13.1/nios2eds/bin/gnu/h-i686-mingw32/bin/../lib/gcc/nios2-elf/4.7.3/../../../../../H-i686-mingw32/nios2-elf/lib\libc.a(lib_a-atexit.o)
                0x000ae204                atexit
 .text          0x000ae218       0x38 c:/altera/13.1/nios2eds/bin/gnu/h-i686-mingw32/bin/../lib/gcc/nios2-elf/4.7.3/../../../../../H-i686-mingw32/nios2-elf/lib\libc.a(lib_a-exit.o)
                0x000ae218                exit
 .text          0x000ae250       0xf8 c:/altera/13.1/nios2eds/bin/gnu/h-i686-mingw32/bin/../lib/gcc/nios2-elf/4.7.3/../../../../../H-i686-mingw32/nios2-elf/lib\libc.a(lib_a-getc.o)
                0x000ae250                _getc_r
                0x000ae2c0                getc
 .text          0x000ae348       0x28 c:/altera/13.1/nios2eds/bin/gnu/h-i686-mingw32/bin/../lib/gcc/nios2-elf/4.7.3/../../../../../H-i686-mingw32/nios2-elf/lib\libc.a(lib_a-malloc.o)
                0x000ae348                malloc
                0x000ae35c                free
 .text          0x000ae370       0x7c c:/altera/13.1/nios2eds/bin/gnu/h-i686-mingw32/bin/../lib/gcc/nios2-elf/4.7.3/../../../../../H-i686-mingw32/nios2-elf/lib\libc.a(lib_a-memcmp.o)
                0x000ae370                memcmp
 .text          0x000ae3ec       0x60 c:/altera/13.1/nios2eds/bin/gnu/h-i686-mingw32/bin/../lib/gcc/nios2-elf/4.7.3/../../../../../H-i686-mingw32/nios2-elf/lib\libc.a(lib_a-rget.o)
                0x000ae3ec                __srget_r
                0x000ae438                __srget
 .text          0x000ae44c       0x94 c:/altera/13.1/nios2eds/bin/gnu/h-i686-mingw32/bin/../lib/gcc/nios2-elf/4.7.3/../../../../../H-i686-mingw32/nios2-elf/lib\libc.a(lib_a-strcpy.o)
                0x000ae44c                strcpy
 .text          0x000ae4e0      0x130 c:/altera/13.1/nios2eds/bin/gnu/h-i686-mingw32/bin/../lib/gcc/nios2-elf/4.7.3/../../../../../H-i686-mingw32/nios2-elf/lib\libc.a(lib_a-__atexit.o)
                0x000ae4e0                __register_exitproc
 .text          0x000ae610      0x1a0 c:/altera/13.1/nios2eds/bin/gnu/h-i686-mingw32/bin/../lib/gcc/nios2-elf/4.7.3/../../../../../H-i686-mingw32/nios2-elf/lib\libc.a(lib_a-__call_atexit.o)
                0x000ae610                __call_exitprocs
 .text          0x000ae7b0       0x70 c:/altera/13.1/nios2eds/bin/gnu/h-i686-mingw32/bin/../lib/gcc/nios2-elf/4.7.3\libgcc.a(_floatundidf.o)
                0x000ae7b0                __floatundidf
 .text          0x000ae820       0x3c ../../Desktop/Repozytorium/SzyfratorCopy/Szyfrator_v2/software/Sztfrator_NET_BSP\libhal_bsp.a(alt_exit.o)
                0x000ae820                _exit
 *(.gnu.warning.*)
 *(.fini)
                0x000ae85c                PROVIDE (__etext, ABSOLUTE (.))
                0x000ae85c                PROVIDE (_etext, ABSOLUTE (.))
                0x000ae85c                PROVIDE (etext, ABSOLUTE (.))
 *(.eh_frame_hdr)
                0x000ae85c                . = ALIGN (0x4)
                0x000ae85c                PROVIDE (__preinit_array_start, ABSOLUTE (.))
 *(.preinit_array)
                0x000ae85c                PROVIDE (__preinit_array_end, ABSOLUTE (.))
                0x000ae85c                PROVIDE (__init_array_start, ABSOLUTE (.))
 *(.init_array)
                0x000ae85c                PROVIDE (__init_array_end, ABSOLUTE (.))
                0x000ae85c                PROVIDE (__fini_array_start, ABSOLUTE (.))
 *(.fini_array)
                0x000ae85c                PROVIDE (__fini_array_end, ABSOLUTE (.))
 *(.eh_frame)
 *(.gcc_except_table .gcc_except_table.*)
 *(.dynamic)
                0x000ae85c                PROVIDE (__CTOR_LIST__, ABSOLUTE (.))
 *(.ctors)
 *(SORT(.ctors.*))
                0x000ae85c                PROVIDE (__CTOR_END__, ABSOLUTE (.))
                0x000ae85c                PROVIDE (__DTOR_LIST__, ABSOLUTE (.))
 *(.dtors)
 *(SORT(.dtors.*))
                0x000ae85c                PROVIDE (__DTOR_END__, ABSOLUTE (.))
 *(.jcr)
                0x000ae85c                . = ALIGN (0x4)

.rodata         0x000ae85c     0x540c
                0x000ae85c                PROVIDE (__ram_rodata_start, ABSOLUTE (.))
                0x000ae85c                . = ALIGN (0x4)
 *(.rodata .rodata.* .gnu.linkonce.r.*)
 .rodata        0x000ae85c      0x66c obj/default/Net_szyfr.o
 .rodata        0x000aeec8       0xac obj/default/alteraTseEthernetif.o
 .rodata        0x000aef74      0xc80 obj/default/fs.o
                0x000afbc4                file_img_sics_gif
                0x000afbd4                file_404_html
                0x000afbe4                file_index_html
 .rodata        0x000afbf4       0x3c obj/default/httpd.o
 .rodata        0x000afc30      0x2a8 obj/default/lwip_tse_mac.o
 .rodata        0x000afed8      0x440 obj/default/src/core/dhcp.o
 .rodata        0x000b0318      0x158 obj/default/src/core/ipv4/icmp.o
 .rodata        0x000b0470       0xf0 obj/default/src/core/ipv4/ip.o
 .rodata        0x000b0560      0x154 obj/default/src/core/ipv4/ip_frag.o
 .rodata        0x000b06b4      0x1e4 obj/default/src/core/mem.o
 .rodata        0x000b0898       0xc0 obj/default/src/core/memp.o
 .rodata        0x000b0958      0x4f4 obj/default/src/core/pbuf.o
 .rodata        0x000b0e4c       0x60 obj/default/src/core/raw.o
 .rodata        0x000b0eac      0x30c obj/default/src/core/tcp.o
                0x000b0f22                tcp_backoff
 .rodata        0x000b11b8      0x2d4 obj/default/src/core/tcp_in.o
 .rodata        0x000b148c      0x234 obj/default/src/core/tcp_out.o
 .rodata        0x000b16c0       0x9c obj/default/src/core/udp.o
 .rodata        0x000b175c      0x1bc obj/default/src/netif/etharp.o
 .rodata.str1.4
                0x000b1918        0x2 c:/altera/13.1/nios2eds/bin/gnu/h-i686-mingw32/bin/../lib/gcc/nios2-elf/4.7.3/../../../../../H-i686-mingw32/nios2-elf/lib\libc.a(lib_a-impure.o)
                                  0x4 (size before relaxing)
 *fill*         0x000b191a        0x2 
 .rodata.str1.4
                0x000b191c        0x2 c:/altera/13.1/nios2eds/bin/gnu/h-i686-mingw32/bin/../lib/gcc/nios2-elf/4.7.3/../../../../../H-i686-mingw32/nios2-elf/lib\libc.a(lib_a-puts.o)
                                  0x4 (size before relaxing)
 *fill*         0x000b191e        0x2 
 .rodata.str1.4
                0x000b1920       0x42 c:/altera/13.1/nios2eds/bin/gnu/h-i686-mingw32/bin/../lib/gcc/nios2-elf/4.7.3/../../../../../H-i686-mingw32/nios2-elf/lib\libc.a(lib_a-vfprintf.o)
                                 0x44 (size before relaxing)
 .rodata        0x000b1962       0x20 c:/altera/13.1/nios2eds/bin/gnu/h-i686-mingw32/bin/../lib/gcc/nios2-elf/4.7.3/../../../../../H-i686-mingw32/nios2-elf/lib\libc.a(lib_a-vfprintf.o)
 *fill*         0x000b1982        0x2 
 .rodata.str1.4
                0x000b1984        0x5 c:/altera/13.1/nios2eds/bin/gnu/h-i686-mingw32/bin/../lib/gcc/nios2-elf/4.7.3/../../../../../H-i686-mingw32/nios2-elf/lib\libc.a(lib_a-vfscanf.o)
                                  0x8 (size before relaxing)
 *fill*         0x000b1989        0x1 
 .rodata        0x000b198a       0x22 c:/altera/13.1/nios2eds/bin/gnu/h-i686-mingw32/bin/../lib/gcc/nios2-elf/4.7.3/../../../../../H-i686-mingw32/nios2-elf/lib\libc.a(lib_a-vfscanf.o)
 .rodata        0x000b19ac      0x281 c:/altera/13.1/nios2eds/bin/gnu/h-i686-mingw32/bin/../lib/gcc/nios2-elf/4.7.3/../../../../../H-i686-mingw32/nios2-elf/lib\libc.a(lib_a-ctype_.o)
                0x000b19ac                _ctype_
 *fill*         0x000b1c2d        0x3 
 .rodata.str1.4
                0x000b1c30       0x10 c:/altera/13.1/nios2eds/bin/gnu/h-i686-mingw32/bin/../lib/gcc/nios2-elf/4.7.3/../../../../../H-i686-mingw32/nios2-elf/lib\libc.a(lib_a-dtoa.o)
                                 0x14 (size before relaxing)
 .rodata.str1.4
                0x000b1c40        0xe c:/altera/13.1/nios2eds/bin/gnu/h-i686-mingw32/bin/../lib/gcc/nios2-elf/4.7.3/../../../../../H-i686-mingw32/nios2-elf/lib\libc.a(lib_a-locale.o)
                                 0x18 (size before relaxing)
 *fill*         0x000b1c4e        0x2 
 .rodata        0x000b1c50       0x30 c:/altera/13.1/nios2eds/bin/gnu/h-i686-mingw32/bin/../lib/gcc/nios2-elf/4.7.3/../../../../../H-i686-mingw32/nios2-elf/lib\libc.a(lib_a-locale.o)
 .rodata.str1.4
                0x00000000        0x4 c:/altera/13.1/nios2eds/bin/gnu/h-i686-mingw32/bin/../lib/gcc/nios2-elf/4.7.3/../../../../../H-i686-mingw32/nios2-elf/lib\libc.a(lib_a-mbrtowc.o)
 .rodata        0x000b1c80      0x124 c:/altera/13.1/nios2eds/bin/gnu/h-i686-mingw32/bin/../lib/gcc/nios2-elf/4.7.3/../../../../../H-i686-mingw32/nios2-elf/lib\libc.a(lib_a-mprec.o)
                0x000b1c80                __mprec_tinytens
                0x000b1ca8                __mprec_bigtens
                0x000b1cd0                __mprec_tens
 .rodata.str1.4
                0x000b1da4        0xf c:/altera/13.1/nios2eds/bin/gnu/h-i686-mingw32/bin/../lib/gcc/nios2-elf/4.7.3/../../../../../H-i686-mingw32/nios2-elf/lib\libc.a(lib_a-strtod.o)
                                 0x10 (size before relaxing)
 *fill*         0x000b1db3        0x1 
 .rodata        0x000b1db4       0x28 c:/altera/13.1/nios2eds/bin/gnu/h-i686-mingw32/bin/../lib/gcc/nios2-elf/4.7.3/../../../../../H-i686-mingw32/nios2-elf/lib\libc.a(lib_a-strtod.o)
 .rodata.str1.4
                0x000b1ddc       0x1c c:/altera/13.1/nios2eds/bin/gnu/h-i686-mingw32/bin/../lib/gcc/nios2-elf/4.7.3/../../../../../H-i686-mingw32/nios2-elf/lib\libc.a(lib_a-gdtoa-gethex.o)
 .rodata        0x000b1df8       0x14 c:/altera/13.1/nios2eds/bin/gnu/h-i686-mingw32/bin/../lib/gcc/nios2-elf/4.7.3\libgcc.a(_thenan_df.o)
                0x000b1df8                __thenan_df
 .rodata        0x000b1e0c      0x100 c:/altera/13.1/nios2eds/bin/gnu/h-i686-mingw32/bin/../lib/gcc/nios2-elf/4.7.3\libgcc.a(_clz.o)
                0x000b1e0c                __clz_tab
 .rodata        0x000b1f0c        0xc ../../Desktop/Repozytorium/SzyfratorCopy/Szyfrator_v2/software/Sztfrator_NET_BSP\libhal_bsp.a(alt_dev.o)
 .rodata        0x000b1f18       0x10 ../../Desktop/Repozytorium/SzyfratorCopy/Szyfrator_v2/software/Sztfrator_NET_BSP\libhal_bsp.a(alt_main.o)
 .rodata        0x000b1f28       0x50 ../../Desktop/Repozytorium/SzyfratorCopy/Szyfrator_v2/software/Sztfrator_NET_BSP\libhal_bsp.a(alt_sys_init.o)
 .rodata        0x000b1f78     0x1bf0 ../../Desktop/Repozytorium/SzyfratorCopy/Szyfrator_v2/software/Sztfrator_NET_BSP\libhal_bsp.a(altera_avalon_tse.o)
 .rodata        0x000b3b68      0x100 ../../Desktop/Repozytorium/SzyfratorCopy/Szyfrator_v2/software/Sztfrator_NET_BSP\libhal_bsp.a(perf_print_formatted_report.o)
 *(.rodata1)
                0x000b3c68                . = ALIGN (0x4)
                0x000b3c68                PROVIDE (__ram_rodata_end, ABSOLUTE (.))
                0x000ae85c                PROVIDE (__flash_rodata_start, LOADADDR (.rodata))

.rwdata         0x000b3c68      0xb88 load address 0x000b47f0
                0x000b3c68                PROVIDE (__ram_rwdata_start, ABSOLUTE (.))
                0x000b3c68                . = ALIGN (0x4)
 *(.got.plt)
 *(.got)
 *(.data1)
 *(.data .data.* .gnu.linkonce.d.*)
 .data          0x000b3c68        0x0 ../../Desktop/Repozytorium/SzyfratorCopy/Szyfrator_v2/software/Sztfrator_NET_BSP/obj/HAL/src/crt0.o
 .data          0x000b3c68        0x0 obj/default/Net_szyfr.o
 .data          0x000b3c68        0x0 obj/default/alteraTseEthernetif.o
 .data          0x000b3c68        0x0 obj/default/fs.o
 .data          0x000b3c68        0x0 obj/default/fsdata.o
 .data          0x000b3c68        0x0 obj/default/httpd.o
 .data          0x000b3c68        0x0 obj/default/lwip_tse_mac.o
 .data          0x000b3c68        0x0 obj/default/src/api/api_lib.o
 .data          0x000b3c68        0x0 obj/default/src/api/api_msg.o
 .data          0x000b3c68        0x0 obj/default/src/api/err.o
 .data          0x000b3c68        0x0 obj/default/src/api/netbuf.o
 .data          0x000b3c68        0x0 obj/default/src/api/netdb.o
 .data          0x000b3c68        0x0 obj/default/src/api/netifapi.o
 .data          0x000b3c68        0x0 obj/default/src/api/sockets.o
 .data          0x000b3c68        0x0 obj/default/src/api/tcpip.o
 .data          0x000b3c68        0x0 obj/default/src/core/dhcp.o
 .data          0x000b3c68        0x0 obj/default/src/core/dns.o
 .data          0x000b3c68        0x0 obj/default/src/core/init.o
 .data          0x000b3c68        0x0 obj/default/src/core/ipv4/autoip.o
 .data          0x000b3c68        0x0 obj/default/src/core/ipv4/icmp.o
 .data          0x000b3c68        0x0 obj/default/src/core/ipv4/igmp.o
 .data          0x000b3c68        0x0 obj/default/src/core/ipv4/inet.o
 .data          0x000b3c68        0x0 obj/default/src/core/ipv4/inet_chksum.o
 .data          0x000b3c68        0x0 obj/default/src/core/ipv4/ip.o
 .data          0x000b3c68        0x0 obj/default/src/core/ipv4/ip_addr.o
 .data          0x000b3c68        0x0 obj/default/src/core/ipv4/ip_frag.o
 .data          0x000b3c68        0x0 obj/default/src/core/mem.o
 .data          0x000b3c68        0x0 obj/default/src/core/memp.o
 .data          0x000b3c68        0x0 obj/default/src/core/netif.o
 .data          0x000b3c68        0x0 obj/default/src/core/pbuf.o
 .data          0x000b3c68        0x0 obj/default/src/core/raw.o
 .data          0x000b3c68        0x0 obj/default/src/core/snmp/asn1_dec.o
 .data          0x000b3c68        0x0 obj/default/src/core/snmp/asn1_enc.o
 .data          0x000b3c68        0x0 obj/default/src/core/snmp/mib2.o
 .data          0x000b3c68        0x0 obj/default/src/core/snmp/mib_structs.o
 .data          0x000b3c68        0x0 obj/default/src/core/snmp/msg_in.o
 .data          0x000b3c68        0x0 obj/default/src/core/snmp/msg_out.o
 .data          0x000b3c68        0x0 obj/default/src/core/stats.o
 .data          0x000b3c68        0x0 obj/default/src/core/sys.o
 .data          0x000b3c68       0x2c obj/default/src/core/tcp.o
                0x000b3c68                tcp_state_str
 .data          0x000b3c94        0x0 obj/default/src/core/tcp_in.o
 .data          0x000b3c94        0x0 obj/default/src/core/tcp_out.o
 .data          0x000b3c94        0x0 obj/default/src/core/udp.o
 .data          0x000b3c94        0x0 obj/default/src/netif/etharp.o
 .data          0x000b3c94        0x0 obj/default/src/netif/ethernetif.o
 .data          0x000b3c94        0x0 obj/default/src/netif/loopif.o
 .data          0x000b3c94        0x0 obj/default/src/netif/ppp/auth.o
 .data          0x000b3c94        0x0 obj/default/src/netif/ppp/chap.o
 .data          0x000b3c94        0x0 obj/default/src/netif/ppp/chpms.o
 .data          0x000b3c94        0x0 obj/default/src/netif/ppp/fsm.o
 .data          0x000b3c94        0x0 obj/default/src/netif/ppp/ipcp.o
 .data          0x000b3c94        0x0 obj/default/src/netif/ppp/lcp.o
 .data          0x000b3c94        0x0 obj/default/src/netif/ppp/magic.o
 .data          0x000b3c94        0x0 obj/default/src/netif/ppp/md5.o
 .data          0x000b3c94        0x0 obj/default/src/netif/ppp/pap.o
 .data          0x000b3c94        0x0 obj/default/src/netif/ppp/ppp.o
 .data          0x000b3c94        0x0 obj/default/src/netif/ppp/ppp_oe.o
 .data          0x000b3c94        0x0 obj/default/src/netif/ppp/randm.o
 .data          0x000b3c94        0x0 obj/default/src/netif/ppp/vj.o
 .data          0x000b3c94        0x0 obj/default/src/netif/slipif.o
 .data          0x000b3c94        0x0 c:/altera/13.1/nios2eds/bin/gnu/h-i686-mingw32/bin/../lib/gcc/nios2-elf/4.7.3\libgcc.a(lib2-divmod.o)
 .data          0x000b3c94      0x400 c:/altera/13.1/nios2eds/bin/gnu/h-i686-mingw32/bin/../lib/gcc/nios2-elf/4.7.3/../../../../../H-i686-mingw32/nios2-elf/lib\libc.a(lib_a-impure.o)
 .data          0x000b4094        0x0 c:/altera/13.1/nios2eds/bin/gnu/h-i686-mingw32/bin/../lib/gcc/nios2-elf/4.7.3/../../../../../H-i686-mingw32/nios2-elf/lib\libc.a(lib_a-memcpy.o)
 .data          0x000b4094        0x0 c:/altera/13.1/nios2eds/bin/gnu/h-i686-mingw32/bin/../lib/gcc/nios2-elf/4.7.3/../../../../../H-i686-mingw32/nios2-elf/lib\libc.a(lib_a-memset.o)
 .data          0x000b4094        0x0 c:/altera/13.1/nios2eds/bin/gnu/h-i686-mingw32/bin/../lib/gcc/nios2-elf/4.7.3/../../../../../H-i686-mingw32/nios2-elf/lib\libc.a(lib_a-printf.o)
 .data          0x000b4094        0x0 c:/altera/13.1/nios2eds/bin/gnu/h-i686-mingw32/bin/../lib/gcc/nios2-elf/4.7.3/../../../../../H-i686-mingw32/nios2-elf/lib\libc.a(lib_a-putc.o)
 .data          0x000b4094        0x0 c:/altera/13.1/nios2eds/bin/gnu/h-i686-mingw32/bin/../lib/gcc/nios2-elf/4.7.3/../../../../../H-i686-mingw32/nios2-elf/lib\libc.a(lib_a-putchar.o)
 .data          0x000b4094        0x0 c:/altera/13.1/nios2eds/bin/gnu/h-i686-mingw32/bin/../lib/gcc/nios2-elf/4.7.3/../../../../../H-i686-mingw32/nios2-elf/lib\libc.a(lib_a-puts.o)
 .data          0x000b4094        0x0 c:/altera/13.1/nios2eds/bin/gnu/h-i686-mingw32/bin/../lib/gcc/nios2-elf/4.7.3/../../../../../H-i686-mingw32/nios2-elf/lib\libc.a(lib_a-scanf.o)
 .data          0x000b4094        0x0 c:/altera/13.1/nios2eds/bin/gnu/h-i686-mingw32/bin/../lib/gcc/nios2-elf/4.7.3/../../../../../H-i686-mingw32/nios2-elf/lib\libc.a(lib_a-strcmp.o)
 .data          0x000b4094        0x0 c:/altera/13.1/nios2eds/bin/gnu/h-i686-mingw32/bin/../lib/gcc/nios2-elf/4.7.3/../../../../../H-i686-mingw32/nios2-elf/lib\libc.a(lib_a-strlen.o)
 .data          0x000b4094        0x0 c:/altera/13.1/nios2eds/bin/gnu/h-i686-mingw32/bin/../lib/gcc/nios2-elf/4.7.3/../../../../../H-i686-mingw32/nios2-elf/lib\libc.a(lib_a-strncmp.o)
 .data          0x000b4094        0x0 c:/altera/13.1/nios2eds/bin/gnu/h-i686-mingw32/bin/../lib/gcc/nios2-elf/4.7.3/../../../../../H-i686-mingw32/nios2-elf/lib\libc.a(lib_a-vfprintf.o)
 .data          0x000b4094        0x0 c:/altera/13.1/nios2eds/bin/gnu/h-i686-mingw32/bin/../lib/gcc/nios2-elf/4.7.3/../../../../../H-i686-mingw32/nios2-elf/lib\libc.a(lib_a-vfscanf.o)
 .data          0x000b4094        0x0 c:/altera/13.1/nios2eds/bin/gnu/h-i686-mingw32/bin/../lib/gcc/nios2-elf/4.7.3/../../../../../H-i686-mingw32/nios2-elf/lib\libc.a(lib_a-wbuf.o)
 .data          0x000b4094        0x0 c:/altera/13.1/nios2eds/bin/gnu/h-i686-mingw32/bin/../lib/gcc/nios2-elf/4.7.3/../../../../../H-i686-mingw32/nios2-elf/lib\libc.a(lib_a-wsetup.o)
 .data          0x000b4094        0x0 c:/altera/13.1/nios2eds/bin/gnu/h-i686-mingw32/bin/../lib/gcc/nios2-elf/4.7.3/../../../../../H-i686-mingw32/nios2-elf/lib\libc.a(lib_a-ctype_.o)
 .data          0x000b4094        0x0 c:/altera/13.1/nios2eds/bin/gnu/h-i686-mingw32/bin/../lib/gcc/nios2-elf/4.7.3/../../../../../H-i686-mingw32/nios2-elf/lib\libc.a(lib_a-dtoa.o)
 .data          0x000b4094        0x0 c:/altera/13.1/nios2eds/bin/gnu/h-i686-mingw32/bin/../lib/gcc/nios2-elf/4.7.3/../../../../../H-i686-mingw32/nios2-elf/lib\libc.a(lib_a-fflush.o)
 .data          0x000b4094        0x0 c:/altera/13.1/nios2eds/bin/gnu/h-i686-mingw32/bin/../lib/gcc/nios2-elf/4.7.3/../../../../../H-i686-mingw32/nios2-elf/lib\libc.a(lib_a-findfp.o)
 .data          0x000b4094        0x0 c:/altera/13.1/nios2eds/bin/gnu/h-i686-mingw32/bin/../lib/gcc/nios2-elf/4.7.3/../../../../../H-i686-mingw32/nios2-elf/lib\libc.a(lib_a-fread.o)
 .data          0x000b4094        0x0 c:/altera/13.1/nios2eds/bin/gnu/h-i686-mingw32/bin/../lib/gcc/nios2-elf/4.7.3/../../../../../H-i686-mingw32/nios2-elf/lib\libc.a(lib_a-freer.o)
 .data          0x000b4094        0x0 c:/altera/13.1/nios2eds/bin/gnu/h-i686-mingw32/bin/../lib/gcc/nios2-elf/4.7.3/../../../../../H-i686-mingw32/nios2-elf/lib\libc.a(lib_a-fvwrite.o)
 .data          0x000b4094        0x0 c:/altera/13.1/nios2eds/bin/gnu/h-i686-mingw32/bin/../lib/gcc/nios2-elf/4.7.3/../../../../../H-i686-mingw32/nios2-elf/lib\libc.a(lib_a-fwalk.o)
 .data          0x000b4094        0x0 c:/altera/13.1/nios2eds/bin/gnu/h-i686-mingw32/bin/../lib/gcc/nios2-elf/4.7.3/../../../../../H-i686-mingw32/nios2-elf/lib\libc.a(lib_a-iswspace.o)
 .data          0x000b4094        0xc c:/altera/13.1/nios2eds/bin/gnu/h-i686-mingw32/bin/../lib/gcc/nios2-elf/4.7.3/../../../../../H-i686-mingw32/nios2-elf/lib\libc.a(lib_a-locale.o)
                0x000b4094                __lc_ctype
 .data          0x000b40a0        0x0 c:/altera/13.1/nios2eds/bin/gnu/h-i686-mingw32/bin/../lib/gcc/nios2-elf/4.7.3/../../../../../H-i686-mingw32/nios2-elf/lib\libc.a(lib_a-makebuf.o)
 .data          0x000b40a0      0x408 c:/altera/13.1/nios2eds/bin/gnu/h-i686-mingw32/bin/../lib/gcc/nios2-elf/4.7.3/../../../../../H-i686-mingw32/nios2-elf/lib\libc.a(lib_a-mallocr.o)
                0x000b40a0                __malloc_av_
 .data          0x000b44a8        0x0 c:/altera/13.1/nios2eds/bin/gnu/h-i686-mingw32/bin/../lib/gcc/nios2-elf/4.7.3/../../../../../H-i686-mingw32/nios2-elf/lib\libc.a(lib_a-mbrtowc.o)
 .data          0x000b44a8        0x0 c:/altera/13.1/nios2eds/bin/gnu/h-i686-mingw32/bin/../lib/gcc/nios2-elf/4.7.3/../../../../../H-i686-mingw32/nios2-elf/lib\libc.a(lib_a-mbtowc_r.o)
 .data          0x000b44a8        0x0 c:/altera/13.1/nios2eds/bin/gnu/h-i686-mingw32/bin/../lib/gcc/nios2-elf/4.7.3/../../../../../H-i686-mingw32/nios2-elf/lib\libc.a(lib_a-memchr.o)
 .data          0x000b44a8        0x0 c:/altera/13.1/nios2eds/bin/gnu/h-i686-mingw32/bin/../lib/gcc/nios2-elf/4.7.3/../../../../../H-i686-mingw32/nios2-elf/lib\libc.a(lib_a-memmove.o)
 .data          0x000b44a8        0x0 c:/altera/13.1/nios2eds/bin/gnu/h-i686-mingw32/bin/../lib/gcc/nios2-elf/4.7.3/../../../../../H-i686-mingw32/nios2-elf/lib\libc.a(lib_a-mprec.o)
 .data          0x000b44a8        0x0 c:/altera/13.1/nios2eds/bin/gnu/h-i686-mingw32/bin/../lib/gcc/nios2-elf/4.7.3/../../../../../H-i686-mingw32/nios2-elf/lib\libc.a(lib_a-reallocr.o)
 .data          0x000b44a8        0x0 c:/altera/13.1/nios2eds/bin/gnu/h-i686-mingw32/bin/../lib/gcc/nios2-elf/4.7.3/../../../../../H-i686-mingw32/nios2-elf/lib\libc.a(lib_a-refill.o)
 .data          0x000b44a8        0x0 c:/altera/13.1/nios2eds/bin/gnu/h-i686-mingw32/bin/../lib/gcc/nios2-elf/4.7.3/../../../../../H-i686-mingw32/nios2-elf/lib\libc.a(lib_a-s_isinfd.o)
 .data          0x000b44a8        0x0 c:/altera/13.1/nios2eds/bin/gnu/h-i686-mingw32/bin/../lib/gcc/nios2-elf/4.7.3/../../../../../H-i686-mingw32/nios2-elf/lib\libc.a(lib_a-s_isnand.o)
 .data          0x000b44a8        0x0 c:/altera/13.1/nios2eds/bin/gnu/h-i686-mingw32/bin/../lib/gcc/nios2-elf/4.7.3/../../../../../H-i686-mingw32/nios2-elf/lib\libc.a(lib_a-sbrkr.o)
 .data          0x000b44a8        0x0 c:/altera/13.1/nios2eds/bin/gnu/h-i686-mingw32/bin/../lib/gcc/nios2-elf/4.7.3/../../../../../H-i686-mingw32/nios2-elf/lib\libc.a(lib_a-sccl.o)
 .data          0x000b44a8        0x0 c:/altera/13.1/nios2eds/bin/gnu/h-i686-mingw32/bin/../lib/gcc/nios2-elf/4.7.3/../../../../../H-i686-mingw32/nios2-elf/lib\libc.a(lib_a-sf_nan.o)
 .data          0x000b44a8        0x0 c:/altera/13.1/nios2eds/bin/gnu/h-i686-mingw32/bin/../lib/gcc/nios2-elf/4.7.3/../../../../../H-i686-mingw32/nios2-elf/lib\libc.a(lib_a-sprintf.o)
 .data          0x000b44a8        0x0 c:/altera/13.1/nios2eds/bin/gnu/h-i686-mingw32/bin/../lib/gcc/nios2-elf/4.7.3/../../../../../H-i686-mingw32/nios2-elf/lib\libc.a(lib_a-stdio.o)
 .data          0x000b44a8       0x28 c:/altera/13.1/nios2eds/bin/gnu/h-i686-mingw32/bin/../lib/gcc/nios2-elf/4.7.3/../../../../../H-i686-mingw32/nios2-elf/lib\libc.a(lib_a-strtod.o)
 .data          0x000b44d0        0x0 c:/altera/13.1/nios2eds/bin/gnu/h-i686-mingw32/bin/../lib/gcc/nios2-elf/4.7.3/../../../../../H-i686-mingw32/nios2-elf/lib\libc.a(lib_a-strtol.o)
 .data          0x000b44d0        0x0 c:/altera/13.1/nios2eds/bin/gnu/h-i686-mingw32/bin/../lib/gcc/nios2-elf/4.7.3/../../../../../H-i686-mingw32/nios2-elf/lib\libc.a(lib_a-strtoll_r.o)
 .data          0x000b44d0        0x0 c:/altera/13.1/nios2eds/bin/gnu/h-i686-mingw32/bin/../lib/gcc/nios2-elf/4.7.3/../../../../../H-i686-mingw32/nios2-elf/lib\libc.a(lib_a-strtoul.o)
 .data          0x000b44d0        0x0 c:/altera/13.1/nios2eds/bin/gnu/h-i686-mingw32/bin/../lib/gcc/nios2-elf/4.7.3/../../../../../H-i686-mingw32/nios2-elf/lib\libc.a(lib_a-strtoull_r.o)
 .data          0x000b44d0        0x0 c:/altera/13.1/nios2eds/bin/gnu/h-i686-mingw32/bin/../lib/gcc/nios2-elf/4.7.3/../../../../../H-i686-mingw32/nios2-elf/lib\libc.a(lib_a-ungetc.o)
 .data          0x000b44d0        0x0 c:/altera/13.1/nios2eds/bin/gnu/h-i686-mingw32/bin/../lib/gcc/nios2-elf/4.7.3/../../../../../H-i686-mingw32/nios2-elf/lib\libc.a(lib_a-writer.o)
 .data          0x000b44d0        0x0 c:/altera/13.1/nios2eds/bin/gnu/h-i686-mingw32/bin/../lib/gcc/nios2-elf/4.7.3/../../../../../H-i686-mingw32/nios2-elf/lib\libc.a(lib_a-callocr.o)
 .data          0x000b44d0        0x0 c:/altera/13.1/nios2eds/bin/gnu/h-i686-mingw32/bin/../lib/gcc/nios2-elf/4.7.3/../../../../../H-i686-mingw32/nios2-elf/lib\libc.a(lib_a-closer.o)
 .data          0x000b44d0        0x0 c:/altera/13.1/nios2eds/bin/gnu/h-i686-mingw32/bin/../lib/gcc/nios2-elf/4.7.3/../../../../../H-i686-mingw32/nios2-elf/lib\libc.a(lib_a-fclose.o)
 .data          0x000b44d0        0x0 c:/altera/13.1/nios2eds/bin/gnu/h-i686-mingw32/bin/../lib/gcc/nios2-elf/4.7.3/../../../../../H-i686-mingw32/nios2-elf/lib\libc.a(lib_a-fstatr.o)
 .data          0x000b44d0        0x0 c:/altera/13.1/nios2eds/bin/gnu/h-i686-mingw32/bin/../lib/gcc/nios2-elf/4.7.3/../../../../../H-i686-mingw32/nios2-elf/lib\libc.a(lib_a-gdtoa-gethex.o)
 .data          0x000b44d0        0x0 c:/altera/13.1/nios2eds/bin/gnu/h-i686-mingw32/bin/../lib/gcc/nios2-elf/4.7.3/../../../../../H-i686-mingw32/nios2-elf/lib\libc.a(lib_a-gdtoa-hexnan.o)
 .data          0x000b44d0        0x0 c:/altera/13.1/nios2eds/bin/gnu/h-i686-mingw32/bin/../lib/gcc/nios2-elf/4.7.3/../../../../../H-i686-mingw32/nios2-elf/lib\libc.a(lib_a-int_errno.o)
 .data          0x000b44d0        0x0 c:/altera/13.1/nios2eds/bin/gnu/h-i686-mingw32/bin/../lib/gcc/nios2-elf/4.7.3/../../../../../H-i686-mingw32/nios2-elf/lib\libc.a(lib_a-isattyr.o)
 .data          0x000b44d0        0x0 c:/altera/13.1/nios2eds/bin/gnu/h-i686-mingw32/bin/../lib/gcc/nios2-elf/4.7.3/../../../../../H-i686-mingw32/nios2-elf/lib\libc.a(lib_a-lseekr.o)
 .data          0x000b44d0        0x0 c:/altera/13.1/nios2eds/bin/gnu/h-i686-mingw32/bin/../lib/gcc/nios2-elf/4.7.3/../../../../../H-i686-mingw32/nios2-elf/lib\libc.a(lib_a-readr.o)
 .data          0x000b44d0        0x0 c:/altera/13.1/nios2eds/bin/gnu/h-i686-mingw32/bin/../lib/gcc/nios2-elf/4.7.3\libgcc.a(_muldi3.o)
 .data          0x000b44d0        0x0 c:/altera/13.1/nios2eds/bin/gnu/h-i686-mingw32/bin/../lib/gcc/nios2-elf/4.7.3\libgcc.a(_fixunsdfsi.o)
 .data          0x000b44d0        0x0 c:/altera/13.1/nios2eds/bin/gnu/h-i686-mingw32/bin/../lib/gcc/nios2-elf/4.7.3\libgcc.a(_udivdi3.o)
 .data          0x000b44d0        0x0 c:/altera/13.1/nios2eds/bin/gnu/h-i686-mingw32/bin/../lib/gcc/nios2-elf/4.7.3\libgcc.a(_umoddi3.o)
 .data          0x000b44d0        0x0 c:/altera/13.1/nios2eds/bin/gnu/h-i686-mingw32/bin/../lib/gcc/nios2-elf/4.7.3\libgcc.a(_eq_sf.o)
 .data          0x000b44d0        0x0 c:/altera/13.1/nios2eds/bin/gnu/h-i686-mingw32/bin/../lib/gcc/nios2-elf/4.7.3\libgcc.a(_gt_sf.o)
 .data          0x000b44d0        0x0 c:/altera/13.1/nios2eds/bin/gnu/h-i686-mingw32/bin/../lib/gcc/nios2-elf/4.7.3\libgcc.a(_lt_sf.o)
 .data          0x000b44d0        0x0 c:/altera/13.1/nios2eds/bin/gnu/h-i686-mingw32/bin/../lib/gcc/nios2-elf/4.7.3\libgcc.a(_addsub_df.o)
 .data          0x000b44d0        0x0 c:/altera/13.1/nios2eds/bin/gnu/h-i686-mingw32/bin/../lib/gcc/nios2-elf/4.7.3\libgcc.a(_mul_df.o)
 .data          0x000b44d0        0x0 c:/altera/13.1/nios2eds/bin/gnu/h-i686-mingw32/bin/../lib/gcc/nios2-elf/4.7.3\libgcc.a(_div_df.o)
 .data          0x000b44d0        0x0 c:/altera/13.1/nios2eds/bin/gnu/h-i686-mingw32/bin/../lib/gcc/nios2-elf/4.7.3\libgcc.a(_eq_df.o)
 .data          0x000b44d0        0x0 c:/altera/13.1/nios2eds/bin/gnu/h-i686-mingw32/bin/../lib/gcc/nios2-elf/4.7.3\libgcc.a(_ne_df.o)
 .data          0x000b44d0        0x0 c:/altera/13.1/nios2eds/bin/gnu/h-i686-mingw32/bin/../lib/gcc/nios2-elf/4.7.3\libgcc.a(_gt_df.o)
 .data          0x000b44d0        0x0 c:/altera/13.1/nios2eds/bin/gnu/h-i686-mingw32/bin/../lib/gcc/nios2-elf/4.7.3\libgcc.a(_ge_df.o)
 .data          0x000b44d0        0x0 c:/altera/13.1/nios2eds/bin/gnu/h-i686-mingw32/bin/../lib/gcc/nios2-elf/4.7.3\libgcc.a(_lt_df.o)
 .data          0x000b44d0        0x0 c:/altera/13.1/nios2eds/bin/gnu/h-i686-mingw32/bin/../lib/gcc/nios2-elf/4.7.3\libgcc.a(_le_df.o)
 .data          0x000b44d0        0x0 c:/altera/13.1/nios2eds/bin/gnu/h-i686-mingw32/bin/../lib/gcc/nios2-elf/4.7.3\libgcc.a(_si_to_df.o)
 .data          0x000b44d0        0x0 c:/altera/13.1/nios2eds/bin/gnu/h-i686-mingw32/bin/../lib/gcc/nios2-elf/4.7.3\libgcc.a(_df_to_si.o)
 .data          0x000b44d0        0x0 c:/altera/13.1/nios2eds/bin/gnu/h-i686-mingw32/bin/../lib/gcc/nios2-elf/4.7.3\libgcc.a(_df_to_sf.o)
 .data          0x000b44d0        0x0 c:/altera/13.1/nios2eds/bin/gnu/h-i686-mingw32/bin/../lib/gcc/nios2-elf/4.7.3\libgcc.a(_thenan_df.o)
 .data          0x000b44d0        0x0 c:/altera/13.1/nios2eds/bin/gnu/h-i686-mingw32/bin/../lib/gcc/nios2-elf/4.7.3\libgcc.a(_usi_to_df.o)
 .data          0x000b44d0        0x0 c:/altera/13.1/nios2eds/bin/gnu/h-i686-mingw32/bin/../lib/gcc/nios2-elf/4.7.3\libgcc.a(_clz.o)
 .data          0x000b44d0        0x0 c:/altera/13.1/nios2eds/bin/gnu/h-i686-mingw32/bin/../lib/gcc/nios2-elf/4.7.3\libgcc.a(_clzsi2.o)
 .data          0x000b44d0        0x0 c:/altera/13.1/nios2eds/bin/gnu/h-i686-mingw32/bin/../lib/gcc/nios2-elf/4.7.3\libgcc.a(_unpack_sf.o)
 .data          0x000b44d0        0x0 c:/altera/13.1/nios2eds/bin/gnu/h-i686-mingw32/bin/../lib/gcc/nios2-elf/4.7.3\libgcc.a(_fpcmp_parts_sf.o)
 .data          0x000b44d0        0x0 c:/altera/13.1/nios2eds/bin/gnu/h-i686-mingw32/bin/../lib/gcc/nios2-elf/4.7.3\libgcc.a(_make_sf.o)
 .data          0x000b44d0        0x0 c:/altera/13.1/nios2eds/bin/gnu/h-i686-mingw32/bin/../lib/gcc/nios2-elf/4.7.3\libgcc.a(_pack_df.o)
 .data          0x000b44d0        0x0 c:/altera/13.1/nios2eds/bin/gnu/h-i686-mingw32/bin/../lib/gcc/nios2-elf/4.7.3\libgcc.a(_unpack_df.o)
 .data          0x000b44d0        0x0 c:/altera/13.1/nios2eds/bin/gnu/h-i686-mingw32/bin/../lib/gcc/nios2-elf/4.7.3\libgcc.a(_fpcmp_parts_df.o)
 .data          0x000b44d0        0x0 c:/altera/13.1/nios2eds/bin/gnu/h-i686-mingw32/bin/../lib/gcc/nios2-elf/4.7.3\libgcc.a(_lshrdi3.o)
 .data          0x000b44d0        0x0 c:/altera/13.1/nios2eds/bin/gnu/h-i686-mingw32/bin/../lib/gcc/nios2-elf/4.7.3\libgcc.a(_ashldi3.o)
 .data          0x000b44d0        0x0 c:/altera/13.1/nios2eds/bin/gnu/h-i686-mingw32/bin/../lib/gcc/nios2-elf/4.7.3\libgcc.a(_pack_sf.o)
 .data          0x000b44d0        0x0 ../../Desktop/Repozytorium/SzyfratorCopy/Szyfrator_v2/software/Sztfrator_NET_BSP\libhal_bsp.a(alt_close.o)
 .data          0x000b44d0      0x1a8 ../../Desktop/Repozytorium/SzyfratorCopy/Szyfrator_v2/software/Sztfrator_NET_BSP\libhal_bsp.a(alt_dev.o)
                0x000b44d0                alt_dev_null
                0x000b44f8                alt_fd_list
 .data          0x000b4678        0x0 ../../Desktop/Repozytorium/SzyfratorCopy/Szyfrator_v2/software/Sztfrator_NET_BSP\libhal_bsp.a(alt_errno.o)
 .data          0x000b4678        0x0 ../../Desktop/Repozytorium/SzyfratorCopy/Szyfrator_v2/software/Sztfrator_NET_BSP\libhal_bsp.a(alt_fstat.o)
 .data          0x000b4678        0x0 ../../Desktop/Repozytorium/SzyfratorCopy/Szyfrator_v2/software/Sztfrator_NET_BSP\libhal_bsp.a(alt_getchar.o)
 .data          0x000b4678        0x0 ../../Desktop/Repozytorium/SzyfratorCopy/Szyfrator_v2/software/Sztfrator_NET_BSP\libhal_bsp.a(alt_isatty.o)
 .data          0x000b4678        0x0 ../../Desktop/Repozytorium/SzyfratorCopy/Szyfrator_v2/software/Sztfrator_NET_BSP\libhal_bsp.a(alt_load.o)
 .data          0x000b4678        0x0 ../../Desktop/Repozytorium/SzyfratorCopy/Szyfrator_v2/software/Sztfrator_NET_BSP\libhal_bsp.a(alt_lseek.o)
 .data          0x000b4678        0x0 ../../Desktop/Repozytorium/SzyfratorCopy/Szyfrator_v2/software/Sztfrator_NET_BSP\libhal_bsp.a(alt_main.o)
 .data          0x000b4678        0x0 ../../Desktop/Repozytorium/SzyfratorCopy/Szyfrator_v2/software/Sztfrator_NET_BSP\libhal_bsp.a(alt_malloc_lock.o)
 .data          0x000b4678        0x0 ../../Desktop/Repozytorium/SzyfratorCopy/Szyfrator_v2/software/Sztfrator_NET_BSP\libhal_bsp.a(alt_printf.o)
 .data          0x000b4678        0x0 ../../Desktop/Repozytorium/SzyfratorCopy/Szyfrator_v2/software/Sztfrator_NET_BSP\libhal_bsp.a(alt_putchar.o)
 .data          0x000b4678        0x0 ../../Desktop/Repozytorium/SzyfratorCopy/Szyfrator_v2/software/Sztfrator_NET_BSP\libhal_bsp.a(alt_read.o)
 .data          0x000b4678        0x0 ../../Desktop/Repozytorium/SzyfratorCopy/Szyfrator_v2/software/Sztfrator_NET_BSP\libhal_bsp.a(alt_release_fd.o)
 .data          0x000b4678        0x0 ../../Desktop/Repozytorium/SzyfratorCopy/Szyfrator_v2/software/Sztfrator_NET_BSP\libhal_bsp.a(alt_remap_uncached.o)
 .data          0x000b4678        0x0 ../../Desktop/Repozytorium/SzyfratorCopy/Szyfrator_v2/software/Sztfrator_NET_BSP\libhal_bsp.a(alt_sbrk.o)
 .data          0x000b4678        0x0 ../../Desktop/Repozytorium/SzyfratorCopy/Szyfrator_v2/software/Sztfrator_NET_BSP\libhal_bsp.a(alt_uncached_malloc.o)
 .data          0x000b4678        0x0 ../../Desktop/Repozytorium/SzyfratorCopy/Szyfrator_v2/software/Sztfrator_NET_BSP\libhal_bsp.a(alt_write.o)
 .data          0x000b4678       0xec ../../Desktop/Repozytorium/SzyfratorCopy/Szyfrator_v2/software/Sztfrator_NET_BSP\libhal_bsp.a(alt_sys_init.o)
 .data          0x000b4764        0x0 ../../Desktop/Repozytorium/SzyfratorCopy/Szyfrator_v2/software/Sztfrator_NET_BSP\libhal_bsp.a(altera_avalon_jtag_uart_fd.o)
 .data          0x000b4764        0x0 ../../Desktop/Repozytorium/SzyfratorCopy/Szyfrator_v2/software/Sztfrator_NET_BSP\libhal_bsp.a(altera_avalon_jtag_uart_read.o)
 .data          0x000b4764        0x0 ../../Desktop/Repozytorium/SzyfratorCopy/Szyfrator_v2/software/Sztfrator_NET_BSP\libhal_bsp.a(altera_avalon_jtag_uart_write.o)
 .data          0x000b4764        0x0 ../../Desktop/Repozytorium/SzyfratorCopy/Szyfrator_v2/software/Sztfrator_NET_BSP\libhal_bsp.a(altera_avalon_sgdma.o)
 .data          0x000b4764        0x0 ../../Desktop/Repozytorium/SzyfratorCopy/Szyfrator_v2/software/Sztfrator_NET_BSP\libhal_bsp.a(altera_avalon_tse.o)
 .data          0x000b4764        0x0 ../../Desktop/Repozytorium/SzyfratorCopy/Szyfrator_v2/software/Sztfrator_NET_BSP\libhal_bsp.a(altera_avalon_tse_system_info.o)
 .data          0x000b4764        0x0 ../../Desktop/Repozytorium/SzyfratorCopy/Szyfrator_v2/software/Sztfrator_NET_BSP\libhal_bsp.a(perf_print_formatted_report.o)
 .data          0x000b4764        0x0 ../../Desktop/Repozytorium/SzyfratorCopy/Szyfrator_v2/software/Sztfrator_NET_BSP\libhal_bsp.a(alt_dcache_flush.o)
 .data          0x000b4764        0x0 ../../Desktop/Repozytorium/SzyfratorCopy/Szyfrator_v2/software/Sztfrator_NET_BSP\libhal_bsp.a(alt_dcache_flush_all.o)
 .data          0x000b4764        0x0 ../../Desktop/Repozytorium/SzyfratorCopy/Szyfrator_v2/software/Sztfrator_NET_BSP\libhal_bsp.a(alt_dev_llist_insert.o)