Archive member included because of file (symbol)

c:/altera/13.1/nios2eds/bin/gnu/h-i686-mingw32/bin/../lib/gcc/nios2-elf/4.7.3\libgcc.a(lib2-divmod.o)
                              obj/default/src/core/tcp_in.o (__divsi3)
c:/altera/13.1/nios2eds/bin/gnu/h-i686-mingw32/bin/../lib/gcc/nios2-elf/4.7.3/../../../../../H-i686-mingw32/nios2-elf/lib\libc.a(lib_a-memcpy.o)
                              obj/default/Net_szyfr.o (memcpy)
c:/altera/13.1/nios2eds/bin/gnu/h-i686-mingw32/bin/../lib/gcc/nios2-elf/4.7.3/../../../../../H-i686-mingw32/nios2-elf/lib\libc.a(lib_a-memset.o)
                              obj/default/src/core/ipv4/ip_frag.o (memset)
c:/altera/13.1/nios2eds/bin/gnu/h-i686-mingw32/bin/../lib/gcc/nios2-elf/4.7.3/../../../../../H-i686-mingw32/nios2-elf/lib\libc.a(lib_a-printf.o)
                              obj/default/Net_szyfr.o (printf)
c:/altera/13.1/nios2eds/bin/gnu/h-i686-mingw32/bin/../lib/gcc/nios2-elf/4.7.3/../../../../../H-i686-mingw32/nios2-elf/lib\libc.a(lib_a-putchar.o)
                              obj/default/Net_szyfr.o (putchar)
c:/altera/13.1/nios2eds/bin/gnu/h-i686-mingw32/bin/../lib/gcc/nios2-elf/4.7.3/../../../../../H-i686-mingw32/nios2-elf/lib\libc.a(lib_a-puts.o)
                              obj/default/Net_szyfr.o (puts)
c:/altera/13.1/nios2eds/bin/gnu/h-i686-mingw32/bin/../lib/gcc/nios2-elf/4.7.3/../../../../../H-i686-mingw32/nios2-elf/lib\libc.a(lib_a-scanf.o)
                              obj/default/Net_szyfr.o (scanf)
c:/altera/13.1/nios2eds/bin/gnu/h-i686-mingw32/bin/../lib/gcc/nios2-elf/4.7.3/../../../../../H-i686-mingw32/nios2-elf/lib\libc.a(lib_a-strcmp.o)
                              obj/default/fs.o (strcmp)
c:/altera/13.1/nios2eds/bin/gnu/h-i686-mingw32/bin/../lib/gcc/nios2-elf/4.7.3/../../../../../H-i686-mingw32/nios2-elf/lib\libc.a(lib_a-strlen.o)
                              c:/altera/13.1/nios2eds/bin/gnu/h-i686-mingw32/bin/../lib/gcc/nios2-elf/4.7.3/../../../../../H-i686-mingw32/nios2-elf/lib\libc.a(lib_a-puts.o) (strlen)
c:/altera/13.1/nios2eds/bin/gnu/h-i686-mingw32/bin/../lib/gcc/nios2-elf/4.7.3/../../../../../H-i686-mingw32/nios2-elf/lib\libc.a(lib_a-strncmp.o)
                              obj/default/httpd.o (strncmp)
c:/altera/13.1/nios2eds/bin/gnu/h-i686-mingw32/bin/../lib/gcc/nios2-elf/4.7.3/../../../../../H-i686-mingw32/nios2-elf/lib\libc.a(lib_a-vfprintf.o)
                              c:/altera/13.1/nios2eds/bin/gnu/h-i686-mingw32/bin/../lib/gcc/nios2-elf/4.7.3/../../../../../H-i686-mingw32/nios2-elf/lib\libc.a(lib_a-printf.o) (___vfprintf_internal_r)
c:/altera/13.1/nios2eds/bin/gnu/h-i686-mingw32/bin/../lib/gcc/nios2-elf/4.7.3/../../../../../H-i686-mingw32/nios2-elf/lib\libc.a(lib_a-vfscanf.o)
                              c:/altera/13.1/nios2eds/bin/gnu/h-i686-mingw32/bin/../lib/gcc/nios2-elf/4.7.3/../../../../../H-i686-mingw32/nios2-elf/lib\libc.a(lib_a-scanf.o) (__svfscanf_r)
c:/altera/13.1/nios2eds/bin/gnu/h-i686-mingw32/bin/../lib/gcc/nios2-elf/4.7.3/../../../../../H-i686-mingw32/nios2-elf/lib\libc.a(lib_a-wsetup.o)
                              c:/altera/13.1/nios2eds/bin/gnu/h-i686-mingw32/bin/../lib/gcc/nios2-elf/4.7.3/../../../../../H-i686-mingw32/nios2-elf/lib\libc.a(lib_a-vfprintf.o) (__swsetup_r)
c:/altera/13.1/nios2eds/bin/gnu/h-i686-mingw32/bin/../lib/gcc/nios2-elf/4.7.3/../../../../../H-i686-mingw32/nios2-elf/lib\libc.a(lib_a-ctype_.o)
                              c:/altera/13.1/nios2eds/bin/gnu/h-i686-mingw32/bin/../lib/gcc/nios2-elf/4.7.3/../../../../../H-i686-mingw32/nios2-elf/lib\libc.a(lib_a-vfscanf.o) (__ctype_ptr)
c:/altera/13.1/nios2eds/bin/gnu/h-i686-mingw32/bin/../lib/gcc/nios2-elf/4.7.3/../../../../../H-i686-mingw32/nios2-elf/lib\libc.a(lib_a-dtoa.o)
                              c:/altera/13.1/nios2eds/bin/gnu/h-i686-mingw32/bin/../lib/gcc/nios2-elf/4.7.3/../../../../../H-i686-mingw32/nios2-elf/lib\libc.a(lib_a-vfprintf.o) (_dtoa_r)
c:/altera/13.1/nios2eds/bin/gnu/h-i686-mingw32/bin/../lib/gcc/nios2-elf/4.7.3/../../../../../H-i686-mingw32/nios2-elf/lib\libc.a(lib_a-fflush.o)
                              c:/altera/13.1/nios2eds/bin/gnu/h-i686-mingw32/bin/../lib/gcc/nios2-elf/4.7.3/../../../../../H-i686-mingw32/nios2-elf/lib\libc.a(lib_a-vfprintf.o) (_fflush_r)
c:/altera/13.1/nios2eds/bin/gnu/h-i686-mingw32/bin/../lib/gcc/nios2-elf/4.7.3/../../../../../H-i686-mingw32/nios2-elf/lib\libc.a(lib_a-findfp.o)
                              c:/altera/13.1/nios2eds/bin/gnu/h-i686-mingw32/bin/../lib/gcc/nios2-elf/4.7.3/../../../../../H-i686-mingw32/nios2-elf/lib\libc.a(lib_a-vfprintf.o) (__sinit)
c:/altera/13.1/nios2eds/bin/gnu/h-i686-mingw32/bin/../lib/gcc/nios2-elf/4.7.3/../../../../../H-i686-mingw32/nios2-elf/lib\libc.a(lib_a-fread.o)
                              c:/altera/13.1/nios2eds/bin/gnu/h-i686-mingw32/bin/../lib/gcc/nios2-elf/4.7.3/../../../../../H-i686-mingw32/nios2-elf/lib\libc.a(lib_a-vfscanf.o) (fread)
[...]
Memory Configuration

Name             Origin             Length             Attributes
reset            0x00000000         0x00000020
main_memory      0x00000020         0x0003e7e0
descriptor_memory_3desdecrypt 0x00040000         0x00001000
descriptor_memory_3des 0x00041000         0x00001000
descriptor_memory1 0x00042000         0x00001000
descriptor_memory 0x00043000         0x00001000
sram             0x00200000         0x00200000
*default*        0x00000000         0xffffffff

Linker script and memory map

LOAD ../../Desktop/Repozytorium/SzyfratorCopy/Szyfrator_v2/software/Sztfrator_NET_BSP/obj/HAL/src/crt0.o
LOAD obj/default/Net_szyfr.o
LOAD obj/default/fs.o
LOAD obj/default/fsdata.o
LOAD obj/default/httpd.o
LOAD obj/default/src/api/api_lib.o
LOAD obj/default/src/api/api_msg.o
LOAD obj/default/src/api/err.o
LOAD obj/default/src/api/netbuf.o
LOAD obj/default/src/api/netdb.o
LOAD obj/default/src/api/netifapi.o
LOAD obj/default/src/api/sockets.o
LOAD obj/default/src/api/tcpip.o
LOAD obj/default/src/core/dhcp.o
LOAD obj/default/src/core/dns.o
LOAD obj/default/src/core/init.o
LOAD obj/default/src/core/ipv4/autoip.o
LOAD obj/default/src/core/ipv4/icmp.o
LOAD obj/default/src/core/ipv4/igmp.o
LOAD obj/default/src/core/ipv4/inet.o
LOAD obj/default/src/core/ipv4/inet_chksum.o
LOAD obj/default/src/core/ipv4/ip.o
LOAD obj/default/src/core/ipv4/ip_addr.o
LOAD obj/default/src/core/ipv4/ip_frag.o
LOAD obj/default/src/core/mem.o
LOAD obj/default/src/core/memp.o
LOAD obj/default/src/core/netif.o
LOAD obj/default/src/core/pbuf.o
LOAD obj/default/src/core/raw.o
LOAD obj/default/src/core/snmp/asn1_dec.o
LOAD obj/default/src/core/snmp/asn1_enc.o
LOAD obj/default/src/core/snmp/mib2.o
LOAD obj/default/src/core/snmp/mib_structs.o
LOAD obj/default/src/core/snmp/msg_in.o
LOAD obj/default/src/core/snmp/msg_out.o
LOAD obj/default/src/core/stats.o
LOAD obj/default/src/core/sys.o
LOAD obj/default/src/core/tcp.o
LOAD obj/default/src/core/tcp_in.o
LOAD obj/default/src/core/tcp_out.o
LOAD obj/default/src/core/udp.o
LOAD obj/default/src/netif/etharp.o
LOAD obj/default/src/netif/ethernetif.o
LOAD obj/default/src/netif/loopif.o
LOAD obj/default/src/netif/ppp/auth.o
LOAD obj/default/src/netif/ppp/chap.o
LOAD obj/default/src/netif/ppp/chpms.o
LOAD obj/default/src/netif/ppp/fsm.o
LOAD obj/default/src/netif/ppp/ipcp.o
LOAD obj/default/src/netif/ppp/lcp.o
LOAD obj/default/src/netif/ppp/magic.o
LOAD obj/default/src/netif/ppp/md5.o
LOAD obj/default/src/netif/ppp/pap.o
LOAD obj/default/src/netif/ppp/ppp.o
LOAD obj/default/src/netif/ppp/ppp_oe.o
LOAD obj/default/src/netif/ppp/randm.o
LOAD obj/default/src/netif/ppp/vj.o
LOAD obj/default/src/netif/slipif.o
LOAD c:/altera/13.1/nios2eds/bin/gnu/h-i686-mingw32/bin/../lib/gcc/nios2-elf/4.7.3/../../../../../H-i686-mingw32/nios2-elf/lib\libstdc++.a
LOAD c:/altera/13.1/nios2eds/bin/gnu/h-i686-mingw32/bin/../lib/gcc/nios2-elf/4.7.3/../../../../../H-i686-mingw32/nios2-elf/lib\libm.a
LOAD c:/altera/13.1/nios2eds/bin/gnu/h-i686-mingw32/bin/../lib/gcc/nios2-elf/4.7.3\libgcc.a
START GROUP
LOAD c:/altera/13.1/nios2eds/bin/gnu/h-i686-mingw32/bin/../lib/gcc/nios2-elf/4.7.3/../../../../../H-i686-mingw32/nios2-elf/lib\libc.a
LOAD c:/altera/13.1/nios2eds/bin/gnu/h-i686-mingw32/bin/../lib/gcc/nios2-elf/4.7.3\libgcc.a
LOAD ../../Desktop/Repozytorium/SzyfratorCopy/Szyfrator_v2/software/Sztfrator_NET_BSP\libhal_bsp.a
END GROUP
LOAD c:/altera/13.1/nios2eds/bin/gnu/h-i686-mingw32/bin/../lib/gcc/nios2-elf/4.7.3\libgcc.a
                0x00000000                __alt_mem_main_memory = 0x0
                0x00040000                __alt_mem_descriptor_memory_3desdecrypt = 0x40000
                0x00041000                __alt_mem_descriptor_memory_3des = 0x41000
                0x00042000                __alt_mem_descriptor_memory1 = 0x42000
                0x00043000                __alt_mem_descriptor_memory = 0x43000
                0x00200000                __alt_mem_sram = 0x200000

.entry          0x00000000       0x20
 *(.entry)
 .entry         0x00000000       0x20 ../../Desktop/Repozytorium/SzyfratorCopy/Szyfrator_v2/software/Sztfrator_NET_BSP/obj/HAL/src/crt0.o
                0x00000000                __reset

.exceptions     0x00000020      0x198
                0x00000020                PROVIDE (__ram_exceptions_start, ABSOLUTE (.))
                0x00000020                . = ALIGN (0x20)
 *(.irq)
 *(.exceptions.entry.label)
 .exceptions.entry.label
                0x00000020        0x0 ../../Desktop/Repozytorium/SzyfratorCopy/Szyfrator_v2/software/Sztfrator_NET_BSP\libhal_bsp.a(alt_irq_entry.o)
                0x00000020                alt_irq_entry
 .exceptions.entry.label
                0x00000020        0x0 ../../Desktop/Repozytorium/SzyfratorCopy/Szyfrator_v2/software/Sztfrator_NET_BSP\libhal_bsp.a(alt_exception_entry.o)
                0x00000020                alt_exception
 *(.exceptions.entry.user)
 *(.exceptions.entry.ecc_fatal)
 *(.exceptions.entry)
 .exceptions.entry
                0x00000020       0x54 ../../Desktop/Repozytorium/SzyfratorCopy/Szyfrator_v2/software/Sztfrator_NET_BSP\libhal_bsp.a(alt_exception_entry.o)
 *(.exceptions.irqtest.user)
 *(.exceptions.irqtest)
 .exceptions.irqtest
                0x00000074       0x10 ../../Desktop/Repozytorium/SzyfratorCopy/Szyfrator_v2/software/Sztfrator_NET_BSP\libhal_bsp.a(alt_irq_entry.o)
 *(.exceptions.irqhandler.user)
 *(.exceptions.irqhandler)
 .exceptions.irqhandler
                0x00000084        0x4 ../../Desktop/Repozytorium/SzyfratorCopy/Szyfrator_v2/software/Sztfrator_NET_BSP\libhal_bsp.a(alt_irq_entry.o)
 *(.exceptions.irqreturn.user)
 *(.exceptions.irqreturn)
 .exceptions.irqreturn
                0x00000088        0x4 ../../Desktop/Repozytorium/SzyfratorCopy/Szyfrator_v2/software/Sztfrator_NET_BSP\libhal_bsp.a(alt_irq_entry.o)
 *(.exceptions.notirq.label)
 .exceptions.notirq.label
                0x0000008c        0x0 ../../Desktop/Repozytorium/SzyfratorCopy/Szyfrator_v2/software/Sztfrator_NET_BSP\libhal_bsp.a(alt_irq_entry.o)
 *(.exceptions.notirq.user)
 *(.exceptions.notirq)
 .exceptions.notirq
                0x0000008c        0x8 ../../Desktop/Repozytorium/SzyfratorCopy/Szyfrator_v2/software/Sztfrator_NET_BSP\libhal_bsp.a(alt_exception_entry.o)
 *(.exceptions.soft.user)
 *(.exceptions.soft)
 *(.exceptions.unknown.user)
 *(.exceptions.unknown)
 .exceptions.unknown
                0x00000094        0x4 ../../Desktop/Repozytorium/SzyfratorCopy/Szyfrator_v2/software/Sztfrator_NET_BSP\libhal_bsp.a(alt_exception_entry.o)
 *(.exceptions.exit.label)
 .exceptions.exit.label
                0x00000098        0x0 ../../Desktop/Repozytorium/SzyfratorCopy/Szyfrator_v2/software/Sztfrator_NET_BSP\libhal_bsp.a(alt_irq_entry.o)
 .exceptions.exit.label
                0x00000098        0x0 ../../Desktop/Repozytorium/SzyfratorCopy/Szyfrator_v2/software/Sztfrator_NET_BSP\libhal_bsp.a(alt_exception_entry.o)
 *(.exceptions.exit.user)
 *(.exceptions.exit)
 .exceptions.exit
                0x00000098       0x54 ../../Desktop/Repozytorium/SzyfratorCopy/Szyfrator_v2/software/Sztfrator_NET_BSP\libhal_bsp.a(alt_exception_entry.o)
 *(.exceptions)
 .exceptions    0x000000ec       0xcc ../../Desktop/Repozytorium/SzyfratorCopy/Szyfrator_v2/software/Sztfrator_NET_BSP\libhal_bsp.a(alt_irq_handler.o)
                0x000000ec                alt_irq_handler
                0x000001b8                PROVIDE (__ram_exceptions_end, ABSOLUTE (.))
                0x00000020                PROVIDE (__flash_exceptions_start, LOADADDR (.exceptions))

.text           0x000001b8    0x25968
                0x000001b8                PROVIDE (stext, ABSOLUTE (.))
 *(.interp)
 *(.hash)
 *(.dynsym)
 *(.dynstr)
 *(.gnu.version)
 *(.gnu.version_d)
 *(.gnu.version_r)
 *(.rel.init)
 *(.rela.init)
 *(.rel.text .rel.text.* .rel.gnu.linkonce.t.*)
 *(.rela.text .rela.text.* .rela.gnu.linkonce.t.*)
 *(.rel.fini)
 *(.rela.fini)
 *(.rel.rodata .rel.rodata.* .rel.gnu.linkonce.r.*)
 *(.rela.rodata .rela.rodata.* .rela.gnu.linkonce.r.*)
 *(.rel.data .rel.data.* .rel.gnu.linkonce.d.*)
 *(.rela.data .rela.data.* .rela.gnu.linkonce.d.*)
 *(.rel.tdata .rel.tdata.* .rel.gnu.linkonce.td.*)
 *(.rela.tdata .rela.tdata.* .rela.gnu.linkonce.td.*)
 *(.rel.tbss .rel.tbss.* .rel.gnu.linkonce.tb.*)
 *(.rela.tbss .rela.tbss.* .rela.gnu.linkonce.tb.*)
 *(.rel.ctors)
 *(.rela.ctors)
 *(.rel.dtors)
 *(.rela.dtors)
 *(.rel.got)
 *(.rela.got)
 *(.rel.sdata .rel.sdata.* .rel.gnu.linkonce.s.*)
 *(.rela.sdata .rela.sdata.* .rela.gnu.linkonce.s.*)
 *(.rel.sbss .rel.sbss.* .rel.gnu.linkonce.sb.*)
 *(.rela.sbss .rela.sbss.* .rela.gnu.linkonce.sb.*)
 *(.rel.sdata2 .rel.sdata2.* .rel.gnu.linkonce.s2.*)
 *(.rela.sdata2 .rela.sdata2.* .rela.gnu.linkonce.s2.*)
 *(.rel.sbss2 .rel.sbss2.* .rel.gnu.linkonce.sb2.*)
 *(.rela.sbss2 .rela.sbss2.* .rela.gnu.linkonce.sb2.*)
 *(.rel.bss .rel.bss.* .rel.gnu.linkonce.b.*)
 *(.rela.bss .rela.bss.* .rela.gnu.linkonce.b.*)
 *(.rel.plt)
 *(.rela.plt)
 *(.rel.dyn)
 *(.init)
 *(.plt)
 *(.text .stub .text.* .gnu.linkonce.t.*)
 .text          0x000001b8       0x3c ../../Desktop/Repozytorium/SzyfratorCopy/Szyfrator_v2/software/Sztfrator_NET_BSP/obj/HAL/src/crt0.o
                0x000001b8                _start
 .text          0x000001f4     0x2428 obj/default/Net_szyfr.o
                0x000001f4                main
                0x000007fc                rx_ethernet_isr
                0x00000948                rx_ethernet_isr1
                0x00000a94                init_3des
                0x00000b20                init_3desdecrypt
                0x00000bac                ciph_3des
                0x00000c10                deciph_3des
                0x00000c74                ciph_3des_read
                0x00000cc8                deciph_3des_read
                0x00000d1c                weryfikacja_szyfrowania
                0x000011c0                weryfikacja_deszyfrowania
                0x00001660                test_wydajnosc
                0x000018c0                paczka_szyfrowanie
                0x000019b4                paczka_deszyfrowanie
                0x00001aa8                przygotowanie_danych
                0x00001c9c                przeprowadzenie_szyfrowania_sram
                0x00001d20                przeprowadzenie_deszyfrowania_sram
                0x00001da4                test_wydajnosci_sram
                0x00001e5c                wprowadzenie_kluczy
                0x00001f8c                init_3des_pot
                0x00002018                init_3des_decrypt_pot
                0x000020a4                ciph_3des_pot
                0x00002174                deciph_3des_pot
                0x00002238                tdes_cryptpot_isr
                0x00002258                tdes_decryptpot_isr
                0x00002278                test_wydajnosci_3des_pot
                0x00002428                wyswietl_wyniki_sz_dsz
                0x0000255c                wprowadzenie_adresow_ip_do_3des
                0x000025f8                inicjalizacja_netif
 .text          0x0000261c       0x94 obj/default/fs.o
                0x0000261c                fs_open
 .text          0x000026b0        0x0 obj/default/fsdata.o
 .text          0x000026b0      0x654 obj/default/httpd.o
                0x00002c98                httpd_init
 .text          0x00002d04        0x0 obj/default/src/api/api_lib.o
 .text          0x00002d04        0x0 obj/default/src/api/api_msg.o
 .text          0x00002d04        0x0 obj/default/src/api/err.o
 .text          0x00002d04        0x0 obj/default/src/api/netbuf.o
 .text          0x00002d04        0x0 obj/default/src/api/netdb.o
 .text          0x00002d04        0x0 obj/default/src/api/netifapi.o
 .text          0x00002d04        0x0 obj/default/src/api/sockets.o
 .text          0x00002d04        0x0 obj/default/src/api/tcpip.o
 .text          0x00002d04        0x0 obj/default/src/core/dhcp.o
 .text          0x00002d04        0x0 obj/default/src/core/dns.o
 .text          0x00002d04       0x2c obj/default/src/core/init.o
                0x00002d04                lwip_init
 .text          0x00002d30        0x0 obj/default/src/core/ipv4/autoip.o
 .text          0x00002d30        0x0 obj/default/src/core/ipv4/icmp.o
 .text          0x00002d30        0x0 obj/default/src/core/ipv4/igmp.o
 .text          0x00002d30      0x59c obj/default/src/core/ipv4/inet.o
                0x00002d30                inet_addr
                0x00002d74                inet_aton
                0x0000316c                inet_ntoa
 .text          0x000032cc      0x49c obj/default/src/core/ipv4/inet_chksum.o
                0x000033f8                inet_chksum_pseudo
                0x00003618                inet_chksum
                0x0000365c                inet_chksum_pbuf
 .text          0x00003768     0x138c obj/default/src/core/ipv4/ip.o
                0x00003768                ip_route
                0x00003810                ip_input
                0x00004200                ip_output_if
                0x0000469c                ip_output
                0x00004750                porownanie_adresow_w_IP
                0x00004824                cipher_IP
                0x00004940                wyslij_IP
                0x00004a2c                decipher_IP
 .text          0x00004af4       0xf0 obj/default/src/core/ipv4/ip_addr.o
                0x00004af4                ip_addr_isbroadcast
 .text          0x00004be4     0x1254 obj/default/src/core/ipv4/ip_frag.o
                0x00004be4                ip_reass_tmr
                0x00005614                ip_reass
                0x00005b34                ip_frag
 .text          0x00005e38      0xba8 obj/default/src/core/mem.o
                0x00006030                mem_init
                0x000060d8                mem_free
                0x00006258                mem_realloc
                0x0000657c                mem_malloc
                0x00006968                mem_calloc
 .text          0x000069e0      0x490 obj/default/src/core/memp.o
                0x000069e0                memp_init
                0x00006b9c                memp_malloc
                0x00006d78                memp_free
 .text          0x00006e70      0x5f0 obj/default/src/core/netif.o
                0x00006e70                netif_add
                0x00006f4c                netif_set_addr
                0x00006fa4                netif_remove
                0x00007060                netif_find
                0x00007140                netif_set_ipaddr
                0x00007298                netif_set_gw
                0x000072e8                netif_set_netmask
                0x00007338                netif_set_default
                0x00007360                netif_set_up
                0x000073dc                netif_set_down
                0x0000742c                netif_is_up
 .text          0x00007460     0x141c obj/default/src/core/pbuf.o
                0x00007460                pbuf_alloc
                0x000079a0                pbuf_realloc
                0x00007b88                pbuf_header
                0x00007d08                pbuf_free
                0x00007e74                pbuf_clen
                0x00007ec0                pbuf_ref
                0x00007f00                pbuf_cat
                0x00008040                pbuf_chain
                0x00008080                pbuf_dechain
                0x000081ac                pbuf_copy
                0x00008470                pbuf_copy_partial
                0x0000860c                pbuf_take
                0x000087c4                pbuf_coalesce
 .text          0x0000887c      0x4d0 obj/default/src/core/raw.o
                0x0000887c                raw_input
                0x000089ac                raw_bind
                0x00008a00                raw_connect
                0x00008a54                raw_recv
                0x00008a94                raw_sendto
                0x00008c0c                raw_send
                0x00008c50                raw_remove
                0x00008cd8                raw_new
 .text          0x00008d4c        0x0 obj/default/src/core/snmp/asn1_dec.o
 .text          0x00008d4c        0x0 obj/default/src/core/snmp/asn1_enc.o
 .text          0x00008d4c        0x0 obj/default/src/core/snmp/mib2.o
 .text          0x00008d4c        0x0 obj/default/src/core/snmp/mib_structs.o
 .text          0x00008d4c        0x0 obj/default/src/core/snmp/msg_in.o
 .text          0x00008d4c        0x0 obj/default/src/core/snmp/msg_out.o
 .text          0x00008d4c        0x0 obj/default/src/core/stats.o
 .text          0x00008d4c        0x0 obj/default/src/core/sys.o
 .text          0x00008d4c     0x20f0 obj/default/src/core/tcp.o
                0x00008d4c                tcp_tmr
                0x00008d94                tcp_close
                0x00008f84                tcp_abandon
                0x00009118                tcp_bind
                0x00009424                tcp_listen_with_backlog
                0x000095e8                tcp_update_rcv_ann_wnd
                0x000096d4                tcp_recved
                0x000098c0                tcp_connect
                0x00009b08                tcp_slowtmr
                0x0000a334                tcp_fasttmr
                0x0000a444                tcp_segs_free
                0x0000a4a8                tcp_seg_free
                0x0000a50c                tcp_setprio
                0x0000a540                tcp_seg_copy
                0x0000a5a8                tcp_recv_null
                0x0000a790                tcp_alloc
                0x0000a970                tcp_new
                0x0000a99c                tcp_arg
                0x0000a9cc                tcp_recv
                0x0000a9fc                tcp_sent
                0x0000aa2c                tcp_err
                0x0000aa5c                tcp_accept
                0x0000aa8c                tcp_poll
                0x0000aad0                tcp_pcb_purge
                0x0000aba4                tcp_pcb_remove
                0x0000ad4c                tcp_next_iss
                0x0000ad7c                tcp_eff_send_mss
                0x0000ae00                tcp_debug_state_str
 .text          0x0000ae3c     0x3ce0 obj/default/src/core/tcp_in.o
                0x0000ae3c                tcp_input
 .text          0x0000eb1c     0x2854 obj/default/src/core/tcp_out.o
                0x0000eda4                tcp_send_ctrl
                0x0000edf8                tcp_write
                0x0000eeb0                tcp_enqueue
                0x0000fbe4                tcp_send_empty_ack
                0x0000fd40                tcp_output
                0x00010964                tcp_rst
                0x00010c08                tcp_rexmit_rto
                0x00010cbc                tcp_rexmit
                0x00010e90                tcp_rexmit_fast
                0x00010fb4                tcp_keepalive
                0x00011138                tcp_zero_window_probe
 .text          0x00011370     0x11f0 obj/default/src/core/udp.o
                0x00011370                udp_input
                0x000119c4                udp_send
                0x00011a24                udp_sendto
                0x00011ad0                udp_sendto_if
                0x00011dbc                udp_bind
                0x00011f24                udp_connect
                0x00012038                udp_disconnect
                0x000120a0                udp_recv
                0x000120e0                udp_remove
                0x00012168                udp_new
                0x000121b4                cipher_UDP
                0x000122b4                decipher_UDP
                0x0001235c                wyslij_UDP
                0x00012464                porownanie_adresow_w_UDP
 .text          0x00012560     0x1a94 obj/default/src/netif/etharp.o
                0x00012640                etharp_tmr
                0x00012fc4                etharp_find_addr
                0x00013080                etharp_ip_input
                0x00013150                etharp_arp_input
                0x00013544                etharp_output
                0x000137b4                etharp_query
                0x00013e64                etharp_request
                0x00013ed8                ethernet_input
 .text          0x00013ff4        0x0 obj/default/src/netif/ethernetif.o
 .text          0x00013ff4        0x0 obj/default/src/netif/loopif.o
 .text          0x00013ff4        0x0 obj/default/src/netif/ppp/auth.o
 .text          0x00013ff4        0x0 obj/default/src/netif/ppp/chap.o
 .text          0x00013ff4        0x0 obj/default/src/netif/ppp/chpms.o
 .text          0x00013ff4        0x0 obj/default/src/netif/ppp/fsm.o
 .text          0x00013ff4        0x0 obj/default/src/netif/ppp/ipcp.o
 .text          0x00013ff4        0x0 obj/default/src/netif/ppp/lcp.o
 .text          0x00013ff4        0x0 obj/default/src/netif/ppp/magic.o
 .text          0x00013ff4        0x0 obj/default/src/netif/ppp/md5.o
 .text          0x00013ff4        0x0 obj/default/src/netif/ppp/pap.o
 .text          0x00013ff4        0x0 obj/default/src/netif/ppp/ppp.o
 .text          0x00013ff4        0x0 obj/default/src/netif/ppp/ppp_oe.o
 .text          0x00013ff4        0x0 obj/default/src/netif/ppp/randm.o
 .text          0x00013ff4        0x0 obj/default/src/netif/ppp/vj.o
 .text          0x00013ff4        0x0 obj/default/src/netif/slipif.o
 .text          0x00013ff4      0x130 c:/altera/13.1/nios2eds/bin/gnu/h-i686-mingw32/bin/../lib/gcc/nios2-elf/4.7.3\libgcc.a(lib2-divmod.o)
                0x00014068                __divsi3
                0x000140b8                __modsi3
                0x00014114                __udivsi3
                0x0001411c                __umodsi3
 .text          0x00014124       0xf8 c:/altera/13.1/nios2eds/bin/gnu/h-i686-mingw32/bin/../lib/gcc/nios2-elf/4.7.3/../../../../../H-i686-mingw32/nios2-elf/lib\libc.a(lib_a-memcpy.o)
                0x00014124                memcpy
 .text          0x0001421c       0xdc c:/altera/13.1/nios2eds/bin/gnu/h-i686-mingw32/bin/../lib/gcc/nios2-elf/4.7.3/../../../../../H-i686-mingw32/nios2-elf/lib\libc.a(lib_a-memset.o)
                0x0001421c                memset
 .text          0x000142f8       0x68 c:/altera/13.1/nios2eds/bin/gnu/h-i686-mingw32/bin/../lib/gcc/nios2-elf/4.7.3/../../../../../H-i686-mingw32/nios2-elf/lib\libc.a(lib_a-printf.o)
                0x000142f8                _printf_r
                0x00014324                printf
 .text          0x00014360       0x24 c:/altera/13.1/nios2eds/bin/gnu/h-i686-mingw32/bin/../lib/gcc/nios2-elf/4.7.3/../../../../../H-i686-mingw32/nios2-elf/lib\libc.a(lib_a-putchar.o)
                0x00014360                _putchar_r
                0x00014368                putchar
 .text          0x00014384       0x98 c:/altera/13.1/nios2eds/bin/gnu/h-i686-mingw32/bin/../lib/gcc/nios2-elf/4.7.3/../../../../../H-i686-mingw32/nios2-elf/lib\libc.a(lib_a-puts.o)
                0x00014384                _puts_r
                0x00014408                puts
 .text          0x0001441c       0x6c c:/altera/13.1/nios2eds/bin/gnu/h-i686-mingw32/bin/../lib/gcc/nios2-elf/4.7.3/../../../../../H-i686-mingw32/nios2-elf/lib\libc.a(lib_a-scanf.o)
                0x0001441c                scanf
                0x0001445c                _scanf_r
 .text          0x00014488       0xa4 c:/altera/13.1/nios2eds/bin/gnu/h-i686-mingw32/bin/../lib/gcc/nios2-elf/4.7.3/../../../../../H-i686-mingw32/nios2-elf/lib\libc.a(lib_a-strcmp.o)
                0x00014488                strcmp
 .text          0x0001452c       0x8c c:/altera/13.1/nios2eds/bin/gnu/h-i686-mingw32/bin/../lib/gcc/nios2-elf/4.7.3/../../../../../H-i686-mingw32/nios2-elf/lib\libc.a(lib_a-strlen.o)
                0x0001452c                strlen
 .text          0x000145b8       0xfc c:/altera/13.1/nios2eds/bin/gnu/h-i686-mingw32/bin/../lib/gcc/nios2-elf/4.7.3/../../../../../H-i686-mingw32/nios2-elf/lib\libc.a(lib_a-strncmp.o)
                0x000145b8                strncmp
 .text          0x000146b4     0x1e50 c:/altera/13.1/nios2eds/bin/gnu/h-i686-mingw32/bin/../lib/gcc/nios2-elf/4.7.3/../../../../../H-i686-mingw32/nios2-elf/lib\libc.a(lib_a-vfprintf.o)
                0x000146e8                ___vfprintf_internal_r
                0x000164e0                __vfprintf_internal
 .text          0x00016504     0x1738 c:/altera/13.1/nios2eds/bin/gnu/h-i686-mingw32/bin/../lib/gcc/nios2-elf/4.7.3/../../../../../H-i686-mingw32/nios2-elf/lib\libc.a(lib_a-vfscanf.o)
                0x00016504                __svfscanf_r
                0x00017b5c                _vfscanf_r
                0x00017ba8                __svfscanf
                0x00017bcc                vfscanf
 .text          0x00017c3c      0x174 c:/altera/13.1/nios2eds/bin/gnu/h-i686-mingw32/bin/../lib/gcc/nios2-elf/4.7.3/../../../../../H-i686-mingw32/nios2-elf/lib\libc.a(lib_a-wsetup.o)
                0x00017c3c                __swsetup_r
 .text          0x00017db0        0x0 c:/altera/13.1/nios2eds/bin/gnu/h-i686-mingw32/bin/../lib/gcc/nios2-elf/4.7.3/../../../../../H-i686-mingw32/nios2-elf/lib\libc.a(lib_a-ctype_.o)
 .text          0x00017db0     0x1824 c:/altera/13.1/nios2eds/bin/gnu/h-i686-mingw32/bin/../lib/gcc/nios2-elf/4.7.3/../../../../../H-i686-mingw32/nios2-elf/lib\libc.a(lib_a-dtoa.o)
                0x00017fb8                _dtoa_r
 .text          0x000195d4      0x218 c:/altera/13.1/nios2eds/bin/gnu/h-i686-mingw32/bin/../lib/gcc/nios2-elf/4.7.3/../../../../../H-i686-mingw32/nios2-elf/lib\libc.a(lib_a-fflush.o)
                0x000195d4                _fflush_r
                0x000197bc                fflush
 .text          0x000197ec      0x2d8 c:/altera/13.1/nios2eds/bin/gnu/h-i686-mingw32/bin/../lib/gcc/nios2-elf/4.7.3/../../../../../H-i686-mingw32/nios2-elf/lib\libc.a(lib_a-findfp.o)
                0x000197fc                _cleanup_r
                0x00019808                __sfmoreglue
                0x0001986c                _cleanup
                0x0001987c                __sinit
                0x00019988                __sfp
                0x00019a84                __sfp_lock_acquire
                0x00019a88                __sfp_lock_release
                0x00019a8c                __sinit_lock_acquire
                0x00019a90                __sinit_lock_release
                0x00019a94                __fp_lock_all
                0x00019aac                __fp_unlock_all
 .text          0x00019ac4      0x26c c:/altera/13.1/nios2eds/bin/gnu/h-i686-mingw32/bin/../lib/gcc/nios2-elf/4.7.3/../../../../../H-i686-mingw32/nios2-elf/lib\libc.a(lib_a-fread.o)
                0x00019ac4                _fread_r
                0x00019cf0                fread
 .text          0x00019d30      0x40c c:/altera/13.1/nios2eds/bin/gnu/h-i686-mingw32/bin/../lib/gcc/nios2-elf/4.7.3/../../../../../H-i686-mingw32/nios2-elf/lib\libc.a(lib_a-freer.o)
                0x00019d30                _malloc_trim_r
                0x00019e6c                _free_r
 .text          0x0001a13c      0x4e4 c:/altera/13.1/nios2eds/bin/gnu/h-i686-mingw32/bin/../lib/gcc/nios2-elf/4.7.3/../../../../../H-i686-mingw32/nios2-elf/lib\libc.a(lib_a-fvwrite.o)
                0x0001a13c                __sfvwrite_r
 .text          0x0001a620      0x160 c:/altera/13.1/nios2eds/bin/gnu/h-i686-mingw32/bin/../lib/gcc/nios2-elf/4.7.3/../../../../../H-i686-mingw32/nios2-elf/lib\libc.a(lib_a-fwalk.o)
                0x0001a620                _fwalk
                0x0001a6c8                _fwalk_reent
 .text          0x0001a780        0x0 c:/altera/13.1/nios2eds/bin/gnu/h-i686-mingw32/bin/../lib/gcc/nios2-elf/4.7.3/../../../../../H-i686-mingw32/nios2-elf/lib\libc.a(lib_a-impure.o)
 .text          0x0001a780       0x38 c:/altera/13.1/nios2eds/bin/gnu/h-i686-mingw32/bin/../lib/gcc/nios2-elf/4.7.3/../../../../../H-i686-mingw32/nios2-elf/lib\libc.a(lib_a-iswspace.o)
                0x0001a780                iswspace
 .text          0x0001a7b8       0xdc c:/altera/13.1/nios2eds/bin/gnu/h-i686-mingw32/bin/../lib/gcc/nios2-elf/4.7.3/../../../../../H-i686-mingw32/nios2-elf/lib\libc.a(lib_a-locale.o)
                0x0001a7b8                _setlocale_r
                0x0001a854                __locale_charset
                0x0001a860                _localeconv_r
                0x0001a86c                setlocale
                0x0001a888                localeconv
 .text          0x0001a894      0x1a8 c:/altera/13.1/nios2eds/bin/gnu/h-i686-mingw32/bin/../lib/gcc/nios2-elf/4.7.3/../../../../../H-i686-mingw32/nios2-elf/lib\libc.a(lib_a-makebuf.o)
                0x0001a894                __smakebuf_r
 .text          0x0001aa3c      0x784 c:/altera/13.1/nios2eds/bin/gnu/h-i686-mingw32/bin/../lib/gcc/nios2-elf/4.7.3/../../../../../H-i686-mingw32/nios2-elf/lib\libc.a(lib_a-mallocr.o)
                0x0001aa3c                _malloc_r
 .text          0x0001b1c0       0xa4 c:/altera/13.1/nios2eds/bin/gnu/h-i686-mingw32/bin/../lib/gcc/nios2-elf/4.7.3/../../../../../H-i686-mingw32/nios2-elf/lib\libc.a(lib_a-mbrtowc.o)
                0x0001b1c0                _mbrtowc_r
                0x0001b224                mbrtowc
 .text          0x0001b264       0x44 c:/altera/13.1/nios2eds/bin/gnu/h-i686-mingw32/bin/../lib/gcc/nios2-elf/4.7.3/../../../../../H-i686-mingw32/nios2-elf/lib\libc.a(lib_a-mbtowc_r.o)
                0x0001b264                _mbtowc_r
 .text          0x0001b2a8       0xf8 c:/altera/13.1/nios2eds/bin/gnu/h-i686-mingw32/bin/../lib/gcc/nios2-elf/4.7.3/../../../../../H-i686-mingw32/nios2-elf/lib\libc.a(lib_a-memchr.o)
                0x0001b2a8                memchr
 .text          0x0001b3a0      0x128 c:/altera/13.1/nios2eds/bin/gnu/h-i686-mingw32/bin/../lib/gcc/nios2-elf/4.7.3/../../../../../H-i686-mingw32/nios2-elf/lib\libc.a(lib_a-memmove.o)
                0x0001b3a0                memmove
 .text          0x0001b4c8      0xfa8 c:/altera/13.1/nios2eds/bin/gnu/h-i686-mingw32/bin/../lib/gcc/nios2-elf/4.7.3/../../../../../H-i686-mingw32/nios2-elf/lib\libc.a(lib_a-mprec.o)
                0x0001b4c8                _Balloc
                0x0001b570                _Bfree
                0x0001b598                __multadd
                0x0001b6ac                __s2b
                0x0001b7b0                __hi0bits
                0x0001b818                __lo0bits
                0x0001b8c8                __i2b
                0x0001b904                __multiply
                0x0001bae4                __pow5mult
                0x0001bc10                __lshift
                0x0001bd6c                __mcmp
                0x0001bdc4                __mdiff
                0x0001bf6c                __ulp
                0x0001bfcc                __b2d
                0x0001c114                __d2b
                0x0001c258                __ratio
                0x0001c2fc                _mprec_log10
                0x0001c370                __copybits
                0x0001c3ec                __any_on
 .text          0x0001c470      0x1ac c:/altera/13.1/nios2eds/bin/gnu/h-i686-mingw32/bin/../lib/gcc/nios2-elf/4.7.3/../../../../../H-i686-mingw32/nios2-elf/lib\libc.a(lib_a-putc.o)
                0x0001c470                _putc_r
                0x0001c52c                putc
 .text          0x0001c61c      0x5fc c:/altera/13.1/nios2eds/bin/gnu/h-i686-mingw32/bin/../lib/gcc/nios2-elf/4.7.3/../../../../../H-i686-mingw32/nios2-elf/lib\libc.a(lib_a-reallocr.o)
                0x0001c61c                _realloc_r
 .text          0x0001cc18      0x208 c:/altera/13.1/nios2eds/bin/gnu/h-i686-mingw32/bin/../lib/gcc/nios2-elf/4.7.3/../../../../../H-i686-mingw32/nios2-elf/lib\libc.a(lib_a-refill.o)
                0x0001cc34                __srefill_r
 .text          0x0001ce20       0x38 c:/altera/13.1/nios2eds/bin/gnu/h-i686-mingw32/bin/../lib/gcc/nios2-elf/4.7.3/../../../../../H-i686-mingw32/nios2-elf/lib\libc.a(lib_a-s_isinfd.o)
                0x0001ce20                __isinfd
 .text          0x0001ce58       0x2c c:/altera/13.1/nios2eds/bin/gnu/h-i686-mingw32/bin/../lib/gcc/nios2-elf/4.7.3/../../../../../H-i686-mingw32/nios2-elf/lib\libc.a(lib_a-s_isnand.o)
                0x0001ce58                __isnand
 .text          0x0001ce84       0x64 c:/altera/13.1/nios2eds/bin/gnu/h-i686-mingw32/bin/../lib/gcc/nios2-elf/4.7.3/../../../../../H-i686-mingw32/nios2-elf/lib\libc.a(lib_a-sbrkr.o)
                0x0001ce84                _sbrk_r
 .text          0x0001cee8       0xc4 c:/altera/13.1/nios2eds/bin/gnu/h-i686-mingw32/bin/../lib/gcc/nios2-elf/4.7.3/../../../../../H-i686-mingw32/nios2-elf/lib\libc.a(lib_a-sccl.o)
                0x0001cee8                __sccl
 .text          0x0001cfac        0x8 c:/altera/13.1/nios2eds/bin/gnu/h-i686-mingw32/bin/../lib/gcc/nios2-elf/4.7.3/../../../../../H-i686-mingw32/nios2-elf/lib\libc.a(lib_a-sf_nan.o)
                0x0001cfac                nanf
 .text          0x0001cfb4       0xc4 c:/altera/13.1/nios2eds/bin/gnu/h-i686-mingw32/bin/../lib/gcc/nios2-elf/4.7.3/../../../../../H-i686-mingw32/nios2-elf/lib\libc.a(lib_a-sprintf.o)
                0x0001cfb4                _sprintf_r
                0x0001d00c                sprintf
 .text          0x0001d078      0x140 c:/altera/13.1/nios2eds/bin/gnu/h-i686-mingw32/bin/../lib/gcc/nios2-elf/4.7.3/../../../../../H-i686-mingw32/nios2-elf/lib\libc.a(lib_a-stdio.o)
                0x0001d078                __sread
                0x0001d0cc                __swrite
                0x0001d154                __sseek
                0x0001d1b0                __sclose
 .text          0x0001d1b8     0x1594 c:/altera/13.1/nios2eds/bin/gnu/h-i686-mingw32/bin/../lib/gcc/nios2-elf/4.7.3/../../../../../H-i686-mingw32/nios2-elf/lib\libc.a(lib_a-strtod.o)
                0x0001d1b8                _strtod_r
                0x0001e610                strtod
                0x0001e62c                strtof
 .text          0x0001e74c      0x288 c:/altera/13.1/nios2eds/bin/gnu/h-i686-mingw32/bin/../lib/gcc/nios2-elf/4.7.3/../../../../../H-i686-mingw32/nios2-elf/lib\libc.a(lib_a-strtol.o)
                0x0001e74c                _strtol_r
                0x0001e9b0                strtol
 .text          0x0001e9d4      0x330 c:/altera/13.1/nios2eds/bin/gnu/h-i686-mingw32/bin/../lib/gcc/nios2-elf/4.7.3/../../../../../H-i686-mingw32/nios2-elf/lib\libc.a(lib_a-strtoll_r.o)
                0x0001e9d4                _strtoll_r
 .text          0x0001ed04      0x2a8 c:/altera/13.1/nios2eds/bin/gnu/h-i686-mingw32/bin/../lib/gcc/nios2-elf/4.7.3/../../../../../H-i686-mingw32/nios2-elf/lib\libc.a(lib_a-strtoul.o)
                0x0001ed04                _strtoul_r
                0x0001ef88                strtoul
 .text          0x0001efac      0x394 c:/altera/13.1/nios2eds/bin/gnu/h-i686-mingw32/bin/../lib/gcc/nios2-elf/4.7.3/../../../../../H-i686-mingw32/nios2-elf/lib\libc.a(lib_a-strtoull_r.o)
                0x0001efac                _strtoull_r
 .text          0x0001f340      0x2a8 c:/altera/13.1/nios2eds/bin/gnu/h-i686-mingw32/bin/../lib/gcc/nios2-elf/4.7.3/../../../../../H-i686-mingw32/nios2-elf/lib\libc.a(lib_a-ungetc.o)
                0x0001f340                __submore
                0x0001f430                _ungetc_r
                0x0001f5cc                ungetc
 .text          0x0001f5e8      0x158 c:/altera/13.1/nios2eds/bin/gnu/h-i686-mingw32/bin/../lib/gcc/nios2-elf/4.7.3/../../../../../H-i686-mingw32/nios2-elf/lib\libc.a(lib_a-wbuf.o)
                0x0001f5e8                __swbuf_r
                0x0001f724                __swbuf
 .text          0x0001f740       0x6c c:/altera/13.1/nios2eds/bin/gnu/h-i686-mingw32/bin/../lib/gcc/nios2-elf/4.7.3/../../../../../H-i686-mingw32/nios2-elf/lib\libc.a(lib_a-writer.o)
                0x0001f740                _write_r
 .text          0x0001f7ac       0xbc c:/altera/13.1/nios2eds/bin/gnu/h-i686-mingw32/bin/../lib/gcc/nios2-elf/4.7.3/../../../../../H-i686-mingw32/nios2-elf/lib\libc.a(lib_a-callocr.o)
                0x0001f7ac                _calloc_r
 .text          0x0001f868       0x64 c:/altera/13.1/nios2eds/bin/gnu/h-i686-mingw32/bin/../lib/gcc/nios2-elf/4.7.3/../../../../../H-i686-mingw32/nios2-elf/lib\libc.a(lib_a-closer.o)
                0x0001f868                _close_r
 .text          0x0001f8cc      0x150 c:/altera/13.1/nios2eds/bin/gnu/h-i686-mingw32/bin/../lib/gcc/nios2-elf/4.7.3/../../../../../H-i686-mingw32/nios2-elf/lib\libc.a(lib_a-fclose.o)
                0x0001f8cc                _fclose_r
                0x0001fa08                fclose
 .text          0x0001fa1c       0x68 c:/altera/13.1/nios2eds/bin/gnu/h-i686-mingw32/bin/../lib/gcc/nios2-elf/4.7.3/../../../../../H-i686-mingw32/nios2-elf/lib\libc.a(lib_a-fstatr.o)
                0x0001fa1c                _fstat_r
 .text          0x0001fa84      0x8e0 c:/altera/13.1/nios2eds/bin/gnu/h-i686-mingw32/bin/../lib/gcc/nios2-elf/4.7.3/../../../../../H-i686-mingw32/nios2-elf/lib\libc.a(lib_a-gdtoa-gethex.o)
                0x0001fb94                __hexdig_init
                0x0001fc24                __gethex
 .text          0x00020364      0x28c c:/altera/13.1/nios2eds/bin/gnu/h-i686-mingw32/bin/../lib/gcc/nios2-elf/4.7.3/../../../../../H-i686-mingw32/nios2-elf/lib\libc.a(lib_a-gdtoa-hexnan.o)
                0x00020364                __hexnan
 .text          0x000205f0        0x0 c:/altera/13.1/nios2eds/bin/gnu/h-i686-mingw32/bin/../lib/gcc/nios2-elf/4.7.3/../../../../../H-i686-mingw32/nios2-elf/lib\libc.a(lib_a-int_errno.o)
 .text          0x000205f0       0x64 c:/altera/13.1/nios2eds/bin/gnu/h-i686-mingw32/bin/../lib/gcc/nios2-elf/4.7.3/../../../../../H-i686-mingw32/nios2-elf/lib\libc.a(lib_a-isattyr.o)
                0x000205f0                _isatty_r
 .text          0x00020654       0x6c c:/altera/13.1/nios2eds/bin/gnu/h-i686-mingw32/bin/../lib/gcc/nios2-elf/4.7.3/../../../../../H-i686-mingw32/nios2-elf/lib\libc.a(lib_a-lseekr.o)
                0x00020654                _lseek_r
 .text          0x000206c0       0x6c c:/altera/13.1/nios2eds/bin/gnu/h-i686-mingw32/bin/../lib/gcc/nios2-elf/4.7.3/../../../../../H-i686-mingw32/nios2-elf/lib\libc.a(lib_a-readr.o)
                0x000206c0                _read_r
 .text          0x0002072c       0x60 c:/altera/13.1/nios2eds/bin/gnu/h-i686-mingw32/bin/../lib/gcc/nios2-elf/4.7.3\libgcc.a(_muldi3.o)
                0x0002072c                __muldi3
 .text          0x0002078c       0x84 c:/altera/13.1/nios2eds/bin/gnu/h-i686-mingw32/bin/../lib/gcc/nios2-elf/4.7.3\libgcc.a(_fixunsdfsi.o)
                0x0002078c                __fixunsdfsi
 .text          0x00020810      0x5c8 c:/altera/13.1/nios2eds/bin/gnu/h-i686-mingw32/bin/../lib/gcc/nios2-elf/4.7.3\libgcc.a(_udivdi3.o)
                0x00020810                __udivdi3
 .text          0x00020dd8      0x58c c:/altera/13.1/nios2eds/bin/gnu/h-i686-mingw32/bin/../lib/gcc/nios2-elf/4.7.3\libgcc.a(_umoddi3.o)
                0x00020dd8                __umoddi3
 .text          0x00021364       0x54 c:/altera/13.1/nios2eds/bin/gnu/h-i686-mingw32/bin/../lib/gcc/nios2-elf/4.7.3\libgcc.a(_eq_sf.o)
                0x00021364                __eqsf2
 .text          0x000213b8       0x5c c:/altera/13.1/nios2eds/bin/gnu/h-i686-mingw32/bin/../lib/gcc/nios2-elf/4.7.3\libgcc.a(_gt_sf.o)
                0x000213b8                __gtsf2
 .text          0x00021414       0x54 c:/altera/13.1/nios2eds/bin/gnu/h-i686-mingw32/bin/../lib/gcc/nios2-elf/4.7.3\libgcc.a(_lt_sf.o)
                0x00021414                __ltsf2
 .text          0x00021468      0x408 c:/altera/13.1/nios2eds/bin/gnu/h-i686-mingw32/bin/../lib/gcc/nios2-elf/4.7.3\libgcc.a(_addsub_df.o)
                0x000217bc                __adddf3
                0x00021810                __subdf3
 .text          0x00021870      0x2e4 c:/altera/13.1/nios2eds/bin/gnu/h-i686-mingw32/bin/../lib/gcc/nios2-elf/4.7.3\libgcc.a(_mul_df.o)
                0x00021870                __muldf3
 .text          0x00021b54      0x1b4 c:/altera/13.1/nios2eds/bin/gnu/h-i686-mingw32/bin/../lib/gcc/nios2-elf/4.7.3\libgcc.a(_div_df.o)
                0x00021b54                __divdf3
 .text          0x00021d08       0x5c c:/altera/13.1/nios2eds/bin/gnu/h-i686-mingw32/bin/../lib/gcc/nios2-elf/4.7.3\libgcc.a(_eq_df.o)
                0x00021d08                __eqdf2
 .text          0x00021d64       0x5c c:/altera/13.1/nios2eds/bin/gnu/h-i686-mingw32/bin/../lib/gcc/nios2-elf/4.7.3\libgcc.a(_ne_df.o)
                0x00021d64                __nedf2
 .text          0x00021dc0       0x64 c:/altera/13.1/nios2eds/bin/gnu/h-i686-mingw32/bin/../lib/gcc/nios2-elf/4.7.3\libgcc.a(_gt_df.o)
                0x00021dc0                __gtdf2
 .text          0x00021e24       0x64 c:/altera/13.1/nios2eds/bin/gnu/h-i686-mingw32/bin/../lib/gcc/nios2-elf/4.7.3\libgcc.a(_ge_df.o)
                0x00021e24                __gedf2
 .text          0x00021e88       0x5c c:/altera/13.1/nios2eds/bin/gnu/h-i686-mingw32/bin/../lib/gcc/nios2-elf/4.7.3\libgcc.a(_lt_df.o)
                0x00021e88                __ltdf2
 .text          0x00021ee4       0x5c c:/altera/13.1/nios2eds/bin/gnu/h-i686-mingw32/bin/../lib/gcc/nios2-elf/4.7.3\libgcc.a(_le_df.o)
                0x00021ee4                __ledf2
 .text          0x00021f40       0xd4 c:/altera/13.1/nios2eds/bin/gnu/h-i686-mingw32/bin/../lib/gcc/nios2-elf/4.7.3\libgcc.a(_si_to_df.o)
                0x00021f40                __floatsidf
 .text          0x00022014       0xd4 c:/altera/13.1/nios2eds/bin/gnu/h-i686-mingw32/bin/../lib/gcc/nios2-elf/4.7.3\libgcc.a(_df_to_si.o)
                0x00022014                __fixdfsi
 .text          0x000220e8       0x60 c:/altera/13.1/nios2eds/bin/gnu/h-i686-mingw32/bin/../lib/gcc/nios2-elf/4.7.3\libgcc.a(_df_to_sf.o)
                0x000220e8                __truncdfsf2
 .text          0x00022148        0x0 c:/altera/13.1/nios2eds/bin/gnu/h-i686-mingw32/bin/../lib/gcc/nios2-elf/4.7.3\libgcc.a(_thenan_df.o)
 .text          0x00022148      0x11c c:/altera/13.1/nios2eds/bin/gnu/h-i686-mingw32/bin/../lib/gcc/nios2-elf/4.7.3\libgcc.a(_usi_to_df.o)
                0x00022148                __floatunsidf
 .text          0x00022264        0x0 c:/altera/13.1/nios2eds/bin/gnu/h-i686-mingw32/bin/../lib/gcc/nios2-elf/4.7.3\libgcc.a(_clz.o)
 .text          0x00022264       0xac c:/altera/13.1/nios2eds/bin/gnu/h-i686-mingw32/bin/../lib/gcc/nios2-elf/4.7.3\libgcc.a(_clzsi2.o)
                0x00022264                __clzsi2
 .text          0x00022310       0xc8 c:/altera/13.1/nios2eds/bin/gnu/h-i686-mingw32/bin/../lib/gcc/nios2-elf/4.7.3\libgcc.a(_unpack_sf.o)
                0x00022310                __unpack_f
 .text          0x000223d8       0xbc c:/altera/13.1/nios2eds/bin/gnu/h-i686-mingw32/bin/../lib/gcc/nios2-elf/4.7.3\libgcc.a(_fpcmp_parts_sf.o)
                0x000223d8                __fpcmp_parts_f
 .text          0x00022494       0x2c c:/altera/13.1/nios2eds/bin/gnu/h-i686-mingw32/bin/../lib/gcc/nios2-elf/4.7.3\libgcc.a(_make_sf.o)
                0x00022494                __make_fp
 .text          0x000224c0      0x224 c:/altera/13.1/nios2eds/bin/gnu/h-i686-mingw32/bin/../lib/gcc/nios2-elf/4.7.3\libgcc.a(_pack_df.o)
                0x000224c0                __pack_d
 .text          0x000226e4      0x104 c:/altera/13.1/nios2eds/bin/gnu/h-i686-mingw32/bin/../lib/gcc/nios2-elf/4.7.3\libgcc.a(_unpack_df.o)
                0x000226e4                __unpack_d
 .text          0x000227e8       0xd0 c:/altera/13.1/nios2eds/bin/gnu/h-i686-mingw32/bin/../lib/gcc/nios2-elf/4.7.3\libgcc.a(_fpcmp_parts_df.o)
                0x000227e8                __fpcmp_parts_d
 .text          0x000228b8       0x44 c:/altera/13.1/nios2eds/bin/gnu/h-i686-mingw32/bin/../lib/gcc/nios2-elf/4.7.3\libgcc.a(_lshrdi3.o)
                0x000228b8                __lshrdi3
 .text          0x000228fc       0x44 c:/altera/13.1/nios2eds/bin/gnu/h-i686-mingw32/bin/../lib/gcc/nios2-elf/4.7.3\libgcc.a(_ashldi3.o)
                0x000228fc                __ashldi3
 .text          0x00022940      0x12c c:/altera/13.1/nios2eds/bin/gnu/h-i686-mingw32/bin/../lib/gcc/nios2-elf/4.7.3\libgcc.a(_pack_sf.o)
                0x00022940                __pack_f
 .text          0x00022a6c      0x118 ../../Desktop/Repozytorium/SzyfratorCopy/Szyfrator_v2/software/Sztfrator_NET_BSP\libhal_bsp.a(alt_close.o)
                0x00022abc                close
 .text          0x00022b84       0x2c ../../Desktop/Repozytorium/SzyfratorCopy/Szyfrator_v2/software/Sztfrator_NET_BSP\libhal_bsp.a(alt_dev.o)
 .text          0x00022bb0        0x0 ../../Desktop/Repozytorium/SzyfratorCopy/Szyfrator_v2/software/Sztfrator_NET_BSP\libhal_bsp.a(alt_errno.o)
 .text          0x00022bb0       0xfc ../../Desktop/Repozytorium/SzyfratorCopy/Szyfrator_v2/software/Sztfrator_NET_BSP\libhal_bsp.a(alt_fstat.o)
                0x00022c00                fstat
 .text          0x00022cac       0xf0 ../../Desktop/Repozytorium/SzyfratorCopy/Szyfrator_v2/software/Sztfrator_NET_BSP\libhal_bsp.a(alt_isatty.o)
                0x00022cfc                isatty
 .text          0x00022d9c       0xec ../../Desktop/Repozytorium/SzyfratorCopy/Szyfrator_v2/software/Sztfrator_NET_BSP\libhal_bsp.a(alt_load.o)
                0x00022e08                alt_load
 .text          0x00022e88      0x120 ../../Desktop/Repozytorium/SzyfratorCopy/Szyfrator_v2/software/Sztfrator_NET_BSP\libhal_bsp.a(alt_lseek.o)
                0x00022ed8                lseek
 .text          0x00022fa8       0x78 ../../Desktop/Repozytorium/SzyfratorCopy/Szyfrator_v2/software/Sztfrator_NET_BSP\libhal_bsp.a(alt_main.o)
                0x00022fa8                alt_main
 .text          0x00023020       0x40 ../../Desktop/Repozytorium/SzyfratorCopy/Szyfrator_v2/software/Sztfrator_NET_BSP\libhal_bsp.a(alt_malloc_lock.o)
                0x00023020                __malloc_lock
                0x00023040                __malloc_unlock
 .text          0x00023060      0x244 ../../Desktop/Repozytorium/SzyfratorCopy/Szyfrator_v2/software/Sztfrator_NET_BSP\libhal_bsp.a(alt_printf.o)
                0x00023060                alt_printf
 .text          0x000232a4       0x44 ../../Desktop/Repozytorium/SzyfratorCopy/Szyfrator_v2/software/Sztfrator_NET_BSP\libhal_bsp.a(alt_putchar.o)
                0x000232a4                alt_putchar
 .text          0x000232e8      0x140 ../../Desktop/Repozytorium/SzyfratorCopy/Szyfrator_v2/software/Sztfrator_NET_BSP\libhal_bsp.a(alt_read.o)
                0x00023338                read
 .text          0x00023428       0x60 ../../Desktop/Repozytorium/SzyfratorCopy/Szyfrator_v2/software/Sztfrator_NET_BSP\libhal_bsp.a(alt_release_fd.o)
                0x00023428                alt_release_fd
 .text          0x00023488       0xb0 ../../Desktop/Repozytorium/SzyfratorCopy/Szyfrator_v2/software/Sztfrator_NET_BSP\libhal_bsp.a(alt_sbrk.o)
                0x00023488                sbrk
 .text          0x00023538      0x13c ../../Desktop/Repozytorium/SzyfratorCopy/Szyfrator_v2/software/Sztfrator_NET_BSP\libhal_bsp.a(alt_write.o)
                0x00023588                write
 .text          0x00023674      0x158 ../../Desktop/Repozytorium/SzyfratorCopy/Szyfrator_v2/software/Sztfrator_NET_BSP\libhal_bsp.a(alt_sys_init.o)
                0x000236ac                alt_irq_init
                0x000236e0                alt_sys_init
 .text          0x000237cc       0xc0 ../../Desktop/Repozytorium/SzyfratorCopy/Szyfrator_v2/software/Sztfrator_NET_BSP\libhal_bsp.a(altera_avalon_jtag_uart_fd.o)
                0x000237cc                altera_avalon_jtag_uart_read_fd
                0x0002382c                altera_avalon_jtag_uart_write_fd
 .text          0x0002388c       0xf4 ../../Desktop/Repozytorium/SzyfratorCopy/Szyfrator_v2/software/Sztfrator_NET_BSP\libhal_bsp.a(altera_avalon_jtag_uart_read.o)
                0x0002388c                altera_avalon_jtag_uart_read
 .text          0x00023980       0x98 ../../Desktop/Repozytorium/SzyfratorCopy/Szyfrator_v2/software/Sztfrator_NET_BSP\libhal_bsp.a(altera_avalon_jtag_uart_write.o)
                0x00023980                altera_avalon_jtag_uart_write
 .text          0x00023a18      0xd00 ../../Desktop/Repozytorium/SzyfratorCopy/Szyfrator_v2/software/Sztfrator_NET_BSP\libhal_bsp.a(altera_avalon_sgdma.o)
                0x00023a68                alt_avalon_sgdma_do_async_transfer
                0x00023b8c                alt_avalon_sgdma_do_sync_transfer
                0x00023c9c                alt_avalon_sgdma_construct_mem_to_mem_desc
                0x00023d0c                alt_avalon_sgdma_construct_mem_to_mem_desc_burst
                0x00023d8c                alt_avalon_sgdma_construct_stream_to_mem_desc
                0x00023de8                alt_avalon_sgdma_construct_stream_to_mem_desc_burst
                0x00023e5c                alt_avalon_sgdma_construct_mem_to_stream_desc
                0x00023ed8                alt_avalon_sgdma_construct_mem_to_stream_desc_burst
                0x00023f60                alt_avalon_sgdma_register_callback
                0x00023fb0                alt_avalon_sgdma_start
                0x00024004                alt_avalon_sgdma_stop
                0x0002405c                alt_avalon_sgdma_check_descriptor_status
                0x000240c0                alt_avalon_sgdma_open
                0x00024110                alt_avalon_sgdma_construct_descriptor
                0x00024198                alt_avalon_sgdma_enable_desc_poll
                0x00024218                alt_avalon_sgdma_disable_desc_poll
                0x00024278                alt_avalon_sgdma_construct_descriptor_burst
                0x00024674                alt_avalon_sgdma_init
 .text          0x00024718      0x27c ../../Desktop/Repozytorium/SzyfratorCopy/Szyfrator_v2/software/Sztfrator_NET_BSP\libhal_bsp.a(perf_print_formatted_report.o)
                0x00024718                perf_print_formatted_report
 .text          0x00024994       0x1c ../../Desktop/Repozytorium/SzyfratorCopy/Szyfrator_v2/software/Sztfrator_NET_BSP\libhal_bsp.a(alt_dcache_flush_all.o)
                0x00024994                alt_dcache_flush_all
 .text          0x000249b0       0xf0 ../../Desktop/Repozytorium/SzyfratorCopy/Szyfrator_v2/software/Sztfrator_NET_BSP\libhal_bsp.a(alt_dev_llist_insert.o)
                0x00024a00                alt_dev_llist_insert
 .text          0x00024aa0       0x5c ../../Desktop/Repozytorium/SzyfratorCopy/Szyfrator_v2/software/Sztfrator_NET_BSP\libhal_bsp.a(alt_do_ctors.o)
                0x00024aa0                _do_ctors
 .text          0x00024afc       0x5c ../../Desktop/Repozytorium/SzyfratorCopy/Szyfrator_v2/software/Sztfrator_NET_BSP\libhal_bsp.a(alt_do_dtors.o)
                0x00024afc                _do_dtors
 .text          0x00024b58       0x90 ../../Desktop/Repozytorium/SzyfratorCopy/Szyfrator_v2/software/Sztfrator_NET_BSP\libhal_bsp.a(alt_find_dev.o)
                0x00024b58                alt_find_dev
 .text          0x00024be8       0x30 ../../Desktop/Repozytorium/SzyfratorCopy/Szyfrator_v2/software/Sztfrator_NET_BSP\libhal_bsp.a(alt_icache_flush_all.o)
                0x00024be8                alt_icache_flush_all
 .text          0x00024c18      0x1d8 ../../Desktop/Repozytorium/SzyfratorCopy/Szyfrator_v2/software/Sztfrator_NET_BSP\libhal_bsp.a(alt_iic.o)
                0x00024c18                alt_ic_isr_register
                0x00024c68                alt_ic_irq_enable
                0x00024d04                alt_ic_irq_disable
                0x00024da4                alt_ic_irq_enabled
 .text          0x00024df0       0xf0 ../../Desktop/Repozytorium/SzyfratorCopy/Szyfrator_v2/software/Sztfrator_NET_BSP\libhal_bsp.a(alt_iic_isr_register.o)
                0x00024df0                alt_iic_isr_register
 .text          0x00024ee0      0x138 ../../Desktop/Repozytorium/SzyfratorCopy/Szyfrator_v2/software/Sztfrator_NET_BSP\libhal_bsp.a(alt_io_redirect.o)
                0x00024fa0                alt_io_redirect
 .text          0x00025018        0x0 ../../Desktop/Repozytorium/SzyfratorCopy/Szyfrator_v2/software/Sztfrator_NET_BSP\libhal_bsp.a(alt_irq_entry.o)
 .text          0x00025018        0x0 ../../Desktop/Repozytorium/SzyfratorCopy/Szyfrator_v2/software/Sztfrator_NET_BSP\libhal_bsp.a(alt_irq_handler.o)
 .text          0x00025018        0x0 ../../Desktop/Repozytorium/SzyfratorCopy/Szyfrator_v2/software/Sztfrator_NET_BSP\libhal_bsp.a(alt_irq_vars.o)
 .text          0x00025018      0x270 ../../Desktop/Repozytorium/SzyfratorCopy/Szyfrator_v2/software/Sztfrator_NET_BSP\libhal_bsp.a(alt_open.o)
                0x00025134                open
 .text          0x00025288       0x40 ../../Desktop/Repozytorium/SzyfratorCopy/Szyfrator_v2/software/Sztfrator_NET_BSP\libhal_bsp.a(alt_remap_uncached.o)
                0x00025288                alt_remap_uncached
 .text          0x000252c8       0x20 ../../Desktop/Repozytorium/SzyfratorCopy/Szyfrator_v2/software/Sztfrator_NET_BSP\libhal_bsp.a(altera_nios2_qsys_irq.o)
                0x000252c8                altera_nios2_qsys_irq_init
 .text          0x000252e8      0x17c ../../Desktop/Repozytorium/SzyfratorCopy/Szyfrator_v2/software/Sztfrator_NET_BSP\libhal_bsp.a(altera_avalon_performance_counter.o)
                0x000252e8                perf_get_section_time
                0x00025394                perf_get_total_time
                0x000253e0                perf_get_num_starts
                0x0002541c                alt_get_performance_counter_base
                0x00025440                alt_get_cpu_freq
 .text          0x00025464       0x24 ../../Desktop/Repozytorium/SzyfratorCopy/Szyfrator_v2/software/Sztfrator_NET_BSP\libhal_bsp.a(alt_dcache_flush.o)
                0x00025464                alt_dcache_flush
 .text          0x00025488        0x0 ../../Desktop/Repozytorium/SzyfratorCopy/Szyfrator_v2/software/Sztfrator_NET_BSP\libhal_bsp.a(alt_exception_entry.o)
 .text          0x00025488      0x114 ../../Desktop/Repozytorium/SzyfratorCopy/Szyfrator_v2/software/Sztfrator_NET_BSP\libhal_bsp.a(alt_find_file.o)
                0x00025488                alt_find_file
 .text          0x0002559c       0xb4 ../../Desktop/Repozytorium/SzyfratorCopy/Szyfrator_v2/software/Sztfrator_NET_BSP\libhal_bsp.a(alt_get_fd.o)
                0x0002559c                alt_get_fd
 .text          0x00025650       0x8c ../../Desktop/Repozytorium/SzyfratorCopy/Szyfrator_v2/software/Sztfrator_NET_BSP\libhal_bsp.a(alt_icache_flush.o)
                0x00025650                alt_icache_flush
 .text          0x000256dc       0x14 c:/altera/13.1/nios2eds/bin/gnu/h-i686-mingw32/bin/../lib/gcc/nios2-elf/4.7.3/../../../../../H-i686-mingw32/nios2-elf/lib\libc.a(lib_a-atexit.o)
                0x000256dc                atexit
 .text          0x000256f0       0x38 c:/altera/13.1/nios2eds/bin/gnu/h-i686-mingw32/bin/../lib/gcc/nios2-elf/4.7.3/../../../../../H-i686-mingw32/nios2-elf/lib\libc.a(lib_a-exit.o)
                0x000256f0                exit
 .text          0x00025728       0x7c c:/altera/13.1/nios2eds/bin/gnu/h-i686-mingw32/bin/../lib/gcc/nios2-elf/4.7.3/../../../../../H-i686-mingw32/nios2-elf/lib\libc.a(lib_a-memcmp.o)
                0x00025728                memcmp
 .text          0x000257a4      0x130 c:/altera/13.1/nios2eds/bin/gnu/h-i686-mingw32/bin/../lib/gcc/nios2-elf/4.7.3/../../../../../H-i686-mingw32/nios2-elf/lib\libc.a(lib_a-__atexit.o)
                0x000257a4                __register_exitproc
 .text          0x000258d4      0x1a0 c:/altera/13.1/nios2eds/bin/gnu/h-i686-mingw32/bin/../lib/gcc/nios2-elf/4.7.3/../../../../../H-i686-mingw32/nios2-elf/lib\libc.a(lib_a-__call_atexit.o)
                0x000258d4                __call_exitprocs
 .text          0x00025a74       0x70 c:/altera/13.1/nios2eds/bin/gnu/h-i686-mingw32/bin/../lib/gcc/nios2-elf/4.7.3\libgcc.a(_floatundidf.o)
                0x00025a74                __floatundidf
 .text          0x00025ae4       0x3c ../../Desktop/Repozytorium/SzyfratorCopy/Szyfrator_v2/software/Sztfrator_NET_BSP\libhal_bsp.a(alt_exit.o)
                0x00025ae4                _exit
 *(.gnu.warning.*)
 *(.fini)
                0x00025b20                PROVIDE (__etext, ABSOLUTE (.))
                0x00025b20                PROVIDE (_etext, ABSOLUTE (.))
                0x00025b20                PROVIDE (etext, ABSOLUTE (.))
 *(.eh_frame_hdr)
                0x00025b20                . = ALIGN (0x4)
                0x00025b20                PROVIDE (__preinit_array_start, ABSOLUTE (.))
 *(.preinit_array)
                0x00025b20                PROVIDE (__preinit_array_end, ABSOLUTE (.))
                0x00025b20                PROVIDE (__init_array_start, ABSOLUTE (.))
 *(.init_array)
                0x00025b20                PROVIDE (__init_array_end, ABSOLUTE (.))
                0x00025b20                PROVIDE (__fini_array_start, ABSOLUTE (.))
 *(.fini_array)
                0x00025b20                PROVIDE (__fini_array_end, ABSOLUTE (.))
 *(.eh_frame)
 *(.gcc_except_table .gcc_except_table.*)
 *(.dynamic)
                0x00025b20                PROVIDE (__CTOR_LIST__, ABSOLUTE (.))
 *(.ctors)
 *(SORT(.ctors.*))
                0x00025b20                PROVIDE (__CTOR_END__, ABSOLUTE (.))
                0x00025b20                PROVIDE (__DTOR_LIST__, ABSOLUTE (.))
 *(.dtors)
 *(SORT(.dtors.*))
                0x00025b20                PROVIDE (__DTOR_END__, ABSOLUTE (.))
 *(.jcr)
                0x00025b20                . = ALIGN (0x4)

.rodata         0x00200000     0x33c0
                0x00200000                PROVIDE (__ram_rodata_start, ABSOLUTE (.))
                0x00200000                . = ALIGN (0x4)
 *(.rodata .rodata.* .gnu.linkonce.r.*)
 .rodata        0x00200000      0xba4 obj/default/Net_szyfr.o
 .rodata        0x00200ba4      0xc80 obj/default/fs.o
                0x002017f4                file_img_sics_gif
                0x00201804                file_404_html
                0x00201814                file_index_html
 .rodata        0x00201824       0x3c obj/default/httpd.o
 .rodata        0x00201860       0x98 obj/default/src/core/ipv4/ip.o
 .rodata        0x002018f8      0x154 obj/default/src/core/ipv4/ip_frag.o
 .rodata        0x00201a4c      0x1e4 obj/default/src/core/mem.o
 .rodata        0x00201c30       0xc0 obj/default/src/core/memp.o
 .rodata        0x00201cf0        0xc obj/default/src/core/netif.o
 .rodata        0x00201cfc      0x420 obj/default/src/core/pbuf.o
 .rodata        0x0020211c       0x60 obj/default/src/core/raw.o
 .rodata        0x0020217c      0x30c obj/default/src/core/tcp.o
                0x002021f2                tcp_backoff
 .rodata        0x00202488      0x2e0 obj/default/src/core/tcp_in.o
 .rodata        0x00202768      0x234 obj/default/src/core/tcp_out.o
 .rodata        0x0020299c       0xe0 obj/default/src/core/udp.o
 .rodata        0x00202a7c      0x184 obj/default/src/netif/etharp.o
 .rodata.str1.4
                0x00202c00        0x2 c:/altera/13.1/nios2eds/bin/gnu/h-i686-mingw32/bin/../lib/gcc/nios2-elf/4.7.3/../../../../../H-i686-mingw32/nios2-elf/lib\libc.a(lib_a-puts.o)
                                  0x4 (size before relaxing)
 *fill*         0x00202c02        0x2 
 .rodata.str1.4
                0x00202c04       0x42 c:/altera/13.1/nios2eds/bin/gnu/h-i686-mingw32/bin/../lib/gcc/nios2-elf/4.7.3/../../../../../H-i686-mingw32/nios2-elf/lib\libc.a(lib_a-vfprintf.o)
                                 0x44 (size before relaxing)
 .rodata        0x00202c46       0x20 c:/altera/13.1/nios2eds/bin/gnu/h-i686-mingw32/bin/../lib/gcc/nios2-elf/4.7.3/../../../../../H-i686-mingw32/nios2-elf/lib\libc.a(lib_a-vfprintf.o)
 *fill*         0x00202c66        0x2 
 .rodata.str1.4
                0x00202c68        0x5 c:/altera/13.1/nios2eds/bin/gnu/h-i686-mingw32/bin/../lib/gcc/nios2-elf/4.7.3/../../../../../H-i686-mingw32/nios2-elf/lib\libc.a(lib_a-vfscanf.o)
                                  0x8 (size before relaxing)
 *fill*         0x00202c6d        0x1 
 .rodata        0x00202c6e       0x22 c:/altera/13.1/nios2eds/bin/gnu/h-i686-mingw32/bin/../lib/gcc/nios2-elf/4.7.3/../../../../../H-i686-mingw32/nios2-elf/lib\libc.a(lib_a-vfscanf.o)
 .rodata        0x00202c90      0x281 c:/altera/13.1/nios2eds/bin/gnu/h-i686-mingw32/bin/../lib/gcc/nios2-elf/4.7.3/../../../../../H-i686-mingw32/nios2-elf/lib\libc.a(lib_a-ctype_.o)
                0x00202c90                _ctype_
 *fill*         0x00202f11        0x3 
 .rodata.str1.4
                0x00202f14       0x10 c:/altera/13.1/nios2eds/bin/gnu/h-i686-mingw32/bin/../lib/gcc/nios2-elf/4.7.3/../../../../../H-i686-mingw32/nios2-elf/lib\libc.a(lib_a-dtoa.o)
                                 0x14 (size before relaxing)
 .rodata.str1.4
                0x00202f24        0x2 c:/altera/13.1/nios2eds/bin/gnu/h-i686-mingw32/bin/../lib/gcc/nios2-elf/4.7.3/../../../../../H-i686-mingw32/nios2-elf/lib\libc.a(lib_a-impure.o)
                                  0x4 (size before relaxing)
 *fill*         0x00202f26        0x2 
 .rodata.str1.4
                0x00202f28        0xe c:/altera/13.1/nios2eds/bin/gnu/h-i686-mingw32/bin/../lib/gcc/nios2-elf/4.7.3/../../../../../H-i686-mingw32/nios2-elf/lib\libc.a(lib_a-locale.o)
                                 0x18 (size before relaxing)
 *fill*         0x00202f36        0x2 
 .rodata        0x00202f38       0x30 c:/altera/13.1/nios2eds/bin/gnu/h-i686-mingw32/bin/../lib/gcc/nios2-elf/4.7.3/../../../../../H-i686-mingw32/nios2-elf/lib\libc.a(lib_a-locale.o)
 .rodata.str1.4
                0x00000000        0x4 c:/altera/13.1/nios2eds/bin/gnu/h-i686-mingw32/bin/../lib/gcc/nios2-elf/4.7.3/../../../../../H-i686-mingw32/nios2-elf/lib\libc.a(lib_a-mbrtowc.o)
 .rodata        0x00202f68      0x124 c:/altera/13.1/nios2eds/bin/gnu/h-i686-mingw32/bin/../lib/gcc/nios2-elf/4.7.3/../../../../../H-i686-mingw32/nios2-elf/lib\libc.a(lib_a-mprec.o)
                0x00202f68                __mprec_tinytens
                0x00202f90                __mprec_bigtens
                0x00202fb8                __mprec_tens
 .rodata.str1.4
                0x0020308c        0xf c:/altera/13.1/nios2eds/bin/gnu/h-i686-mingw32/bin/../lib/gcc/nios2-elf/4.7.3/../../../../../H-i686-mingw32/nios2-elf/lib\libc.a(lib_a-strtod.o)
                                 0x10 (size before relaxing)
 *fill*         0x0020309b        0x1 
 .rodata        0x0020309c       0x28 c:/altera/13.1/nios2eds/bin/gnu/h-i686-mingw32/bin/../lib/gcc/nios2-elf/4.7.3/../../../../../H-i686-mingw32/nios2-elf/lib\libc.a(lib_a-strtod.o)
 .rodata.str1.4
                0x002030c4       0x1c c:/altera/13.1/nios2eds/bin/gnu/h-i686-mingw32/bin/../lib/gcc/nios2-elf/4.7.3/../../../../../H-i686-mingw32/nios2-elf/lib\libc.a(lib_a-gdtoa-gethex.o)
 .rodata        0x002030e0       0x14 c:/altera/13.1/nios2eds/bin/gnu/h-i686-mingw32/bin/../lib/gcc/nios2-elf/4.7.3\libgcc.a(_thenan_df.o)
                0x002030e0                __thenan_df
 .rodata        0x002030f4      0x100 c:/altera/13.1/nios2eds/bin/gnu/h-i686-mingw32/bin/../lib/gcc/nios2-elf/4.7.3\libgcc.a(_clz.o)
                0x002030f4                __clz_tab
 .rodata        0x002031f4        0xc ../../Desktop/Repozytorium/SzyfratorCopy/Szyfrator_v2/software/Sztfrator_NET_BSP\libhal_bsp.a(alt_dev.o)
 .rodata        0x00203200       0x10 ../../Desktop/Repozytorium/SzyfratorCopy/Szyfrator_v2/software/Sztfrator_NET_BSP\libhal_bsp.a(alt_main.o)
 .rodata        0x00203210       0xb0 ../../Desktop/Repozytorium/SzyfratorCopy/Szyfrator_v2/software/Sztfrator_NET_BSP\libhal_bsp.a(alt_sys_init.o)
 .rodata        0x002032c0      0x100 ../../Desktop/Repozytorium/SzyfratorCopy/Szyfrator_v2/software/Sztfrator_NET_BSP\libhal_bsp.a(perf_print_formatted_report.o)
 *(.rodata1)
                0x002033c0                . = ALIGN (0x4)
                0x002033c0                PROVIDE (__ram_rodata_end, ABSOLUTE (.))
                0x00200000                PROVIDE (__flash_rodata_start, LOADADDR (.rodata))

.rwdata         0x002033c0      0xc40 load address 0x00025b20
                0x002033c0                PROVIDE (__ram_rwdata_start, ABSOLUTE (.))
                0x002033c0                . = ALIGN (0x4)
 *(.got.plt)
 *(.got)
 *(.data1)
 *(.data .data.* .gnu.linkonce.d.*)
 .data          0x002033c0        0x0 ../../Desktop/Repozytorium/SzyfratorCopy/Szyfrator_v2/software/Sztfrator_NET_BSP/obj/HAL/src/crt0.o
 .data          0x002033c0        0x0 obj/default/Net_szyfr.o
 .data          0x002033c0        0x0 obj/default/fs.o
 .data          0x002033c0        0x0 obj/default/fsdata.o
 .data          0x002033c0        0x0 obj/default/httpd.o
 .data          0x002033c0        0x0 obj/default/src/api/api_lib.o
 .data          0x002033c0        0x0 obj/default/src/api/api_msg.o
 .data          0x002033c0        0x0 obj/default/src/api/err.o
 .data          0x002033c0        0x0 obj/default/src/api/netbuf.o
 .data          0x002033c0        0x0 obj/default/src/api/netdb.o
 .data          0x002033c0        0x0 obj/default/src/api/netifapi.o
 .data          0x002033c0        0x0 obj/default/src/api/sockets.o
 .data          0x002033c0        0x0 obj/default/src/api/tcpip.o
 .data          0x002033c0        0x0 obj/default/src/core/dhcp.o
 .data          0x002033c0        0x0 obj/default/src/core/dns.o
 .data          0x002033c0        0x0 obj/default/src/core/init.o
 .data          0x002033c0        0x0 obj/default/src/core/ipv4/autoip.o
 .data          0x002033c0        0x0 obj/default/src/core/ipv4/icmp.o
 .data          0x002033c0        0x0 obj/default/src/core/ipv4/igmp.o
 .data          0x002033c0        0x0 obj/default/src/core/ipv4/inet.o
 .data          0x002033c0        0x0 obj/default/src/core/ipv4/inet_chksum.o
 .data          0x002033c0        0x0 obj/default/src/core/ipv4/ip.o
 .data          0x002033c0        0x0 obj/default/src/core/ipv4/ip_addr.o
 .data          0x002033c0        0x0 obj/default/src/core/ipv4/ip_frag.o
 .data          0x002033c0        0x0 obj/default/src/core/mem.o
 .data          0x002033c0        0x0 obj/default/src/core/memp.o
 .data          0x002033c0        0x0 obj/default/src/core/netif.o
 .data          0x002033c0        0x0 obj/default/src/core/pbuf.o
 .data          0x002033c0        0x0 obj/default/src/core/raw.o
 .data          0x002033c0        0x0 obj/default/src/core/snmp/asn1_dec.o
 .data          0x002033c0        0x0 obj/default/src/core/snmp/asn1_enc.o
 .data          0x002033c0        0x0 obj/default/src/core/snmp/mib2.o
 .data          0x002033c0        0x0 obj/default/src/core/snmp/mib_structs.o
 .data          0x002033c0        0x0 obj/default/src/core/snmp/msg_in.o
 .data          0x002033c0        0x0 obj/default/src/core/snmp/msg_out.o
 .data          0x002033c0        0x0 obj/default/src/core/stats.o
 .data          0x002033c0        0x0 obj/default/src/core/sys.o
 .data          0x002033c0       0x2c obj/default/src/core/tcp.o
                0x002033c0                tcp_state_str
 .data          0x002033ec        0x0 obj/default/src/core/tcp_in.o
 .data          0x002033ec        0x0 obj/default/src/core/tcp_out.o
 .data          0x002033ec        0x0 obj/default/src/core/udp.o
 .data          0x002033ec        0x0 obj/default/src/netif/etharp.o
 .data          0x002033ec        0x0 obj/default/src/netif/ethernetif.o
 .data          0x002033ec        0x0 obj/default/src/netif/loopif.o
 .data          0x002033ec        0x0 obj/default/src/netif/ppp/auth.o
 .data          0x002033ec        0x0 obj/default/src/netif/ppp/chap.o
 .data          0x002033ec        0x0 obj/default/src/netif/ppp/chpms.o
 .data          0x002033ec        0x0 obj/default/src/netif/ppp/fsm.o
 .data          0x002033ec        0x0 obj/default/src/netif/ppp/ipcp.o
 .data          0x002033ec        0x0 obj/default/src/netif/ppp/lcp.o
 .data          0x002033ec        0x0 obj/default/src/netif/ppp/magic.o
 .data          0x002033ec        0x0 obj/default/src/netif/ppp/md5.o
 .data          0x002033ec        0x0 obj/default/src/netif/ppp/pap.o
 .data          0x002033ec        0x0 obj/default/src/netif/ppp/ppp.o
 .data          0x002033ec        0x0 obj/default/src/netif/ppp/ppp_oe.o
 .data          0x002033ec        0x0 obj/default/src/netif/ppp/randm.o
 .data          0x002033ec        0x0 obj/default/src/netif/ppp/vj.o
 .data          0x002033ec        0x0 obj/default/src/netif/slipif.o
 .data          0x002033ec        0x0 c:/altera/13.1/nios2eds/bin/gnu/h-i686-mingw32/bin/../lib/gcc/nios2-elf/4.7.3\libgcc.a(lib2-divmod.o)
 .data          0x002033ec        0x0 c:/altera/13.1/nios2eds/bin/gnu/h-i686-mingw32/bin/../lib/gcc/nios2-elf/4.7.3/../../../../../H-i686-mingw32/nios2-elf/lib\libc.a(lib_a-memcpy.o)
 .data          0x002033ec        0x0 c:/altera/13.1/nios2eds/bin/gnu/h-i686-mingw32/bin/../lib/gcc/nios2-elf/4.7.3/../../../../../H-i686-mingw32/nios2-elf/lib\libc.a(lib_a-memset.o)
 .data          0x002033ec        0x0 c:/altera/13.1/nios2eds/bin/gnu/h-i686-mingw32/bin/../lib/gcc/nios2-elf/4.7.3/../../../../../H-i686-mingw32/nios2-elf/lib\libc.a(lib_a-printf.o)
 .data          0x002033ec        0x0 c:/altera/13.1/nios2eds/bin/gnu/h-i686-mingw32/bin/../lib/gcc/nios2-elf/4.7.3/../../../../../H-i686-mingw32/nios2-elf/lib\libc.a(lib_a-putchar.o)
 .data          0x002033ec        0x0 c:/altera/13.1/nios2eds/bin/gnu/h-i686-mingw32/bin/../lib/gcc/nios2-elf/4.7.3/../../../../../H-i686-mingw32/nios2-elf/lib\libc.a(lib_a-puts.o)
 .data          0x002033ec        0x0 c:/altera/13.1/nios2eds/bin/gnu/h-i686-mingw32/bin/../lib/gcc/nios2-elf/4.7.3/../../../../../H-i686-mingw32/nios2-elf/lib\libc.a(lib_a-scanf.o)
 .data          0x002033ec        0x0 c:/altera/13.1/nios2eds/bin/gnu/h-i686-mingw32/bin/../lib/gcc/nios2-elf/4.7.3/../../../../../H-i686-mingw32/nios2-elf/lib\libc.a(lib_a-strcmp.o)
 .data          0x002033ec        0x0 c:/altera/13.1/nios2eds/bin/gnu/h-i686-mingw32/bin/../lib/gcc/nios2-elf/4.7.3/../../../../../H-i686-mingw32/nios2-elf/lib\libc.a(lib_a-strlen.o)
 .data          0x002033ec        0x0 c:/altera/13.1/nios2eds/bin/gnu/h-i686-mingw32/bin/../lib/gcc/nios2-elf/4.7.3/../../../../../H-i686-mingw32/nios2-elf/lib\libc.a(lib_a-strncmp.o)
 .data          0x002033ec        0x0 c:/altera/13.1/nios2eds/bin/gnu/h-i686-mingw32/bin/../lib/gcc/nios2-elf/4.7.3/../../../../../H-i686-mingw32/nios2-elf/lib\libc.a(lib_a-vfprintf.o)
 .data          0x002033ec        0x0 c:/altera/13.1/nios2eds/bin/gnu/h-i686-mingw32/bin/../lib/gcc/nios2-elf/4.7.3/../../../../../H-i686-mingw32/nios2-elf/lib\libc.a(lib_a-vfscanf.o)
 .data          0x002033ec        0x0 c:/altera/13.1/nios2eds/bin/gnu/h-i686-mingw32/bin/../lib/gcc/nios2-elf/4.7.3/../../../../../H-i686-mingw32/nios2-elf/lib\libc.a(lib_a-wsetup.o)
 .data          0x002033ec        0x0 c:/altera/13.1/nios2eds/bin/gnu/h-i686-mingw32/bin/../lib/gcc/nios2-elf/4.7.3/../../../../../H-i686-mingw32/nios2-elf/lib\libc.a(lib_a-ctype_.o)
 .data          0x002033ec        0x0 c:/altera/13.1/nios2eds/bin/gnu/h-i686-mingw32/bin/../lib/gcc/nios2-elf/4.7.3/../../../../../H-i686-mingw32/nios2-elf/lib\libc.a(lib_a-dtoa.o)
 .data          0x002033ec        0x0 c:/altera/13.1/nios2eds/bin/gnu/h-i686-mingw32/bin/../lib/gcc/nios2-elf/4.7.3/../../../../../H-i686-mingw32/nios2-elf/lib\libc.a(lib_a-fflush.o)
 .data          0x002033ec        0x0 c:/altera/13.1/nios2eds/bin/gnu/h-i686-mingw32/bin/../lib/gcc/nios2-elf/4.7.3/../../../../../H-i686-mingw32/nios2-elf/lib\libc.a(lib_a-findfp.o)
 .data          0x002033ec        0x0 c:/altera/13.1/nios2eds/bin/gnu/h-i686-mingw32/bin/../lib/gcc/nios2-elf/4.7.3/../../../../../H-i686-mingw32/nios2-elf/lib\libc.a(lib_a-fread.o)
 .data          0x002033ec        0x0 c:/altera/13.1/nios2eds/bin/gnu/h-i686-mingw32/bin/../lib/gcc/nios2-elf/4.7.3/../../../../../H-i686-mingw32/nios2-elf/lib\libc.a(lib_a-freer.o)
 .data          0x002033ec        0x0 c:/altera/13.1/nios2eds/bin/gnu/h-i686-mingw32/bin/../lib/gcc/nios2-elf/4.7.3/../../../../../H-i686-mingw32/nios2-elf/lib\libc.a(lib_a-fvwrite.o)
 .data          0x002033ec        0x0 c:/altera/13.1/nios2eds/bin/gnu/h-i686-mingw32/bin/../lib/gcc/nios2-elf/4.7.3/../../../../../H-i686-mingw32/nios2-elf/lib\libc.a(lib_a-fwalk.o)
 .data          0x002033ec      0x400 c:/altera/13.1/nios2eds/bin/gnu/h-i686-mingw32/bin/../lib/gcc/nios2-elf/4.7.3/../../../../../H-i686-mingw32/nios2-elf/lib\libc.a(lib_a-impure.o)
 .data          0x002037ec        0x0 c:/altera/13.1/nios2eds/bin/gnu/h-i686-mingw32/bin/../lib/gcc/nios2-elf/4.7.3/../../../../../H-i686-mingw32/nios2-elf/lib\libc.a(lib_a-iswspace.o)
 .data          0x002037ec        0xc c:/altera/13.1/nios2eds/bin/gnu/h-i686-mingw32/bin/../lib/gcc/nios2-elf/4.7.3/../../../../../H-i686-mingw32/nios2-elf/lib\libc.a(lib_a-locale.o)
                0x002037ec                __lc_ctype
 .data          0x002037f8        0x0 c:/altera/13.1/nios2eds/bin/gnu/h-i686-mingw32/bin/../lib/gcc/nios2-elf/4.7.3/../../../../../H-i686-mingw32/nios2-elf/lib\libc.a(lib_a-makebuf.o)
 .data          0x002037f8      0x408 c:/altera/13.1/nios2eds/bin/gnu/h-i686-mingw32/bin/../lib/gcc/nios2-elf/4.7.3/../../../../../H-i686-mingw32/nios2-elf/lib\libc.a(lib_a-mallocr.o)
                0x002037f8                __malloc_av_
 .data          0x00203c00        0x0 c:/altera/13.1/nios2eds/bin/gnu/h-i686-mingw32/bin/../lib/gcc/nios2-elf/4.7.3/../../../../../H-i686-mingw32/nios2-elf/lib\libc.a(lib_a-mbrtowc.o)
 .data          0x00203c00        0x0 c:/altera/13.1/nios2eds/bin/gnu/h-i686-mingw32/bin/../lib/gcc/nios2-elf/4.7.3/../../../../../H-i686-mingw32/nios2-elf/lib\libc.a(lib_a-mbtowc_r.o)
 .data          0x00203c00        0x0 c:/altera/13.1/nios2eds/bin/gnu/h-i686-mingw32/bin/../lib/gcc/nios2-elf/4.7.3/../../../../../H-i686-mingw32/nios2-elf/lib\libc.a(lib_a-memchr.o)
 .data          0x00203c00        0x0 c:/altera/13.1/nios2eds/bin/gnu/h-i686-mingw32/bin/../lib/gcc/nios2-elf/4.7.3/../../../../../H-i686-mingw32/nios2-elf/lib\libc.a(lib_a-memmove.o)
 .data          0x00203c00        0x0 c:/altera/13.1/nios2eds/bin/gnu/h-i686-mingw32/bin/../lib/gcc/nios2-elf/4.7.3/../../../../../H-i686-mingw32/nios2-elf/lib\libc.a(lib_a-mprec.o)
 .data          0x00203c00        0x0 c:/altera/13.1/nios2eds/bin/gnu/h-i686-mingw32/bin/../lib/gcc/nios2-elf/4.7.3/../../../../../H-i686-mingw32/nios2-elf/lib\libc.a(lib_a-putc.o)
 .data          0x00203c00        0x0 c:/altera/13.1/nios2eds/bin/gnu/h-i686-mingw32/bin/../lib/gcc/nios2-elf/4.7.3/../../../../../H-i686-mingw32/nios2-elf/lib\libc.a(lib_a-reallocr.o)
 .data          0x00203c00        0x0 c:/altera/13.1/nios2eds/bin/gnu/h-i686-mingw32/bin/../lib/gcc/nios2-elf/4.7.3/../../../../../H-i686-mingw32/nios2-elf/lib\libc.a(lib_a-refill.o)
 .data          0x00203c00        0x0 c:/altera/13.1/nios2eds/bin/gnu/h-i686-mingw32/bin/../lib/gcc/nios2-elf/4.7.3/../../../../../H-i686-mingw32/nios2-elf/lib\libc.a(lib_a-s_isinfd.o)
 .data          0x00203c00        0x0 c:/altera/13.1/nios2eds/bin/gnu/h-i686-mingw32/bin/../lib/gcc/nios2-elf/4.7.3/../../../../../H-i686-mingw32/nios2-elf/lib\libc.a(lib_a-s_isnand.o)
 .data          0x00203c00        0x0 c:/altera/13.1/nios2eds/bin/gnu/h-i686-mingw32/bin/../lib/gcc/nios2-elf/4.7.3/../../../../../H-i686-mingw32/nios2-elf/lib\libc.a(lib_a-sbrkr.o)
 .data          0x00203c00        0x0 c:/altera/13.1/nios2eds/bin/gnu/h-i686-mingw32/bin/../lib/gcc/nios2-elf/4.7.3/../../../../../H-i686-mingw32/nios2-elf/lib\libc.a(lib_a-sccl.o)
 .data          0x00203c00        0x0 c:/altera/13.1/nios2eds/bin/gnu/h-i686-mingw32/bin/../lib/gcc/nios2-elf/4.7.3/../../../../../H-i686-mingw32/nios2-elf/lib\libc.a(lib_a-sf_nan.o)
 .data          0x00203c00        0x0 c:/altera/13.1/nios2eds/bin/gnu/h-i686-mingw32/bin/../lib/gcc/nios2-elf/4.7.3/../../../../../H-i686-mingw32/nios2-elf/lib\libc.a(lib_a-sprintf.o)
 .data          0x00203c00        0x0 c:/altera/13.1/nios2eds/bin/gnu/h-i686-mingw32/bin/../lib/gcc/nios2-elf/4.7.3/../../../../../H-i686-mingw32/nios2-elf/lib\libc.a(lib_a-stdio.o)
 .data          0x00203c00       0x28 c:/altera/13.1/nios2eds/bin/gnu/h-i686-mingw32/bin/../lib/gcc/nios2-elf/4.7.3/../../../../../H-i686-mingw32/nios2-elf/lib\libc.a(lib_a-strtod.o)
 .data          0x00203c28        0x0 c:/altera/13.1/nios2eds/bin/gnu/h-i686-mingw32/bin/../lib/gcc/nios2-elf/4.7.3/../../../../../H-i686-mingw32/nios2-elf/lib\libc.a(lib_a-strtol.o)
 .data          0x00203c28        0x0 c:/altera/13.1/nios2eds/bin/gnu/h-i686-mingw32/bin/../lib/gcc/nios2-elf/4.7.3/../../../../../H-i686-mingw32/nios2-elf/lib\libc.a(lib_a-strtoll_r.o)
 .data          0x00203c28        0x0 c:/altera/13.1/nios2eds/bin/gnu/h-i686-mingw32/bin/../lib/gcc/nios2-elf/4.7.3/../../../../../H-i686-mingw32/nios2-elf/lib\libc.a(lib_a-strtoul.o)
 .data          0x00203c28        0x0 c:/altera/13.1/nios2eds/bin/gnu/h-i686-mingw32/bin/../lib/gcc/nios2-elf/4.7.3/../../../../../H-i686-mingw32/nios2-elf/lib\libc.a(lib_a-strtoull_r.o)
 .data          0x00203c28        0x0 c:/altera/13.1/nios2eds/bin/gnu/h-i686-mingw32/bin/../lib/gcc/nios2-elf/4.7.3/../../../../../H-i686-mingw32/nios2-elf/lib\libc.a(lib_a-ungetc.o)
 .data          0x00203c28        0x0 c:/altera/13.1/nios2eds/bin/gnu/h-i686-mingw32/bin/../lib/gcc/nios2-elf/4.7.3/../../../../../H-i686-mingw32/nios2-elf/lib\libc.a(lib_a-wbuf.o)
 .data          0x00203c28        0x0 c:/altera/13.1/nios2eds/bin/gnu/h-i686-mingw32/bin/../lib/gcc/nios2-elf/4.7.3/../../../../../H-i686-mingw32/nios2-elf/lib\libc.a(lib_a-writer.o)
 .data          0x00203c28        0x0 c:/altera/13.1/nios2eds/bin/gnu/h-i686-mingw32/bin/../lib/gcc/nios2-elf/4.7.3/../../../../../H-i686-mingw32/nios2-elf/lib\libc.a(lib_a-callocr.o)
 .data          0x00203c28        0x0 c:/altera/13.1/nios2eds/bin/gnu/h-i686-mingw32/bin/../lib/gcc/nios2-elf/4.7.3/../../../../../H-i686-mingw32/nios2-elf/lib\libc.a(lib_a-closer.o)
 .data          0x00203c28        0x0 c:/altera/13.1/nios2eds/bin/gnu/h-i686-mingw32/bin/../lib/gcc/nios2-elf/4.7.3/../../../../../H-i686-mingw32/nios2-elf/lib\libc.a(lib_a-fclose.o)
 .data          0x00203c28        0x0 c:/altera/13.1/nios2eds/bin/gnu/h-i686-mingw32/bin/../lib/gcc/nios2-elf/4.7.3/../../../../../H-i686-mingw32/nios2-elf/lib\libc.a(lib_a-fstatr.o)
 .data          0x00203c28        0x0 c:/altera/13.1/nios2eds/bin/gnu/h-i686-mingw32/bin/../lib/gcc/nios2-elf/4.7.3/../../../../../H-i686-mingw32/nios2-elf/lib\libc.a(lib_a-gdtoa-gethex.o)
 .data          0x00203c28        0x0 c:/altera/13.1/nios2eds/bin/gnu/h-i686-mingw32/bin/../lib/gcc/nios2-elf/4.7.3/../../../../../H-i686-mingw32/nios2-elf/lib\libc.a(lib_a-gdtoa-hexnan.o)
 .data          0x00203c28        0x0 c:/altera/13.1/nios2eds/bin/gnu/h-i686-mingw32/bin/../lib/gcc/nios2-elf/4.7.3/../../../../../H-i686-mingw32/nios2-elf/lib\libc.a(lib_a-int_errno.o)
 .data          0x00203c28        0x0 c:/altera/13.1/nios2eds/bin/gnu/h-i686-mingw32/bin/../lib/gcc/nios2-elf/4.7.3/../../../../../H-i686-mingw32/nios2-elf/lib\libc.a(lib_a-isattyr.o)
 .data          0x00203c28        0x0 c:/altera/13.1/nios2eds/bin/gnu/h-i686-mingw32/bin/../lib/gcc/nios2-elf/4.7.3/../../../../../H-i686-mingw32/nios2-elf/lib\libc.a(lib_a-lseekr.o)
 .data          0x00203c28        0x0 c:/altera/13.1/nios2eds/bin/gnu/h-i686-mingw32/bin/../lib/gcc/nios2-elf/4.7.3/../../../../../H-i686-mingw32/nios2-elf/lib\libc.a(lib_a-readr.o)
 .data          0x00203c28        0x0 c:/altera/13.1/nios2eds/bin/gnu/h-i686-mingw32/bin/../lib/gcc/nios2-elf/4.7.3\libgcc.a(_muldi3.o)
 .data          0x00203c28        0x0 c:/altera/13.1/nios2eds/bin/gnu/h-i686-mingw32/bin/../lib/gcc/nios2-elf/4.7.3\libgcc.a(_fixunsdfsi.o)
 .data          0x00203c28        0x0 c:/altera/13.1/nios2eds/bin/gnu/h-i686-mingw32/bin/../lib/gcc/nios2-elf/4.7.3\libgcc.a(_udivdi3.o)
 .data          0x00203c28        0x0 c:/altera/13.1/nios2eds/bin/gnu/h-i686-mingw32/bin/../lib/gcc/nios2-elf/4.7.3\libgcc.a(_umoddi3.o)
 .data          0x00203c28        0x0 c:/altera/13.1/nios2eds/bin/gnu/h-i686-mingw32/bin/../lib/gcc/nios2-elf/4.7.3\libgcc.a(_eq_sf.o)
 .data          0x00203c28        0x0 c:/altera/13.1/nios2eds/bin/gnu/h-i686-mingw32/bin/../lib/gcc/nios2-elf/4.7.3\libgcc.a(_gt_sf.o)
 .data          0x00203c28        0x0 c:/altera/13.1/nios2eds/bin/gnu/h-i686-mingw32/bin/../lib/gcc/nios2-elf/4.7.3\libgcc.a(_lt_sf.o)
 .data          0x00203c28        0x0 c:/altera/13.1/nios2eds/bin/gnu/h-i686-mingw32/bin/../lib/gcc/nios2-elf/4.7.3\libgcc.a(_addsub_df.o)
 .data          0x00203c28        0x0 c:/altera/13.1/nios2eds/bin/gnu/h-i686-mingw32/bin/../lib/gcc/nios2-elf/4.7.3\libgcc.a(_mul_df.o)
 .data          0x00203c28        0x0 c:/altera/13.1/nios2eds/bin/gnu/h-i686-mingw32/bin/../lib/gcc/nios2-elf/4.7.3\libgcc.a(_div_df.o)
 .data          0x00203c28        0x0 c:/altera/13.1/nios2eds/bin/gnu/h-i686-mingw32/bin/../lib/gcc/nios2-elf/4.7.3\libgcc.a(_eq_df.o)
 .data          0x00203c28        0x0 c:/altera/13.1/nios2eds/bin/gnu/h-i686-mingw32/bin/../lib/gcc/nios2-elf/4.7.3\libgcc.a(_ne_df.o)
 .data          0x00203c28        0x0 c:/altera/13.1/nios2eds/bin/gnu/h-i686-mingw32/bin/../lib/gcc/nios2-elf/4.7.3\libgcc.a(_gt_df.o)
 .data          0x00203c28        0x0 c:/altera/13.1/nios2eds/bin/gnu/h-i686-mingw32/bin/../lib/gcc/nios2-elf/4.7.3\libgcc.a(_ge_df.o)
 .data          0x00203c28        0x0 c:/altera/13.1/nios2eds/bin/gnu/h-i686-mingw32/bin/../lib/gcc/nios2-elf/4.7.3\libgcc.a(_lt_df.o)
 .data          0x00203c28        0x0 c:/altera/13.1/nios2eds/bin/gnu/h-i686-mingw32/bin/../lib/gcc/nios2-elf/4.7.3\libgcc.a(_le_df.o)
 .data          0x00203c28        0x0 c:/altera/13.1/nios2eds/bin/gnu/h-i686-mingw32/bin/../lib/gcc/nios2-elf/4.7.3\libgcc.a(_si_to_df.o)
 .data          0x00203c28        0x0 c:/altera/13.1/nios2eds/bin/gnu/h-i686-mingw32/bin/../lib/gcc/nios2-elf/4.7.3\libgcc.a(_df_to_si.o)
 .data          0x00203c28        0x0 c:/altera/13.1/nios2eds/bin/gnu/h-i686-mingw32/bin/../lib/gcc/nios2-elf/4.7.3\libgcc.a(_df_to_sf.o)
 .data          0x00203c28        0x0 c:/altera/13.1/nios2eds/bin/gnu/h-i686-mingw32/bin/../lib/gcc/nios2-elf/4.7.3\libgcc.a(_thenan_df.o)
 .data          0x00203c28        0x0 c:/altera/13.1/nios2eds/bin/gnu/h-i686-mingw32/bin/../lib/gcc/nios2-elf/4.7.3\libgcc.a(_usi_to_df.o)
 .data          0x00203c28        0x0 c:/altera/13.1/nios2eds/bin/gnu/h-i686-mingw32/bin/../lib/gcc/nios2-elf/4.7.3\libgcc.a(_clz.o)
 .data          0x00203c28        0x0 c:/altera/13.1/nios2eds/bin/gnu/h-i686-mingw32/bin/../lib/gcc/nios2-elf/4.7.3\libgcc.a(_clzsi2.o)
 .data          0x00203c28        0x0 c:/altera/13.1/nios2eds/bin/gnu/h-i686-mingw32/bin/../lib/gcc/nios2-elf/4.7.3\libgcc.a(_unpack_sf.o)
 .data          0x00203c28        0x0 c:/altera/13.1/nios2eds/bin/gnu/h-i686-mingw32/bin/../lib/gcc/nios2-elf/4.7.3\libgcc.a(_fpcmp_parts_sf.o)
 .data          0x00203c28        0x0 c:/altera/13.1/nios2eds/bin/gnu/h-i686-mingw32/bin/../lib/gcc/nios2-elf/4.7.3\libgcc.a(_make_sf.o)
 .data          0x00203c28        0x0 c:/altera/13.1/nios2eds/bin/gnu/h-i686-mingw32/bin/../lib/gcc/nios2-elf/4.7.3\libgcc.a(_pack_df.o)
 .data          0x00203c28        0x0 c:/altera/13.1/nios2eds/bin/gnu/h-i686-mingw32/bin/../lib/gcc/nios2-elf/4.7.3\libgcc.a(_unpack_df.o)
 .data          0x00203c28        0x0 c:/altera/13.1/nios2eds/bin/gnu/h-i686-mingw32/bin/../lib/gcc/nios2-elf/4.7.3\libgcc.a(_fpcmp_parts_df.o)
 .data          0x00203c28        0x0 c:/altera/13.1/nios2eds/bin/gnu/h-i686-mingw32/bin/../lib/gcc/nios2-elf/4.7.3\libgcc.a(_lshrdi3.o)
 .data          0x00203c28        0x0 c:/altera/13.1/nios2eds/bin/gnu/h-i686-mingw32/bin/../lib/gcc/nios2-elf/4.7.3\libgcc.a(_ashldi3.o)
 .data          0x00203c28        0x0 c:/altera/13.1/nios2eds/bin/gnu/h-i686-mingw32/bin/../lib/gcc/nios2-elf/4.7.3\libgcc.a(_pack_sf.o)
 .data          0x00203c28        0x0 ../../Desktop/Repozytorium/SzyfratorCopy/Szyfrator_v2/software/Sztfrator_NET_BSP\libhal_bsp.a(alt_close.o)
 .data          0x00203c28      0x1a8 ../../Desktop/Repozytorium/SzyfratorCopy/Szyfrator_v2/software/Sztfrator_NET_BSP\libhal_bsp.a(alt_dev.o)
                0x00203c28                alt_dev_null
                0x00203c50                alt_fd_list
 .data          0x00203dd0        0x0 ../../Desktop/Repozytorium/SzyfratorCopy/Szyfrator_v2/software/Sztfrator_NET_BSP\libhal_bsp.a(alt_errno.o)
 .data          0x00203dd0        0x0 ../../Desktop/Repozytorium/SzyfratorCopy/Szyfrator_v2/software/Sztfrator_NET_BSP\libhal_bsp.a(alt_fstat.o)
 .data          0x00203dd0        0x0 ../../Desktop/Repozytorium/SzyfratorCopy/Szyfrator_v2/software/Sztfrator_NET_BSP\libhal_bsp.a(alt_isatty.o)
 .data          0x00203dd0        0x0 ../../Desktop/Repozytorium/SzyfratorCopy/Szyfrator_v2/software/Sztfrator_NET_BSP\libhal_bsp.a(alt_load.o)
 .data          0x00203dd0        0x0 ../../Desktop/Repozytorium/SzyfratorCopy/Szyfrator_v2/software/Sztfrator_NET_BSP\libhal_bsp.a(alt_lseek.o)
 .data          0x00203dd0        0x0 ../../Desktop/Repozytorium/SzyfratorCopy/Szyfrator_v2/software/Sztfrator_NET_BSP\libhal_bsp.a(alt_main.o)
 .data          0x00203dd0        0x0 ../../Desktop/Repozytorium/SzyfratorCopy/Szyfrator_v2/software/Sztfrator_NET_BSP\libhal_bsp.a(alt_malloc_lock.o)
 .data          0x00203dd0        0x0 ../../Desktop/Repozytorium/SzyfratorCopy/Szyfrator_v2/software/Sztfrator_NET_BSP\libhal_bsp.a(alt_printf.o)
 .data          0x00203dd0        0x0 ../../Desktop/Repozytorium/SzyfratorCopy/Szyfrator_v2/software/Sztfrator_NET_BSP\libhal_bsp.a(alt_putchar.o)
 .data          0x00203dd0        0x0 ../../Desktop/Repozytorium/SzyfratorCopy/Szyfrator_v2/software/Sztfrator_NET_BSP\libhal_bsp.a(alt_read.o)
 .data          0x00203dd0        0x0 ../../Desktop/Repozytorium/SzyfratorCopy/Szyfrator_v2/software/Sztfrator_NET_BSP\libhal_bsp.a(alt_release_fd.o)
 .data          0x00203dd0        0x0 ../../Desktop/Repozytorium/SzyfratorCopy/Szyfrator_v2/software/Sztfrator_NET_BSP\libhal_bsp.a(alt_sbrk.o)
 .data          0x00203dd0        0x0 ../../Desktop/Repozytorium/SzyfratorCopy/Szyfrator_v2/software/Sztfrator_NET_BSP\libhal_bsp.a(alt_write.o)
 .data          0x00203dd0      0x1ac ../../Desktop/Repozytorium/SzyfratorCopy/Szyfrator_v2/software/Sztfrator_NET_BSP\libhal_bsp.a(alt_sys_init.o)
 .data          0x00203f7c        0x0 ../../Desktop/Repozytorium/SzyfratorCopy/Szyfrator_v2/software/Sztfrator_NET_BSP\libhal_bsp.a(altera_avalon_jtag_uart_fd.o)
 .data          0x00203f7c        0x0 ../../Desktop/Repozytorium/SzyfratorCopy/Szyfrator_v2/software/Sztfrator_NET_BSP\libhal_bsp.a(altera_avalon_jtag_uart_read.o)
 .data          0x00203f7c        0x0 ../../Desktop/Repozytorium/SzyfratorCopy/Szyfrator_v2/software/Sztfrator_NET_BSP\libhal_bsp.a(altera_avalon_jtag_uart_write.o)
 .data          0x00203f7c        0x0 ../../Desktop/Repozytorium/SzyfratorCopy/Szyfrator_v2/software/Sztfrator_NET_BSP\libhal_bsp.a(altera_avalon_sgdma.o)
 .data          0x00203f7c        0x0 ../../Desktop/Repozytorium/SzyfratorCopy/Szyfrator_v2/software/Sztfrator_NET_BSP\libhal_bsp.a(perf_print_formatted_report.o)
 .data          0x00203f7c        0x0 ../../Desktop/Repozytorium/SzyfratorCopy/Szyfrator_v2/software/Sztfrator_NET_BSP\libhal_bsp.a(alt_dcache_flush_all.o)
 .data          0x00203f7c        0x0 ../../Desktop/Repozytorium/SzyfratorCopy/Szyfrator_v2/software/Sztfrator_NET_BSP\libhal_bsp.a(alt_dev_llist_insert.o)
 .data          0x00203f7c        0x0 ../../Desktop/Repozytorium/SzyfratorCopy/Szyfrator_v2/software/Sztfrator_NET_BSP\libhal_bsp.a(alt_do_ctors.o)
 .data          0x00203f7c        0x0 ../../Desktop/Repozytorium/SzyfratorCopy/Szyfrator_v2/software/Sztfrator_NET_BSP\libhal_bsp.a(alt_do_dtors.o)
 .data          0x00203f7c        0x0 ../../Desktop/Repozytorium/SzyfratorCopy/Szyfrator_v2/software/Sztfrator_NET_BSP\libhal_bsp.a(alt_find_dev.o)
 .data          0x00203f7c        0x0 ../../Desktop/Repozytorium/SzyfratorCopy/Szyfrator_v2/software/Sztfrator_NET_BSP\libhal_bsp.a(alt_icache_flush_all.o)
 .data          0x00203f7c        0x0 ../../Desktop/Repozytorium/SzyfratorCopy/Szyfrator_v2/software/Sztfrator_NET_BSP\libhal_bsp.a(alt_iic.o)
 .data          0x00203f7c        0x0 ../../Desktop/Repozytorium/SzyfratorCopy/Szyfrator_v2/software/Sztfrator_NET_BSP\libhal_bsp.a(alt_iic_isr_register.o)
 .data          0x00203f7c        0x0 ../../Desktop/Repozytorium/SzyfratorCopy/Szyfrator_v2/software/Sztfrator_NET_BSP\libhal_bsp.a(alt_io_redirect.o)
 .data          0x00203f7c        0x0 ../../Desktop/Repozytorium/SzyfratorCopy/Szyfrator_v2/software/Sztfrator_NET_BSP\libhal_bsp.a(alt_irq_entry.o)
 .data          0x00203f7c        0x0 ../../Desktop/Repozytorium/SzyfratorCopy/Szyfrator_v2/software/Sztfrator_NET_BSP\libhal_bsp.a(alt_irq_handler.o)
 .data          0x00203f7c        0x0 ../../Desktop/Repozytorium/SzyfratorCopy/Szyfrator_v2/software/Sztfrator_NET_BSP\libhal_bsp.a(alt_irq_vars.o)
 .data          0x00203f7c        0x0 ../../Desktop/Repozytorium/SzyfratorCopy/Szyfrator_v2/software/Sztfrator_NET_BSP\libhal_bsp.a(alt_open.o)
 .data          0x00203f7c        0x0 ../../Desktop/Repozytorium/SzyfratorCopy/Szyfrator_v2/software/Sztfrator_NET_BSP\libhal_bsp.a(alt_remap_uncached.o)
 .data          0x00203f7c        0x0 ../../Desktop/Repozytorium/SzyfratorCopy/Szyfrator_v2/software/Sztfrator_NET_BSP\libhal_bsp.a(altera_nios2_qsys_irq.o)
 .data          0x00203f7c        0x0 ../../Desktop/Repozytorium/SzyfratorCopy/Szyfrator_v2/software/Sztfrator_NET_BSP\libhal_bsp.a(altera_avalon_performance_counter.o)
 .data          0x00203f7c        0x0 ../../Desktop/Repozytorium/SzyfratorCopy/Szyfrator_v2/software/Sztfrator_NET_BSP\libhal_bsp.a(alt_dcache_flush.o)
 .data          0x00203f7c        0x0 ../../Desktop/Repozytorium/SzyfratorCopy/Szyfrator_v2/software/Sztfrator_NET_BSP\libhal_bsp.a(alt_exception_entry.o)
 .data          0x00203f7c        0x0 ../../Desktop/Repozytorium/SzyfratorCopy/Szyfrator_v2/software/Sztfrator_NET_BSP\libhal_bsp.a(alt_find_file.o)
 .data          0x00203f7c        0x0 ../../Desktop/Repozytorium/SzyfratorCopy/Szyfrator_v2/software/Sztfrator_NET_BSP\libhal_bsp.a(alt_get_fd.o)
 .data          0x00203f7c        0x0 ../../Desktop/Repozytorium/SzyfratorCopy/Szyfrator_v2/software/Sztfrator_NET_BSP\libhal_bsp.a(alt_icache_flush.o)
 .data          0x00203f7c        0x0 c:/altera/13.1/nios2eds/bin/gnu/h-i686-mingw32/bin/../lib/gcc/nios2-elf/4.7.3/../../../../../H-i686-mingw32/nios2-elf/lib\libc.a(lib_a-atexit.o)
 .data          0x00203f7c        0x0 c:/altera/13.1/nios2eds/bin/gnu/h-i686-mingw32/bin/../lib/gcc/nios2-elf/4.7.3/../../../../../H-i686-mingw32/nios2-elf/lib\libc.a(lib_a-exit.o)
 .data          0x00203f7c        0x0 c:/altera/13.1/nios2eds/bin/gnu/h-i686-mingw32/bin/../lib/gcc/nios2-elf/4.7.3/../../../../../H-i686-mingw32/nios2-elf/lib\libc.a(lib_a-memcmp.o)
 .data          0x00203f7c        0x0 c:/altera/13.1/nios2eds/bin/gnu/h-i686-mingw32/bin/../lib/gcc/nios2-elf/4.7.3/../../../../../H-i686-mingw32/nios2-elf/lib\libc.a(lib_a-__atexit.o)
 .data          0x00203f7c        0x0 c:/altera/13.1/nios2eds/bin/gnu/h-i686-mingw32/bin/../lib/gcc/nios2-elf/4.7.3/../../../../../H-i686-mingw32/nios2-elf/lib\libc.a(lib_a-__call_atexit.o)
 .data          0x00203f7c        0x0 c:/altera/13.1/nios2eds/bin/gnu/h-i686-mingw32/bin/../lib/gcc/nios2-elf/4.7.3\libgcc.a(_floatundidf.o)
 .data          0x00203f7c        0x0 ../../Desktop/Repozytorium/SzyfratorCopy/Szyfrator_v2/software/Sztfrator_NET_BSP\libhal_bsp.a(alt_exit.o)
                0x0020bf7c                _gp = ABSOLUTE ((. + 0x8000))
                0x0020bf7c                PROVIDE (gp, _gp)
 *(.rwdata .rwdata.*)
 *(.sdata .sdata.* .gnu.linkonce.s.*)
 .sdata         0x00203f7c       0x20 obj/default/Net_szyfr.o
                0x00203f7c                triple
                0x00203f80                triple1
                0x00203f84                key11
                0x00203f88                key12
                0x00203f8c                key21
                0x00203f90                key22
                0x00203f94                key31
                0x00203f98                key32
 .sdata         0x00203f9c        0x8 obj/default/src/core/ipv4/ip_addr.o
                0x00203f9c                ip_addr_any
                0x00203fa0                ip_addr_broadcast
 .sdata         0x00203fa4       0x10 obj/default/src/core/tcp.o
                0x00203fa4                tcp_persist_backoff
 .sdata         0x00203fb4        0xc obj/default/src/netif/etharp.o
                0x00203fb4                ethbroadcast
                0x00203fba                ethzero
 .sdata         0x00203fc0        0x4 c:/altera/13.1/nios2eds/bin/gnu/h-i686-mingw32/bin/../lib/gcc/nios2-elf/4.7.3/../../../../../H-i686-mingw32/nios2-elf/lib\libc.a(lib_a-ctype_.o)
                0x00203fc0                __ctype_ptr
 .sdata         0x00203fc4        0x8 c:/altera/13.1/nios2eds/bin/gnu/h-i686-mingw32/bin/../lib/gcc/nios2-elf/4.7.3/../../../../../H-i686-mingw32/nios2-elf/lib\libc.a(lib_a-impure.o)
                0x00203fc4                _global_impure_ptr
                0x00203fc8                _impure_ptr
 .sdata         0x00203fcc        0x4 c:/altera/13.1/nios2eds/bin/gnu/h-i686-mingw32/bin/../lib/gcc/nios2-elf/4.7.3/../../../../../H-i686-mingw32/nios2-elf/lib\libc.a(lib_a-locale.o)
                0x00203fcc                __mb_cur_max
 .sdata         0x00203fd0        0x8 c:/altera/13.1/nios2eds/bin/gnu/h-i686-mingw32/bin/../lib/gcc/nios2-elf/4.7.3/../../../../../H-i686-mingw32/nios2-elf/lib\libc.a(lib_a-mallocr.o)
                0x00203fd0                __malloc_sbrk_base
                0x00203fd4                __malloc_trim_threshold